Archive member included to satisfy reference by file (symbol)

/opt/st/stm32cubeide_1.4.0/plugins/com.st.stm32cube.ide.mcu.externaltools.gnu-tools-for-stm32.7-2018-q2-update.linux64_1.4.0.202007081208/tools/bin/../lib/gcc/arm-none-eabi/7.3.1/../../../../arm-none-eabi/lib/thumb/v7e-m/fpv4-sp/hard/libc_nano.a(lib_a-errno.o)
                              Core/Src/syscalls.o (__errno)
/opt/st/stm32cubeide_1.4.0/plugins/com.st.stm32cube.ide.mcu.externaltools.gnu-tools-for-stm32.7-2018-q2-update.linux64_1.4.0.202007081208/tools/bin/../lib/gcc/arm-none-eabi/7.3.1/../../../../arm-none-eabi/lib/thumb/v7e-m/fpv4-sp/hard/libc_nano.a(lib_a-exit.o)
                              /opt/st/stm32cubeide_1.4.0/plugins/com.st.stm32cube.ide.mcu.externaltools.gnu-tools-for-stm32.7-2018-q2-update.linux64_1.4.0.202007081208/tools/bin/../lib/gcc/arm-none-eabi/7.3.1/../../../../arm-none-eabi/lib/thumb/v7e-m/fpv4-sp/hard/crt0.o (exit)
/opt/st/stm32cubeide_1.4.0/plugins/com.st.stm32cube.ide.mcu.externaltools.gnu-tools-for-stm32.7-2018-q2-update.linux64_1.4.0.202007081208/tools/bin/../lib/gcc/arm-none-eabi/7.3.1/../../../../arm-none-eabi/lib/thumb/v7e-m/fpv4-sp/hard/libc_nano.a(lib_a-impure.o)
                              /opt/st/stm32cubeide_1.4.0/plugins/com.st.stm32cube.ide.mcu.externaltools.gnu-tools-for-stm32.7-2018-q2-update.linux64_1.4.0.202007081208/tools/bin/../lib/gcc/arm-none-eabi/7.3.1/../../../../arm-none-eabi/lib/thumb/v7e-m/fpv4-sp/hard/libc_nano.a(lib_a-exit.o) (_global_impure_ptr)
/opt/st/stm32cubeide_1.4.0/plugins/com.st.stm32cube.ide.mcu.externaltools.gnu-tools-for-stm32.7-2018-q2-update.linux64_1.4.0.202007081208/tools/bin/../lib/gcc/arm-none-eabi/7.3.1/../../../../arm-none-eabi/lib/thumb/v7e-m/fpv4-sp/hard/libc_nano.a(lib_a-init.o)
                              /opt/st/stm32cubeide_1.4.0/plugins/com.st.stm32cube.ide.mcu.externaltools.gnu-tools-for-stm32.7-2018-q2-update.linux64_1.4.0.202007081208/tools/bin/../lib/gcc/arm-none-eabi/7.3.1/../../../../arm-none-eabi/lib/thumb/v7e-m/fpv4-sp/hard/crt0.o (__libc_init_array)
/opt/st/stm32cubeide_1.4.0/plugins/com.st.stm32cube.ide.mcu.externaltools.gnu-tools-for-stm32.7-2018-q2-update.linux64_1.4.0.202007081208/tools/bin/../lib/gcc/arm-none-eabi/7.3.1/../../../../arm-none-eabi/lib/thumb/v7e-m/fpv4-sp/hard/libc_nano.a(lib_a-memcmp.o)
                              common/ThirdParty/SEGGER/OS/SEGGER_SYSVIEW_FreeRTOS.o (memcmp)
/opt/st/stm32cubeide_1.4.0/plugins/com.st.stm32cube.ide.mcu.externaltools.gnu-tools-for-stm32.7-2018-q2-update.linux64_1.4.0.202007081208/tools/bin/../lib/gcc/arm-none-eabi/7.3.1/../../../../arm-none-eabi/lib/thumb/v7e-m/fpv4-sp/hard/libc_nano.a(lib_a-memcpy-stub.o)
                              common/ThirdParty/FreeRTOS/queue.o (memcpy)
/opt/st/stm32cubeide_1.4.0/plugins/com.st.stm32cube.ide.mcu.externaltools.gnu-tools-for-stm32.7-2018-q2-update.linux64_1.4.0.202007081208/tools/bin/../lib/gcc/arm-none-eabi/7.3.1/../../../../arm-none-eabi/lib/thumb/v7e-m/fpv4-sp/hard/libc_nano.a(lib_a-memset.o)
                              /opt/st/stm32cubeide_1.4.0/plugins/com.st.stm32cube.ide.mcu.externaltools.gnu-tools-for-stm32.7-2018-q2-update.linux64_1.4.0.202007081208/tools/bin/../lib/gcc/arm-none-eabi/7.3.1/../../../../arm-none-eabi/lib/thumb/v7e-m/fpv4-sp/hard/crt0.o (memset)
/opt/st/stm32cubeide_1.4.0/plugins/com.st.stm32cube.ide.mcu.externaltools.gnu-tools-for-stm32.7-2018-q2-update.linux64_1.4.0.202007081208/tools/bin/../lib/gcc/arm-none-eabi/7.3.1/../../../../arm-none-eabi/lib/thumb/v7e-m/fpv4-sp/hard/libc_nano.a(lib_a-strlen.o)
                              common/ThirdParty/SEGGER/SEGGER/SEGGER_RTT.o (strlen)
/opt/st/stm32cubeide_1.4.0/plugins/com.st.stm32cube.ide.mcu.externaltools.gnu-tools-for-stm32.7-2018-q2-update.linux64_1.4.0.202007081208/tools/bin/../lib/gcc/arm-none-eabi/7.3.1/thumb/v7e-m/fpv4-sp/hard/libgcc.a(_aeabi_uldivmod.o)
                              Drivers/STM32F4xx_HAL_Driver/Src/stm32f4xx_hal_rcc.o (__aeabi_uldivmod)
/opt/st/stm32cubeide_1.4.0/plugins/com.st.stm32cube.ide.mcu.externaltools.gnu-tools-for-stm32.7-2018-q2-update.linux64_1.4.0.202007081208/tools/bin/../lib/gcc/arm-none-eabi/7.3.1/thumb/v7e-m/fpv4-sp/hard/libgcc.a(_udivmoddi4.o)
                              /opt/st/stm32cubeide_1.4.0/plugins/com.st.stm32cube.ide.mcu.externaltools.gnu-tools-for-stm32.7-2018-q2-update.linux64_1.4.0.202007081208/tools/bin/../lib/gcc/arm-none-eabi/7.3.1/thumb/v7e-m/fpv4-sp/hard/libgcc.a(_aeabi_uldivmod.o) (__udivmoddi4)
/opt/st/stm32cubeide_1.4.0/plugins/com.st.stm32cube.ide.mcu.externaltools.gnu-tools-for-stm32.7-2018-q2-update.linux64_1.4.0.202007081208/tools/bin/../lib/gcc/arm-none-eabi/7.3.1/thumb/v7e-m/fpv4-sp/hard/libgcc.a(_dvmd_tls.o)
                              /opt/st/stm32cubeide_1.4.0/plugins/com.st.stm32cube.ide.mcu.externaltools.gnu-tools-for-stm32.7-2018-q2-update.linux64_1.4.0.202007081208/tools/bin/../lib/gcc/arm-none-eabi/7.3.1/thumb/v7e-m/fpv4-sp/hard/libgcc.a(_aeabi_uldivmod.o) (__aeabi_ldiv0)

Allocating common symbols
[...]
Memory Configuration

Name             Origin             Length             Attributes
RAM              0x0000000020000000 0x0000000000020000 xrw
FLASH            0x0000000008000000 0x0000000000080000 xr
*default*        0x0000000000000000 0xffffffffffffffff

Linker script and memory map

LOAD /opt/st/stm32cubeide_1.4.0/plugins/com.st.stm32cube.ide.mcu.externaltools.gnu-tools-for-stm32.7-2018-q2-update.linux64_1.4.0.202007081208/tools/bin/../lib/gcc/arm-none-eabi/7.3.1/thumb/v7e-m/fpv4-sp/hard/crti.o
LOAD /opt/st/stm32cubeide_1.4.0/plugins/com.st.stm32cube.ide.mcu.externaltools.gnu-tools-for-stm32.7-2018-q2-update.linux64_1.4.0.202007081208/tools/bin/../lib/gcc/arm-none-eabi/7.3.1/thumb/v7e-m/fpv4-sp/hard/crtbegin.o
LOAD /opt/st/stm32cubeide_1.4.0/plugins/com.st.stm32cube.ide.mcu.externaltools.gnu-tools-for-stm32.7-2018-q2-update.linux64_1.4.0.202007081208/tools/bin/../lib/gcc/arm-none-eabi/7.3.1/../../../../arm-none-eabi/lib/thumb/v7e-m/fpv4-sp/hard/crt0.o
LOAD Core/Src/main.o
LOAD Core/Src/stm32f4xx_hal_msp.o
LOAD Core/Src/stm32f4xx_hal_timebase_tim.o
LOAD Core/Src/stm32f4xx_it.o
LOAD Core/Src/syscalls.o
LOAD Core/Src/sysmem.o
LOAD Core/Src/system_stm32f4xx.o
LOAD Core/Startup/startup_stm32f411retx.o
LOAD Drivers/STM32F4xx_HAL_Driver/Src/stm32f4xx_hal.o
LOAD Drivers/STM32F4xx_HAL_Driver/Src/stm32f4xx_hal_cortex.o
LOAD Drivers/STM32F4xx_HAL_Driver/Src/stm32f4xx_hal_dma.o
LOAD Drivers/STM32F4xx_HAL_Driver/Src/stm32f4xx_hal_dma_ex.o
LOAD Drivers/STM32F4xx_HAL_Driver/Src/stm32f4xx_hal_exti.o
LOAD Drivers/STM32F4xx_HAL_Driver/Src/stm32f4xx_hal_flash.o
LOAD Drivers/STM32F4xx_HAL_Driver/Src/stm32f4xx_hal_flash_ex.o
LOAD Drivers/STM32F4xx_HAL_Driver/Src/stm32f4xx_hal_flash_ramfunc.o
LOAD Drivers/STM32F4xx_HAL_Driver/Src/stm32f4xx_hal_gpio.o
LOAD Drivers/STM32F4xx_HAL_Driver/Src/stm32f4xx_hal_pwr.o
LOAD Drivers/STM32F4xx_HAL_Driver/Src/stm32f4xx_hal_pwr_ex.o
LOAD Drivers/STM32F4xx_HAL_Driver/Src/stm32f4xx_hal_rcc.o
LOAD Drivers/STM32F4xx_HAL_Driver/Src/stm32f4xx_hal_rcc_ex.o
LOAD Drivers/STM32F4xx_HAL_Driver/Src/stm32f4xx_hal_tim.o
LOAD Drivers/STM32F4xx_HAL_Driver/Src/stm32f4xx_hal_tim_ex.o
LOAD Drivers/STM32F4xx_HAL_Driver/Src/stm32f4xx_hal_uart.o
LOAD common/ThirdParty/FreeRTOS/croutine.o
LOAD common/ThirdParty/FreeRTOS/event_groups.o
LOAD common/ThirdParty/FreeRTOS/list.o
LOAD common/ThirdParty/FreeRTOS/queue.o
LOAD common/ThirdParty/FreeRTOS/stream_buffer.o
LOAD common/ThirdParty/FreeRTOS/tasks.o
LOAD common/ThirdParty/FreeRTOS/timers.o
LOAD common/ThirdParty/FreeRTOS/portable/GCC/ARM_CM4F/port.o
LOAD common/ThirdParty/FreeRTOS/portable/MemMang/heap_4.o
LOAD common/ThirdParty/SEGGER/Config/SEGGER_SYSVIEW_Config_FreeRTOS.o
LOAD common/ThirdParty/SEGGER/OS/SEGGER_SYSVIEW_FreeRTOS.o
LOAD common/ThirdParty/SEGGER/Rec/segger_uart.o
LOAD common/ThirdParty/SEGGER/SEGGER/SEGGER_RTT.o
LOAD common/ThirdParty/SEGGER/SEGGER/SEGGER_RTT_ASM_ARMv7M.o
LOAD common/ThirdParty/SEGGER/SEGGER/SEGGER_RTT_printf.o
LOAD common/ThirdParty/SEGGER/SEGGER/SEGGER_SYSVIEW.o
LOAD common/ThirdParty/SEGGER/SEGGER/Syscalls/SEGGER_RTT_Syscalls_GCC.o
START GROUP
LOAD /opt/st/stm32cubeide_1.4.0/plugins/com.st.stm32cube.ide.mcu.externaltools.gnu-tools-for-stm32.7-2018-q2-update.linux64_1.4.0.202007081208/tools/bin/../lib/gcc/arm-none-eabi/7.3.1/../../../../arm-none-eabi/lib/thumb/v7e-m/fpv4-sp/hard/libc_nano.a
LOAD /opt/st/stm32cubeide_1.4.0/plugins/com.st.stm32cube.ide.mcu.externaltools.gnu-tools-for-stm32.7-2018-q2-update.linux64_1.4.0.202007081208/tools/bin/../lib/gcc/arm-none-eabi/7.3.1/../../../../arm-none-eabi/lib/thumb/v7e-m/fpv4-sp/hard/libm.a
END GROUP
START GROUP
LOAD /opt/st/stm32cubeide_1.4.0/plugins/com.st.stm32cube.ide.mcu.externaltools.gnu-tools-for-stm32.7-2018-q2-update.linux64_1.4.0.202007081208/tools/bin/../lib/gcc/arm-none-eabi/7.3.1/thumb/v7e-m/fpv4-sp/hard/libgcc.a
LOAD /opt/st/stm32cubeide_1.4.0/plugins/com.st.stm32cube.ide.mcu.externaltools.gnu-tools-for-stm32.7-2018-q2-update.linux64_1.4.0.202007081208/tools/bin/../lib/gcc/arm-none-eabi/7.3.1/../../../../arm-none-eabi/lib/thumb/v7e-m/fpv4-sp/hard/libc_nano.a
END GROUP
START GROUP
LOAD /opt/st/stm32cubeide_1.4.0/plugins/com.st.stm32cube.ide.mcu.externaltools.gnu-tools-for-stm32.7-2018-q2-update.linux64_1.4.0.202007081208/tools/bin/../lib/gcc/arm-none-eabi/7.3.1/thumb/v7e-m/fpv4-sp/hard/libgcc.a
LOAD /opt/st/stm32cubeide_1.4.0/plugins/com.st.stm32cube.ide.mcu.externaltools.gnu-tools-for-stm32.7-2018-q2-update.linux64_1.4.0.202007081208/tools/bin/../lib/gcc/arm-none-eabi/7.3.1/../../../../arm-none-eabi/lib/thumb/v7e-m/fpv4-sp/hard/libc_nano.a
LOAD /opt/st/stm32cubeide_1.4.0/plugins/com.st.stm32cube.ide.mcu.externaltools.gnu-tools-for-stm32.7-2018-q2-update.linux64_1.4.0.202007081208/tools/bin/../lib/gcc/arm-none-eabi/7.3.1/../../../../arm-none-eabi/lib/thumb/v7e-m/fpv4-sp/hard/libnosys.a
END GROUP
START GROUP
LOAD /opt/st/stm32cubeide_1.4.0/plugins/com.st.stm32cube.ide.mcu.externaltools.gnu-tools-for-stm32.7-2018-q2-update.linux64_1.4.0.202007081208/tools/bin/../lib/gcc/arm-none-eabi/7.3.1/thumb/v7e-m/fpv4-sp/hard/libgcc.a
LOAD /opt/st/stm32cubeide_1.4.0/plugins/com.st.stm32cube.ide.mcu.externaltools.gnu-tools-for-stm32.7-2018-q2-update.linux64_1.4.0.202007081208/tools/bin/../lib/gcc/arm-none-eabi/7.3.1/../../../../arm-none-eabi/lib/thumb/v7e-m/fpv4-sp/hard/libc_nano.a
LOAD /opt/st/stm32cubeide_1.4.0/plugins/com.st.stm32cube.ide.mcu.externaltools.gnu-tools-for-stm32.7-2018-q2-update.linux64_1.4.0.202007081208/tools/bin/../lib/gcc/arm-none-eabi/7.3.1/../../../../arm-none-eabi/lib/thumb/v7e-m/fpv4-sp/hard/libnosys.a
END GROUP
LOAD /opt/st/stm32cubeide_1.4.0/plugins/com.st.stm32cube.ide.mcu.externaltools.gnu-tools-for-stm32.7-2018-q2-update.linux64_1.4.0.202007081208/tools/bin/../lib/gcc/arm-none-eabi/7.3.1/thumb/v7e-m/fpv4-sp/hard/crtend.o
LOAD /opt/st/stm32cubeide_1.4.0/plugins/com.st.stm32cube.ide.mcu.externaltools.gnu-tools-for-stm32.7-2018-q2-update.linux64_1.4.0.202007081208/tools/bin/../lib/gcc/arm-none-eabi/7.3.1/thumb/v7e-m/fpv4-sp/hard/crtn.o
                0x0000000020020000                _estack = (ORIGIN (RAM) + LENGTH (RAM))
                0x0000000000000200                _Min_Heap_Size = 0x200
                0x0000000000000400                _Min_Stack_Size = 0x400

.isr_vector     0x0000000008000000      0x198
                0x0000000008000000                . = ALIGN (0x4)
 *(.isr_vector)
 .isr_vector    0x0000000008000000      0x198 Core/Startup/startup_stm32f411retx.o
                0x0000000008000000                g_pfnVectors
                0x0000000008000198                . = ALIGN (0x4)

.text           0x00000000080001a0     0x5aa4
                0x00000000080001a0                . = ALIGN (0x4)
 *(.text)
 .text          0x00000000080001a0       0x40 /opt/st/stm32cubeide_1.4.0/plugins/com.st.stm32cube.ide.mcu.externaltools.gnu-tools-for-stm32.7-2018-q2-update.linux64_1.4.0.202007081208/tools/bin/../lib/gcc/arm-none-eabi/7.3.1/thumb/v7e-m/fpv4-sp/hard/crtbegin.o
 .text          0x00000000080001e0       0x94 common/ThirdParty/SEGGER/SEGGER/SEGGER_RTT_ASM_ARMv7M.o
                0x00000000080001e0                SEGGER_RTT_ASM_WriteSkipNoLock
 .text          0x0000000008000274       0x30 /opt/st/stm32cubeide_1.4.0/plugins/com.st.stm32cube.ide.mcu.externaltools.gnu-tools-for-stm32.7-2018-q2-update.linux64_1.4.0.202007081208/tools/bin/../lib/gcc/arm-none-eabi/7.3.1/thumb/v7e-m/fpv4-sp/hard/libgcc.a(_aeabi_uldivmod.o)
                0x0000000008000274                __aeabi_uldivmod
 .text          0x00000000080002a4      0x2cc /opt/st/stm32cubeide_1.4.0/plugins/com.st.stm32cube.ide.mcu.externaltools.gnu-tools-for-stm32.7-2018-q2-update.linux64_1.4.0.202007081208/tools/bin/../lib/gcc/arm-none-eabi/7.3.1/thumb/v7e-m/fpv4-sp/hard/libgcc.a(_udivmoddi4.o)
                0x00000000080002a4                __udivmoddi4
 .text          0x0000000008000570        0x4 /opt/st/stm32cubeide_1.4.0/plugins/com.st.stm32cube.ide.mcu.externaltools.gnu-tools-for-stm32.7-2018-q2-update.linux64_1.4.0.202007081208/tools/bin/../lib/gcc/arm-none-eabi/7.3.1/thumb/v7e-m/fpv4-sp/hard/libgcc.a(_dvmd_tls.o)
                0x0000000008000570                __aeabi_ldiv0
                0x0000000008000570                __aeabi_idiv0
 *(.text*)
 .text.main     0x0000000008000574       0xe0 Core/Src/main.o
                0x0000000008000574                main
 .text.SystemClock_Config
                0x0000000008000654       0xd0 Core/Src/main.o
                0x0000000008000654                SystemClock_Config
 .text.MX_USART2_UART_Init
                0x0000000008000724       0x58 Core/Src/main.o
 .text.MX_GPIO_Init
                0x000000000800077c      0x10c Core/Src/main.o
 .text.led1_handler
                0x0000000008000888       0x2c Core/Src/main.o
 .text.led2_handler
                0x00000000080008b4       0x2c Core/Src/main.o
 .text.led3_handler
                0x00000000080008e0       0x2c Core/Src/main.o
 .text.vApplicationIdleHook
                0x000000000800090c       0x10 Core/Src/main.o
                0x000000000800090c                vApplicationIdleHook
 .text.HAL_TIM_PeriodElapsedCallback
                0x000000000800091c       0x24 Core/Src/main.o
                0x000000000800091c                HAL_TIM_PeriodElapsedCallback
 .text.Error_Handler
                0x0000000008000940        0xe Core/Src/main.o
                0x0000000008000940                Error_Handler
 *fill*         0x000000000800094e        0x2 
 .text.HAL_MspInit
                0x0000000008000950       0x50 Core/Src/stm32f4xx_hal_msp.o
                0x0000000008000950                HAL_MspInit
 .text.HAL_UART_MspInit
                0x00000000080009a0       0x90 Core/Src/stm32f4xx_hal_msp.o
                0x00000000080009a0                HAL_UART_MspInit
 .text.HAL_InitTick
                0x0000000008000a30       0xb4 Core/Src/stm32f4xx_hal_timebase_tim.o
                0x0000000008000a30                HAL_InitTick
 .text.NMI_Handler
                0x0000000008000ae4        0xe Core/Src/stm32f4xx_it.o
                0x0000000008000ae4                NMI_Handler
 .text.HardFault_Handler
                0x0000000008000af2        0x6 Core/Src/stm32f4xx_it.o
                0x0000000008000af2                HardFault_Handler
 .text.MemManage_Handler
                0x0000000008000af8        0x6 Core/Src/stm32f4xx_it.o
                0x0000000008000af8                MemManage_Handler
 .text.BusFault_Handler
                0x0000000008000afe        0x6 Core/Src/stm32f4xx_it.o
                0x0000000008000afe                BusFault_Handler
 .text.UsageFault_Handler
                0x0000000008000b04        0x6 Core/Src/stm32f4xx_it.o
                0x0000000008000b04                UsageFault_Handler
 .text.DebugMon_Handler
                0x0000000008000b0a        0xe Core/Src/stm32f4xx_it.o
                0x0000000008000b0a                DebugMon_Handler
 .text.TIM5_IRQHandler
                0x0000000008000b18       0x14 Core/Src/stm32f4xx_it.o
                0x0000000008000b18                TIM5_IRQHandler
 .text.SystemInit
                0x0000000008000b2c       0x2c Core/Src/system_stm32f4xx.o
                0x0000000008000b2c                SystemInit
 .text.Reset_Handler
                0x0000000008000b58       0x50 Core/Startup/startup_stm32f411retx.o
                0x0000000008000b58                Reset_Handler
 .text.Default_Handler
                0x0000000008000ba8        0x2 Core/Startup/startup_stm32f411retx.o
                0x0000000008000ba8                RTC_Alarm_IRQHandler
                0x0000000008000ba8                EXTI2_IRQHandler
                0x0000000008000ba8                SPI4_IRQHandler
                0x0000000008000ba8                TIM1_CC_IRQHandler
                0x0000000008000ba8                DMA2_Stream5_IRQHandler
                0x0000000008000ba8                DMA1_Stream5_IRQHandler
                0x0000000008000ba8                PVD_IRQHandler
                0x0000000008000ba8                SDIO_IRQHandler
                0x0000000008000ba8                TAMP_STAMP_IRQHandler
                0x0000000008000ba8                EXTI3_IRQHandler
                0x0000000008000ba8                TIM1_UP_TIM10_IRQHandler
                0x0000000008000ba8                I2C3_ER_IRQHandler
                0x0000000008000ba8                EXTI0_IRQHandler
                0x0000000008000ba8                I2C2_EV_IRQHandler
                0x0000000008000ba8                DMA1_Stream2_IRQHandler
                0x0000000008000ba8                FPU_IRQHandler
                0x0000000008000ba8                DMA2_Stream2_IRQHandler
                0x0000000008000ba8                SPI1_IRQHandler
                0x0000000008000ba8                TIM1_BRK_TIM9_IRQHandler
                0x0000000008000ba8                DMA2_Stream3_IRQHandler
                0x0000000008000ba8                USART6_IRQHandler
                0x0000000008000ba8                DMA2_Stream0_IRQHandler
                0x0000000008000ba8                TIM4_IRQHandler
                0x0000000008000ba8                I2C1_EV_IRQHandler
                0x0000000008000ba8                DMA1_Stream6_IRQHandler
                0x0000000008000ba8                DMA1_Stream1_IRQHandler
                0x0000000008000ba8                TIM3_IRQHandler
                0x0000000008000ba8                RCC_IRQHandler
                0x0000000008000ba8                Default_Handler
                0x0000000008000ba8                EXTI15_10_IRQHandler
                0x0000000008000ba8                ADC_IRQHandler
                0x0000000008000ba8                DMA1_Stream7_IRQHandler
                0x0000000008000ba8                SPI5_IRQHandler
                0x0000000008000ba8                DMA2_Stream7_IRQHandler
                0x0000000008000ba8                I2C3_EV_IRQHandler
                0x0000000008000ba8                EXTI9_5_IRQHandler
                0x0000000008000ba8                RTC_WKUP_IRQHandler
                0x0000000008000ba8                SPI2_IRQHandler
                0x0000000008000ba8                DMA1_Stream0_IRQHandler
                0x0000000008000ba8                EXTI4_IRQHandler
                0x0000000008000ba8                WWDG_IRQHandler
                0x0000000008000ba8                TIM2_IRQHandler
                0x0000000008000ba8                OTG_FS_WKUP_IRQHandler
                0x0000000008000ba8                TIM1_TRG_COM_TIM11_IRQHandler
                0x0000000008000ba8                EXTI1_IRQHandler
                0x0000000008000ba8                I2C2_ER_IRQHandler
                0x0000000008000ba8                DMA2_Stream1_IRQHandler
                0x0000000008000ba8                FLASH_IRQHandler
                0x0000000008000ba8                DMA2_Stream4_IRQHandler
                0x0000000008000ba8                USART1_IRQHandler
                0x0000000008000ba8                OTG_FS_IRQHandler
                0x0000000008000ba8                SPI3_IRQHandler
                0x0000000008000ba8                DMA1_Stream4_IRQHandler
                0x0000000008000ba8                I2C1_ER_IRQHandler
                0x0000000008000ba8                DMA2_Stream6_IRQHandler
                0x0000000008000ba8                DMA1_Stream3_IRQHandler
 *fill*         0x0000000008000baa        0x2 
 .text.HAL_Init
                0x0000000008000bac       0x44 Drivers/STM32F4xx_HAL_Driver/Src/stm32f4xx_hal.o
                0x0000000008000bac                HAL_Init
 .text.HAL_IncTick
                0x0000000008000bf0       0x28 Drivers/STM32F4xx_HAL_Driver/Src/stm32f4xx_hal.o
                0x0000000008000bf0                HAL_IncTick
 .text.HAL_GetTick
                0x0000000008000c18       0x18 Drivers/STM32F4xx_HAL_Driver/Src/stm32f4xx_hal.o
                0x0000000008000c18                HAL_GetTick
 .text.__NVIC_SetPriorityGrouping
                0x0000000008000c30       0x48 Drivers/STM32F4xx_HAL_Driver/Src/stm32f4xx_hal_cortex.o
 .text.__NVIC_GetPriorityGrouping
                0x0000000008000c78       0x1c Drivers/STM32F4xx_HAL_Driver/Src/stm32f4xx_hal_cortex.o
 .text.__NVIC_EnableIRQ
                0x0000000008000c94       0x3c Drivers/STM32F4xx_HAL_Driver/Src/stm32f4xx_hal_cortex.o
 .text.__NVIC_SetPriority
                0x0000000008000cd0       0x54 Drivers/STM32F4xx_HAL_Driver/Src/stm32f4xx_hal_cortex.o
 .text.NVIC_EncodePriority
                0x0000000008000d24       0x66 Drivers/STM32F4xx_HAL_Driver/Src/stm32f4xx_hal_cortex.o
 .text.HAL_NVIC_SetPriorityGrouping
                0x0000000008000d8a       0x16 Drivers/STM32F4xx_HAL_Driver/Src/stm32f4xx_hal_cortex.o
                0x0000000008000d8a                HAL_NVIC_SetPriorityGrouping
 .text.HAL_NVIC_SetPriority
                0x0000000008000da0       0x38 Drivers/STM32F4xx_HAL_Driver/Src/stm32f4xx_hal_cortex.o
                0x0000000008000da0                HAL_NVIC_SetPriority
 .text.HAL_NVIC_EnableIRQ
                0x0000000008000dd8       0x1c Drivers/STM32F4xx_HAL_Driver/Src/stm32f4xx_hal_cortex.o
                0x0000000008000dd8                HAL_NVIC_EnableIRQ
 .text.HAL_GPIO_Init
                0x0000000008000df4      0x304 Drivers/STM32F4xx_HAL_Driver/Src/stm32f4xx_hal_gpio.o
                0x0000000008000df4                HAL_GPIO_Init
 .text.HAL_GPIO_WritePin
                0x00000000080010f8       0x32 Drivers/STM32F4xx_HAL_Driver/Src/stm32f4xx_hal_gpio.o
                0x00000000080010f8                HAL_GPIO_WritePin
 .text.HAL_GPIO_TogglePin
                0x000000000800112a       0x36 Drivers/STM32F4xx_HAL_Driver/Src/stm32f4xx_hal_gpio.o
                0x000000000800112a                HAL_GPIO_TogglePin
 .text.HAL_PWR_EnterSLEEPMode
                0x0000000008001160       0x38 Drivers/STM32F4xx_HAL_Driver/Src/stm32f4xx_hal_pwr.o
                0x0000000008001160                HAL_PWR_EnterSLEEPMode
 .text.HAL_RCC_OscConfig
                0x0000000008001198      0x4e0 Drivers/STM32F4xx_HAL_Driver/Src/stm32f4xx_hal_rcc.o
                0x0000000008001198                HAL_RCC_OscConfig
 .text.HAL_RCC_ClockConfig
                0x0000000008001678      0x1cc Drivers/STM32F4xx_HAL_Driver/Src/stm32f4xx_hal_rcc.o
                0x0000000008001678                HAL_RCC_ClockConfig
 .text.HAL_RCC_GetSysClockFreq
                0x0000000008001844      0x1b0 Drivers/STM32F4xx_HAL_Driver/Src/stm32f4xx_hal_rcc.o
                0x0000000008001844                HAL_RCC_GetSysClockFreq
 .text.HAL_RCC_GetHCLKFreq
                0x00000000080019f4       0x18 Drivers/STM32F4xx_HAL_Driver/Src/stm32f4xx_hal_rcc.o
                0x00000000080019f4                HAL_RCC_GetHCLKFreq
 .text.HAL_RCC_GetPCLK1Freq
                0x0000000008001a0c       0x28 Drivers/STM32F4xx_HAL_Driver/Src/stm32f4xx_hal_rcc.o
                0x0000000008001a0c                HAL_RCC_GetPCLK1Freq
 .text.HAL_RCC_GetPCLK2Freq
                0x0000000008001a34       0x28 Drivers/STM32F4xx_HAL_Driver/Src/stm32f4xx_hal_rcc.o
                0x0000000008001a34                HAL_RCC_GetPCLK2Freq
 .text.HAL_RCC_GetClockConfig
                0x0000000008001a5c       0x64 Drivers/STM32F4xx_HAL_Driver/Src/stm32f4xx_hal_rcc.o
                0x0000000008001a5c                HAL_RCC_GetClockConfig
 .text.HAL_TIM_Base_Init
                0x0000000008001ac0       0x56 Drivers/STM32F4xx_HAL_Driver/Src/stm32f4xx_hal_tim.o
                0x0000000008001ac0                HAL_TIM_Base_Init
 .text.HAL_TIM_Base_MspInit
                0x0000000008001b16       0x14 Drivers/STM32F4xx_HAL_Driver/Src/stm32f4xx_hal_tim.o
                0x0000000008001b16                HAL_TIM_Base_MspInit
 .text.HAL_TIM_Base_Start_IT
                0x0000000008001b2a       0x48 Drivers/STM32F4xx_HAL_Driver/Src/stm32f4xx_hal_tim.o
                0x0000000008001b2a                HAL_TIM_Base_Start_IT
 .text.HAL_TIM_IRQHandler
                0x0000000008001b72      0x210 Drivers/STM32F4xx_HAL_Driver/Src/stm32f4xx_hal_tim.o
                0x0000000008001b72                HAL_TIM_IRQHandler
 .text.HAL_TIM_OC_DelayElapsedCallback
                0x0000000008001d82       0x14 Drivers/STM32F4xx_HAL_Driver/Src/stm32f4xx_hal_tim.o
                0x0000000008001d82                HAL_TIM_OC_DelayElapsedCallback
 .text.HAL_TIM_IC_CaptureCallback
                0x0000000008001d96       0x14 Drivers/STM32F4xx_HAL_Driver/Src/stm32f4xx_hal_tim.o
                0x0000000008001d96                HAL_TIM_IC_CaptureCallback
 .text.HAL_TIM_PWM_PulseFinishedCallback
                0x0000000008001daa       0x14 Drivers/STM32F4xx_HAL_Driver/Src/stm32f4xx_hal_tim.o
                0x0000000008001daa                HAL_TIM_PWM_PulseFinishedCallback
 .text.HAL_TIM_TriggerCallback
                0x0000000008001dbe       0x14 Drivers/STM32F4xx_HAL_Driver/Src/stm32f4xx_hal_tim.o
                0x0000000008001dbe                HAL_TIM_TriggerCallback
 *fill*         0x0000000008001dd2        0x2 
 .text.TIM_Base_SetConfig
                0x0000000008001dd4      0x100 Drivers/STM32F4xx_HAL_Driver/Src/stm32f4xx_hal_tim.o
                0x0000000008001dd4                TIM_Base_SetConfig
 .text.HAL_TIMEx_CommutCallback
                0x0000000008001ed4       0x14 Drivers/STM32F4xx_HAL_Driver/Src/stm32f4xx_hal_tim_ex.o
                0x0000000008001ed4                HAL_TIMEx_CommutCallback
 .text.HAL_TIMEx_BreakCallback
                0x0000000008001ee8       0x14 Drivers/STM32F4xx_HAL_Driver/Src/stm32f4xx_hal_tim_ex.o
                0x0000000008001ee8                HAL_TIMEx_BreakCallback
 .text.HAL_UART_Init
                0x0000000008001efc       0x9a Drivers/STM32F4xx_HAL_Driver/Src/stm32f4xx_hal_uart.o
                0x0000000008001efc                HAL_UART_Init
 *fill*         0x0000000008001f96        0x2 
 .text.UART_SetConfig
                0x0000000008001f98      0x6f8 Drivers/STM32F4xx_HAL_Driver/Src/stm32f4xx_hal_uart.o
 .text.vListInitialise
                0x0000000008002690       0x40 common/ThirdParty/FreeRTOS/list.o
                0x0000000008002690                vListInitialise
 .text.vListInitialiseItem
                0x00000000080026d0       0x1a common/ThirdParty/FreeRTOS/list.o
                0x00000000080026d0                vListInitialiseItem
 .text.vListInsertEnd
                0x00000000080026ea       0x48 common/ThirdParty/FreeRTOS/list.o
                0x00000000080026ea                vListInsertEnd
 .text.vListInsert
                0x0000000008002732       0x72 common/ThirdParty/FreeRTOS/list.o
                0x0000000008002732                vListInsert
 .text.uxListRemove
                0x00000000080027a4       0x54 common/ThirdParty/FreeRTOS/list.o
                0x00000000080027a4                uxListRemove
 .text.xTaskCreate
                0x00000000080027f8       0x82 common/ThirdParty/FreeRTOS/tasks.o
                0x00000000080027f8                xTaskCreate
 .text.prvInitialiseNewTask
                0x000000000800287a      0x12a common/ThirdParty/FreeRTOS/tasks.o
 .text.prvAddNewTaskToReadyList
                0x00000000080029a4      0x118 common/ThirdParty/FreeRTOS/tasks.o
 .text.vTaskDelay
                0x0000000008002abc       0x70 common/ThirdParty/FreeRTOS/tasks.o
                0x0000000008002abc                vTaskDelay
 .text.vTaskStartScheduler
                0x0000000008002b2c       0xb4 common/ThirdParty/FreeRTOS/tasks.o
                0x0000000008002b2c                vTaskStartScheduler
 .text.vTaskSuspendAll
                0x0000000008002be0       0x1c common/ThirdParty/FreeRTOS/tasks.o
                0x0000000008002be0                vTaskSuspendAll
 .text.xTaskResumeAll
                0x0000000008002bfc      0x140 common/ThirdParty/FreeRTOS/tasks.o
                0x0000000008002bfc                xTaskResumeAll
 .text.xTaskGetTickCountFromISR
                0x0000000008002d3c       0x24 common/ThirdParty/FreeRTOS/tasks.o
                0x0000000008002d3c                xTaskGetTickCountFromISR
 .text.xTaskIncrementTick
                0x0000000008002d60      0x178 common/ThirdParty/FreeRTOS/tasks.o
                0x0000000008002d60                xTaskIncrementTick
 .text.vTaskSwitchContext
                0x0000000008002ed8       0xd0 common/ThirdParty/FreeRTOS/tasks.o
                0x0000000008002ed8                vTaskSwitchContext
 .text.prvIdleTask
                0x0000000008002fa8       0x34 common/ThirdParty/FreeRTOS/tasks.o
 .text.prvInitialiseTaskLists
                0x0000000008002fdc       0x80 common/ThirdParty/FreeRTOS/tasks.o
 .text.prvCheckTasksWaitingTermination
                0x000000000800305c       0x58 common/ThirdParty/FreeRTOS/tasks.o
 .text.prvDeleteTCB
                0x00000000080030b4       0x20 common/ThirdParty/FreeRTOS/tasks.o
 .text.prvResetNextTaskUnblockTime
                0x00000000080030d4       0x38 common/ThirdParty/FreeRTOS/tasks.o
 .text.prvAddCurrentTaskToDelayedList
                0x000000000800310c       0xf0 common/ThirdParty/FreeRTOS/tasks.o
 .text.pxPortInitialiseStack
                0x00000000080031fc       0x68 common/ThirdParty/FreeRTOS/portable/GCC/ARM_CM4F/port.o
                0x00000000080031fc                pxPortInitialiseStack
 .text.prvTaskExitError
                0x0000000008003264       0x54 common/ThirdParty/FreeRTOS/portable/GCC/ARM_CM4F/port.o
 *fill*         0x00000000080032b8        0x8 
 .text.SVC_Handler
                0x00000000080032c0       0x28 common/ThirdParty/FreeRTOS/portable/GCC/ARM_CM4F/port.o
                0x00000000080032c0                SVC_Handler
 .text.prvPortStartFirstTask
                0x00000000080032e8       0x2c common/ThirdParty/FreeRTOS/portable/GCC/ARM_CM4F/port.o
 .text.xPortStartScheduler
                0x0000000008003314      0x13c common/ThirdParty/FreeRTOS/portable/GCC/ARM_CM4F/port.o
                0x0000000008003314                xPortStartScheduler
 .text.vInitPrioGroupValue
                0x0000000008003450       0xf4 common/ThirdParty/FreeRTOS/portable/GCC/ARM_CM4F/port.o
                0x0000000008003450                vInitPrioGroupValue
 .text.vPortEnterCritical
                0x0000000008003544       0x5c common/ThirdParty/FreeRTOS/portable/GCC/ARM_CM4F/port.o
                0x0000000008003544                vPortEnterCritical
 .text.vPortExitCritical
                0x00000000080035a0       0x50 common/ThirdParty/FreeRTOS/portable/GCC/ARM_CM4F/port.o
                0x00000000080035a0                vPortExitCritical
 .text.PendSV_Handler
                0x00000000080035f0       0x68 common/ThirdParty/FreeRTOS/portable/GCC/ARM_CM4F/port.o
                0x00000000080035f0                PendSV_Handler
 .text.SysTick_Handler
                0x0000000008003658       0x50 common/ThirdParty/FreeRTOS/portable/GCC/ARM_CM4F/port.o
                0x0000000008003658                SysTick_Handler
 .text.vPortSetupTimerInterrupt
                0x00000000080036a8       0x48 common/ThirdParty/FreeRTOS/portable/GCC/ARM_CM4F/port.o
                0x00000000080036a8                vPortSetupTimerInterrupt
 .text.vPortEnableVFP
                0x00000000080036f0       0x18 common/ThirdParty/FreeRTOS/portable/GCC/ARM_CM4F/port.o
 .text.vPortValidateInterruptPriority
                0x0000000008003708       0x7c common/ThirdParty/FreeRTOS/portable/GCC/ARM_CM4F/port.o
                0x0000000008003708                vPortValidateInterruptPriority
 .text.pvPortMalloc
                0x0000000008003784      0x1b8 common/ThirdParty/FreeRTOS/portable/MemMang/heap_4.o
                0x0000000008003784                pvPortMalloc
 .text.vPortFree
                0x000000000800393c       0xc0 common/ThirdParty/FreeRTOS/portable/MemMang/heap_4.o
                0x000000000800393c                vPortFree
 .text.prvHeapInit
                0x00000000080039fc       0xc4 common/ThirdParty/FreeRTOS/portable/MemMang/heap_4.o
 .text.prvInsertBlockIntoFreeList
                0x0000000008003ac0       0xb4 common/ThirdParty/FreeRTOS/portable/MemMang/heap_4.o
 .text._cbSendSystemDesc
                0x0000000008003b74       0x1c common/ThirdParty/SEGGER/Config/SEGGER_SYSVIEW_Config_FreeRTOS.o
 .text.SEGGER_SYSVIEW_Conf
                0x0000000008003b90       0x2c common/ThirdParty/SEGGER/Config/SEGGER_SYSVIEW_Config_FreeRTOS.o
                0x0000000008003b90                SEGGER_SYSVIEW_Conf
 .text._cbSendTaskList
                0x0000000008003bbc       0x90 common/ThirdParty/SEGGER/OS/SEGGER_SYSVIEW_FreeRTOS.o
 .text._cbGetTime
                0x0000000008003c4c       0x76 common/ThirdParty/SEGGER/OS/SEGGER_SYSVIEW_FreeRTOS.o
 *fill*         0x0000000008003cc2        0x2 
 .text.SYSVIEW_AddTask
                0x0000000008003cc4       0xd0 common/ThirdParty/SEGGER/OS/SEGGER_SYSVIEW_FreeRTOS.o
                0x0000000008003cc4                SYSVIEW_AddTask
 .text.SYSVIEW_SendTaskInfo
                0x0000000008003d94       0x42 common/ThirdParty/SEGGER/OS/SEGGER_SYSVIEW_FreeRTOS.o
                0x0000000008003d94                SYSVIEW_SendTaskInfo
 *fill*         0x0000000008003dd6        0x2 
 .text.USART2_IRQHandler
                0x0000000008003dd8       0x94 common/ThirdParty/SEGGER/Rec/segger_uart.o
                0x0000000008003dd8                USART2_IRQHandler
 .text.HIF_UART_EnableTXEInterrupt
                0x0000000008003e6c       0x20 common/ThirdParty/SEGGER/Rec/segger_uart.o
                0x0000000008003e6c                HIF_UART_EnableTXEInterrupt
 .text._DoInit  0x0000000008003e8c       0xb4 common/ThirdParty/SEGGER/SEGGER/SEGGER_RTT.o
 .text.SEGGER_RTT_ReadNoLock
                0x0000000008003f40      0x10c common/ThirdParty/SEGGER/SEGGER/SEGGER_RTT.o
                0x0000000008003f40                SEGGER_RTT_ReadNoLock
 .text.SEGGER_RTT_AllocUpBuffer
                0x000000000800404c      0x108 common/ThirdParty/SEGGER/SEGGER/SEGGER_RTT.o
                0x000000000800404c                SEGGER_RTT_AllocUpBuffer
 .text.SEGGER_RTT_ConfigDownBuffer
                0x0000000008004154       0x98 common/ThirdParty/SEGGER/SEGGER/SEGGER_RTT.o
                0x0000000008004154                SEGGER_RTT_ConfigDownBuffer
 .text._EncodeStr
                0x00000000080041ec       0xa0 common/ThirdParty/SEGGER/SEGGER/SEGGER_SYSVIEW.o
 .text._PreparePacket
                0x000000000800428c       0x18 common/ThirdParty/SEGGER/SEGGER/SEGGER_SYSVIEW.o
 .text._HandleIncomingPacket
                0x00000000080042a4       0xd4 common/ThirdParty/SEGGER/SEGGER/SEGGER_SYSVIEW.o
 .text._TrySendOverflowPacket
                0x0000000008004378       0xe8 common/ThirdParty/SEGGER/SEGGER/SEGGER_SYSVIEW.o
 .text._SendPacket
                0x0000000008004460      0x2e0 common/ThirdParty/SEGGER/SEGGER/SEGGER_SYSVIEW.o
 .text._StoreChar
                0x0000000008004740       0xf6 common/ThirdParty/SEGGER/SEGGER/SEGGER_SYSVIEW.o
 *fill*         0x0000000008004836        0x2 
 .text._PrintUnsigned
                0x0000000008004838      0x12c common/ThirdParty/SEGGER/SEGGER/SEGGER_SYSVIEW.o
 .text._PrintInt
                0x0000000008004964      0x11e common/ThirdParty/SEGGER/SEGGER/SEGGER_SYSVIEW.o
 *fill*         0x0000000008004a82        0x2 
 .text._VPrintTarget
                0x0000000008004a84      0x36c common/ThirdParty/SEGGER/SEGGER/SEGGER_SYSVIEW.o
 .text.SEGGER_SYSVIEW_Init
                0x0000000008004df0       0x88 common/ThirdParty/SEGGER/SEGGER/SEGGER_SYSVIEW.o
                0x0000000008004df0                SEGGER_SYSVIEW_Init
 .text.SEGGER_SYSVIEW_SetRAMBase
                0x0000000008004e78       0x20 common/ThirdParty/SEGGER/SEGGER/SEGGER_SYSVIEW.o
                0x0000000008004e78                SEGGER_SYSVIEW_SetRAMBase
 .text.SEGGER_SYSVIEW_RecordVoid
                0x0000000008004e98       0x3c common/ThirdParty/SEGGER/SEGGER/SEGGER_SYSVIEW.o
                0x0000000008004e98                SEGGER_SYSVIEW_RecordVoid
 .text.SEGGER_SYSVIEW_RecordU32
                0x0000000008004ed4       0x78 common/ThirdParty/SEGGER/SEGGER/SEGGER_SYSVIEW.o
                0x0000000008004ed4                SEGGER_SYSVIEW_RecordU32
 .text.SEGGER_SYSVIEW_RecordU32x2
                0x0000000008004f4c       0xb4 common/ThirdParty/SEGGER/SEGGER/SEGGER_SYSVIEW.o
                0x0000000008004f4c                SEGGER_SYSVIEW_RecordU32x2
 .text.SEGGER_SYSVIEW_Start
                0x0000000008005000      0x178 common/ThirdParty/SEGGER/SEGGER/SEGGER_SYSVIEW.o
                0x0000000008005000                SEGGER_SYSVIEW_Start
 .text.SEGGER_SYSVIEW_Stop
                0x0000000008005178       0x4c common/ThirdParty/SEGGER/SEGGER/SEGGER_SYSVIEW.o
                0x0000000008005178                SEGGER_SYSVIEW_Stop
 .text.SEGGER_SYSVIEW_GetSysDesc
                0x00000000080051c4      0x134 common/ThirdParty/SEGGER/SEGGER/SEGGER_SYSVIEW.o
                0x00000000080051c4                SEGGER_SYSVIEW_GetSysDesc
 .text.SEGGER_SYSVIEW_SendTaskInfo
                0x00000000080052f8      0x1c8 common/ThirdParty/SEGGER/SEGGER/SEGGER_SYSVIEW.o
                0x00000000080052f8                SEGGER_SYSVIEW_SendTaskInfo
 .text.SEGGER_SYSVIEW_SendTaskList
                0x00000000080054c0       0x28 common/ThirdParty/SEGGER/SEGGER/SEGGER_SYSVIEW.o
                0x00000000080054c0                SEGGER_SYSVIEW_SendTaskList
 .text.SEGGER_SYSVIEW_SendSysDesc
                0x00000000080054e8       0x48 common/ThirdParty/SEGGER/SEGGER/SEGGER_SYSVIEW.o
                0x00000000080054e8                SEGGER_SYSVIEW_SendSysDesc
 .text.SEGGER_SYSVIEW_RecordSystime
                0x0000000008005530       0x60 common/ThirdParty/SEGGER/SEGGER/SEGGER_SYSVIEW.o
                0x0000000008005530                SEGGER_SYSVIEW_RecordSystime
 .text.SEGGER_SYSVIEW_RecordEnterISR
                0x0000000008005590       0x84 common/ThirdParty/SEGGER/SEGGER/SEGGER_SYSVIEW.o
                0x0000000008005590                SEGGER_SYSVIEW_RecordEnterISR
 .text.SEGGER_SYSVIEW_RecordExitISR
                0x0000000008005614       0x38 common/ThirdParty/SEGGER/SEGGER/SEGGER_SYSVIEW.o
                0x0000000008005614                SEGGER_SYSVIEW_RecordExitISR
 .text.SEGGER_SYSVIEW_RecordExitISRToScheduler
                0x000000000800564c       0x38 common/ThirdParty/SEGGER/SEGGER/SEGGER_SYSVIEW.o
                0x000000000800564c                SEGGER_SYSVIEW_RecordExitISRToScheduler
 .text.SEGGER_SYSVIEW_OnIdle
                0x0000000008005684       0x38 common/ThirdParty/SEGGER/SEGGER/SEGGER_SYSVIEW.o
                0x0000000008005684                SEGGER_SYSVIEW_OnIdle
 .text.SEGGER_SYSVIEW_OnTaskCreate
                0x00000000080056bc       0x84 common/ThirdParty/SEGGER/SEGGER/SEGGER_SYSVIEW.o
                0x00000000080056bc                SEGGER_SYSVIEW_OnTaskCreate
 .text.SEGGER_SYSVIEW_OnTaskStartExec
                0x0000000008005740       0x84 common/ThirdParty/SEGGER/SEGGER/SEGGER_SYSVIEW.o
                0x0000000008005740                SEGGER_SYSVIEW_OnTaskStartExec
 .text.SEGGER_SYSVIEW_OnTaskStartReady
                0x00000000080057c4       0x84 common/ThirdParty/SEGGER/SEGGER/SEGGER_SYSVIEW.o
                0x00000000080057c4                SEGGER_SYSVIEW_OnTaskStartReady
 .text.SEGGER_SYSVIEW_OnTaskStopReady
                0x0000000008005848       0xc0 common/ThirdParty/SEGGER/SEGGER/SEGGER_SYSVIEW.o
                0x0000000008005848                SEGGER_SYSVIEW_OnTaskStopReady
 .text.SEGGER_SYSVIEW_SendModule
                0x0000000008005908      0x100 common/ThirdParty/SEGGER/SEGGER/SEGGER_SYSVIEW.o
                0x0000000008005908                SEGGER_SYSVIEW_SendModule
 .text.SEGGER_SYSVIEW_SendModuleDescription
                0x0000000008005a08       0x3c common/ThirdParty/SEGGER/SEGGER/SEGGER_SYSVIEW.o
                0x0000000008005a08                SEGGER_SYSVIEW_SendModuleDescription
 .text.SEGGER_SYSVIEW_SendNumModules
                0x0000000008005a44       0x7c common/ThirdParty/SEGGER/SEGGER/SEGGER_SYSVIEW.o
                0x0000000008005a44                SEGGER_SYSVIEW_SendNumModules
 .text.SEGGER_SYSVIEW_PrintfTarget
                0x0000000008005ac0       0x28 common/ThirdParty/SEGGER/SEGGER/SEGGER_SYSVIEW.o
                0x0000000008005ac0                SEGGER_SYSVIEW_PrintfTarget
 .text.SEGGER_SYSVIEW_Warn
                0x0000000008005ae8       0xb8 common/ThirdParty/SEGGER/SEGGER/SEGGER_SYSVIEW.o
                0x0000000008005ae8                SEGGER_SYSVIEW_Warn
 .text.__libc_init_array
                0x0000000008005ba0       0x48 /opt/st/stm32cubeide_1.4.0/plugins/com.st.stm32cube.ide.mcu.externaltools.gnu-tools-for-stm32.7-2018-q2-update.linux64_1.4.0.202007081208/tools/bin/../lib/gcc/arm-none-eabi/7.3.1/../../../../arm-none-eabi/lib/thumb/v7e-m/fpv4-sp/hard/libc_nano.a(lib_a-init.o)
                0x0000000008005ba0                __libc_init_array
 .text.memcmp   0x0000000008005be8       0x1e /opt/st/stm32cubeide_1.4.0/plugins/com.st.stm32cube.ide.mcu.externaltools.gnu-tools-for-stm32.7-2018-q2-update.linux64_1.4.0.202007081208/tools/bin/../lib/gcc/arm-none-eabi/7.3.1/../../../../arm-none-eabi/lib/thumb/v7e-m/fpv4-sp/hard/libc_nano.a(lib_a-memcmp.o)
                0x0000000008005be8                memcmp
 .text.memcpy   0x0000000008005c06       0x16 /opt/st/stm32cubeide_1.4.0/plugins/com.st.stm32cube.ide.mcu.externaltools.gnu-tools-for-stm32.7-2018-q2-update.linux64_1.4.0.202007081208/tools/bin/../lib/gcc/arm-none-eabi/7.3.1/../../../../arm-none-eabi/lib/thumb/v7e-m/fpv4-sp/hard/libc_nano.a(lib_a-memcpy-stub.o)
                0x0000000008005c06                memcpy
 .text.memset   0x0000000008005c1c       0x10 /opt/st/stm32cubeide_1.4.0/plugins/com.st.stm32cube.ide.mcu.externaltools.gnu-tools-for-stm32.7-2018-q2-update.linux64_1.4.0.202007081208/tools/bin/../lib/gcc/arm-none-eabi/7.3.1/../../../../arm-none-eabi/lib/thumb/v7e-m/fpv4-sp/hard/libc_nano.a(lib_a-memset.o)
                0x0000000008005c1c                memset
 *(.glue_7)
 .glue_7        0x0000000008005c2c        0x0 linker stubs
 *(.glue_7t)
 .glue_7t       0x0000000008005c2c        0x0 linker stubs
 *(.eh_frame)
 .eh_frame      0x0000000008005c2c        0x0 /opt/st/stm32cubeide_1.4.0/plugins/com.st.stm32cube.ide.mcu.externaltools.gnu-tools-for-stm32.7-2018-q2-update.linux64_1.4.0.202007081208/tools/bin/../lib/gcc/arm-none-eabi/7.3.1/thumb/v7e-m/fpv4-sp/hard/crtbegin.o
 *(.init)
 .init          0x0000000008005c2c        0x4 /opt/st/stm32cubeide_1.4.0/plugins/com.st.stm32cube.ide.mcu.externaltools.gnu-tools-for-stm32.7-2018-q2-update.linux64_1.4.0.202007081208/tools/bin/../lib/gcc/arm-none-eabi/7.3.1/thumb/v7e-m/fpv4-sp/hard/crti.o
                0x0000000008005c2c                _init
 .init          0x0000000008005c30        0x8 /opt/st/stm32cubeide_1.4.0/plugins/com.st.stm32cube.ide.mcu.externaltools.gnu-tools-for-stm32.7-2018-q2-update.linux64_1.4.0.202007081208/tools/bin/../lib/gcc/arm-none-eabi/7.3.1/thumb/v7e-m/fpv4-sp/hard/crtn.o
 *(.fini)
 .fini          0x0000000008005c38        0x4 /opt/st/stm32cubeide_1.4.0/plugins/com.st.stm32cube.ide.mcu.externaltools.gnu-tools-for-stm32.7-2018-q2-update.linux64_1.4.0.202007081208/tools/bin/../lib/gcc/arm-none-eabi/7.3.1/thumb/v7e-m/fpv4-sp/hard/crti.o
                0x0000000008005c38                _fini
 .fini          0x0000000008005c3c        0x8 /opt/st/stm32cubeide_1.4.0/plugins/com.st.stm32cube.ide.mcu.externaltools.gnu-tools-for-stm32.7-2018-q2-update.linux64_1.4.0.202007081208/tools/bin/../lib/gcc/arm-none-eabi/7.3.1/thumb/v7e-m/fpv4-sp/hard/crtn.o
                0x0000000008005c44                . = ALIGN (0x4)
                0x0000000008005c44                _etext = .

.vfp11_veneer   0x0000000008005c44        0x0
 .vfp11_veneer  0x0000000008005c44        0x0 linker stubs

.v4_bx          0x0000000008005c44        0x0
 .v4_bx         0x0000000008005c44        0x0 linker stubs

.iplt           0x0000000008005c44        0x0
 .iplt          0x0000000008005c44        0x0 /opt/st/stm32cubeide_1.4.0/plugins/com.st.stm32cube.ide.mcu.externaltools.gnu-tools-for-stm32.7-2018-q2-update.linux64_1.4.0.202007081208/tools/bin/../lib/gcc/arm-none-eabi/7.3.1/thumb/v7e-m/fpv4-sp/hard/crtbegin.o

.rodata         0x0000000008005c44      0x160
                0x0000000008005c44                . = ALIGN (0x4)
 *(.rodata)
 .rodata        0x0000000008005c44       0x52 Core/Src/main.o
 *fill*         0x0000000008005c96        0x2 
 .rodata        0x0000000008005c98        0x5 common/ThirdParty/FreeRTOS/tasks.o
 *fill*         0x0000000008005c9d        0x3 
 .rodata        0x0000000008005ca0       0x45 common/ThirdParty/SEGGER/Config/SEGGER_SYSVIEW_Config_FreeRTOS.o
 *fill*         0x0000000008005ce5        0x3 
 .rodata        0x0000000008005ce8       0x58 common/ThirdParty/SEGGER/OS/SEGGER_SYSVIEW_FreeRTOS.o
 .rodata        0x0000000008005d40        0x9 common/ThirdParty/SEGGER/SEGGER/SEGGER_RTT.o
 *fill*         0x0000000008005d49        0x3 
 .rodata        0x0000000008005d4c        0x8 common/ThirdParty/SEGGER/SEGGER/SEGGER_SYSVIEW.o
 *(.rodata*)
 .rodata.AHBPrescTable
                0x0000000008005d54       0x10 Core/Src/system_stm32f4xx.o
                0x0000000008005d54                AHBPrescTable
 .rodata.APBPrescTable
                0x0000000008005d64        0x8 Core/Src/system_stm32f4xx.o
                0x0000000008005d64                APBPrescTable
 .rodata.SYSVIEW_X_OS_TraceAPI
                0x0000000008005d6c        0x8 common/ThirdParty/SEGGER/OS/SEGGER_SYSVIEW_FreeRTOS.o
                0x0000000008005d6c                SYSVIEW_X_OS_TraceAPI
 .rodata._aInitStr.6355
                0x0000000008005d74       0x11 common/ThirdParty/SEGGER/SEGGER/SEGGER_RTT.o
 *fill*         0x0000000008005d85        0x3 
 .rodata._abSync
                0x0000000008005d88        0xa common/ThirdParty/SEGGER/SEGGER/SEGGER_SYSVIEW.o
 *fill*         0x0000000008005d92        0x2 
 .rodata._aV2C.6913
                0x0000000008005d94       0x10 common/ThirdParty/SEGGER/SEGGER/SEGGER_SYSVIEW.o
                0x0000000008005da4                . = ALIGN (0x4)

.ARM.extab      0x0000000008005da4        0x0
                0x0000000008005da4                . = ALIGN (0x4)
 *(.ARM.extab* .gnu.linkonce.armextab.*)
                0x0000000008005da4                . = ALIGN (0x4)

.ARM            0x0000000008005da4        0x8
                0x0000000008005da4                . = ALIGN (0x4)
                0x0000000008005da4                __exidx_start = .
 *(.ARM.exidx*)
 .ARM.exidx     0x0000000008005da4        0x8 /opt/st/stm32cubeide_1.4.0/plugins/com.st.stm32cube.ide.mcu.externaltools.gnu-tools-for-stm32.7-2018-q2-update.linux64_1.4.0.202007081208/tools/bin/../lib/gcc/arm-none-eabi/7.3.1/thumb/v7e-m/fpv4-sp/hard/libgcc.a(_udivmoddi4.o)
                0x0000000008005dac                __exidx_end = .
                0x0000000008005dac                . = ALIGN (0x4)

.rel.dyn        0x0000000008005dac        0x0
 .rel.iplt      0x0000000008005dac        0x0 /opt/st/stm32cubeide_1.4.0/plugins/com.st.stm32cube.ide.mcu.externaltools.gnu-tools-for-stm32.7-2018-q2-update.linux64_1.4.0.202007081208/tools/bin/../lib/gcc/arm-none-eabi/7.3.1/thumb/v7e-m/fpv4-sp/hard/crtbegin.o

.preinit_array  0x0000000008005dac        0x0
                0x0000000008005dac                . = ALIGN (0x4)
                0x0000000008005dac                PROVIDE (__preinit_array_start = .)
 *(.preinit_array*)
                0x0000000008005dac                PROVIDE (__preinit_array_end = .)
                0x0000000008005dac                . = ALIGN (0x4)

.init_array     0x0000000008005dac        0x4
                0x0000000008005dac                . = ALIGN (0x4)
                0x0000000008005dac                PROVIDE (__init_array_start = .)
 *(SORT_BY_NAME(.init_array.*))
 *(.init_array*)
 .init_array    0x0000000008005dac        0x4 /opt/st/stm32cubeide_1.4.0/plugins/com.st.stm32cube.ide.mcu.externaltools.gnu-tools-for-stm32.7-2018-q2-update.linux64_1.4.0.202007081208/tools/bin/../lib/gcc/arm-none-eabi/7.3.1/thumb/v7e-m/fpv4-sp/hard/crtbegin.o
                0x0000000008005db0                PROVIDE (__init_array_end = .)
                0x0000000008005db0                . = ALIGN (0x4)

.fini_array     0x0000000008005db0        0x4
                0x0000000008005db0                . = ALIGN (0x4)
                [!provide]                        PROVIDE (__fini_array_start = .)
 *(SORT_BY_NAME(.fini_array.*))
 *(.fini_array*)
 .fini_array    0x0000000008005db0        0x4 /opt/st/stm32cubeide_1.4.0/plugins/com.st.stm32cube.ide.mcu.externaltools.gnu-tools-for-stm32.7-2018-q2-update.linux64_1.4.0.202007081208/tools/bin/../lib/gcc/arm-none-eabi/7.3.1/thumb/v7e-m/fpv4-sp/hard/crtbegin.o
                [!provide]                        PROVIDE (__fini_array_end = .)
                0x0000000008005db4                . = ALIGN (0x4)
                0x0000000008005db4                _sidata = LOADADDR (.data)

.data           0x0000000020000000       0x14 load address 0x0000000008005db4
                0x0000000020000000                . = ALIGN (0x4)
                0x0000000020000000                _sdata = .
 *(.data)
 *(.data*)
 .data.SystemCoreClock
                0x0000000020000000        0x4 Core/Src/system_stm32f4xx.o
                0x0000000020000000                SystemCoreClock
 .data.uwTickPrio
                0x0000000020000004        0x4 Drivers/STM32F4xx_HAL_Driver/Src/stm32f4xx_hal.o
                0x0000000020000004                uwTickPrio
 .data.uwTickFreq
                0x0000000020000008        0x1 Drivers/STM32F4xx_HAL_Driver/Src/stm32f4xx_hal.o
                0x0000000020000008                uwTickFreq
 *fill*         0x0000000020000009        0x3 
 .data.uxTopUsedPriority
                0x000000002000000c        0x4 common/ThirdParty/FreeRTOS/tasks.o
                0x000000002000000c                uxTopUsedPriority
 .data.uxCriticalNesting
                0x0000000020000010        0x4 common/ThirdParty/FreeRTOS/portable/GCC/ARM_CM4F/port.o
                0x0000000020000014                . = ALIGN (0x4)
                0x0000000020000014                _edata = .

.igot.plt       0x0000000020000014        0x0 load address 0x0000000008005dc8
 .igot.plt      0x0000000020000014        0x0 /opt/st/stm32cubeide_1.4.0/plugins/com.st.stm32cube.ide.mcu.externaltools.gnu-tools-for-stm32.7-2018-q2-update.linux64_1.4.0.202007081208/tools/bin/../lib/gcc/arm-none-eabi/7.3.1/thumb/v7e-m/fpv4-sp/hard/crtbegin.o
                0x0000000020000014                . = ALIGN (0x4)

.bss            0x0000000020000014    0x1a84c load address 0x0000000008005dc8
                0x0000000020000014                _sbss = .
                0x0000000020000014                __bss_start__ = _sbss
 *(.bss)
 .bss           0x0000000020000014       0x1c /opt/st/stm32cubeide_1.4.0/plugins/com.st.stm32cube.ide.mcu.externaltools.gnu-tools-for-stm32.7-2018-q2-update.linux64_1.4.0.202007081208/tools/bin/../lib/gcc/arm-none-eabi/7.3.1/thumb/v7e-m/fpv4-sp/hard/crtbegin.o
 *(.bss*)
 .bss.pxCurrentTCB
                0x0000000020000030        0x4 common/ThirdParty/FreeRTOS/tasks.o
                0x0000000020000030                pxCurrentTCB
 .bss.pxReadyTasksLists
                0x0000000020000034       0x64 common/ThirdParty/FreeRTOS/tasks.o
 .bss.xDelayedTaskList1
                0x0000000020000098       0x14 common/ThirdParty/FreeRTOS/tasks.o
 .bss.xDelayedTaskList2
                0x00000000200000ac       0x14 common/ThirdParty/FreeRTOS/tasks.o
 .bss.pxDelayedTaskList
                0x00000000200000c0        0x4 common/ThirdParty/FreeRTOS/tasks.o
 .bss.pxOverflowDelayedTaskList
                0x00000000200000c4        0x4 common/ThirdParty/FreeRTOS/tasks.o
 .bss.xPendingReadyList
                0x00000000200000c8       0x14 common/ThirdParty/FreeRTOS/tasks.o
 .bss.xTasksWaitingTermination
                0x00000000200000dc       0x14 common/ThirdParty/FreeRTOS/tasks.o
 .bss.uxDeletedTasksWaitingCleanUp
                0x00000000200000f0        0x4 common/ThirdParty/FreeRTOS/tasks.o
 .bss.xSuspendedTaskList
                0x00000000200000f4       0x14 common/ThirdParty/FreeRTOS/tasks.o
 .bss.uxCurrentNumberOfTasks
                0x0000000020000108        0x4 common/ThirdParty/FreeRTOS/tasks.o
 .bss.xTickCount
                0x000000002000010c        0x4 common/ThirdParty/FreeRTOS/tasks.o
 .bss.uxTopReadyPriority
                0x0000000020000110        0x4 common/ThirdParty/FreeRTOS/tasks.o
 .bss.xSchedulerRunning
                0x0000000020000114        0x4 common/ThirdParty/FreeRTOS/tasks.o
 .bss.xPendedTicks
                0x0000000020000118        0x4 common/ThirdParty/FreeRTOS/tasks.o
 .bss.xYieldPending
                0x000000002000011c        0x4 common/ThirdParty/FreeRTOS/tasks.o
 .bss.xNumOfOverflows
                0x0000000020000120        0x4 common/ThirdParty/FreeRTOS/tasks.o
 .bss.uxTaskNumber
                0x0000000020000124        0x4 common/ThirdParty/FreeRTOS/tasks.o
 .bss.xNextTaskUnblockTime
                0x0000000020000128        0x4 common/ThirdParty/FreeRTOS/tasks.o
 .bss.xIdleTaskHandle
                0x000000002000012c        0x4 common/ThirdParty/FreeRTOS/tasks.o
 .bss.uxSchedulerSuspended
                0x0000000020000130        0x4 common/ThirdParty/FreeRTOS/tasks.o
 .bss.ucMaxSysCallPriority
                0x0000000020000134        0x1 common/ThirdParty/FreeRTOS/portable/GCC/ARM_CM4F/port.o
 *fill*         0x0000000020000135        0x3 
 .bss.ulMaxPRIGROUPValue
                0x0000000020000138        0x4 common/ThirdParty/FreeRTOS/portable/GCC/ARM_CM4F/port.o
 .bss.ucHeap    0x000000002000013c    0x19000 common/ThirdParty/FreeRTOS/portable/MemMang/heap_4.o
 .bss.xStart    0x000000002001913c        0x8 common/ThirdParty/FreeRTOS/portable/MemMang/heap_4.o
 .bss.pxEnd     0x0000000020019144        0x4 common/ThirdParty/FreeRTOS/portable/MemMang/heap_4.o
 .bss.xFreeBytesRemaining
                0x0000000020019148        0x4 common/ThirdParty/FreeRTOS/portable/MemMang/heap_4.o
 .bss.xMinimumEverFreeBytesRemaining
                0x000000002001914c        0x4 common/ThirdParty/FreeRTOS/portable/MemMang/heap_4.o
 .bss.xNumberOfSuccessfulAllocations
                0x0000000020019150        0x4 common/ThirdParty/FreeRTOS/portable/MemMang/heap_4.o
 .bss.xNumberOfSuccessfulFrees
                0x0000000020019154        0x4 common/ThirdParty/FreeRTOS/portable/MemMang/heap_4.o
 .bss.xBlockAllocatedBit
                0x0000000020019158        0x4 common/ThirdParty/FreeRTOS/portable/MemMang/heap_4.o
 .bss._aTasks   0x000000002001915c       0xa0 common/ThirdParty/SEGGER/OS/SEGGER_SYSVIEW_FreeRTOS.o
 .bss._NumTasks
                0x00000000200191fc        0x4 common/ThirdParty/SEGGER/OS/SEGGER_SYSVIEW_FreeRTOS.o
 .bss._cbOnRx   0x0000000020019200        0x4 common/ThirdParty/SEGGER/Rec/segger_uart.o
 .bss._cbOnTx   0x0000000020019204        0x4 common/ThirdParty/SEGGER/Rec/segger_uart.o
 .bss._acUpBuffer
                0x0000000020019208      0x400 common/ThirdParty/SEGGER/SEGGER/SEGGER_RTT.o
 .bss._acDownBuffer
                0x0000000020019608       0x10 common/ThirdParty/SEGGER/SEGGER/SEGGER_RTT.o
 .bss._UpBuffer
                0x0000000020019618     0x1000 common/ThirdParty/SEGGER/SEGGER/SEGGER_SYSVIEW.o
 .bss._DownBuffer
                0x000000002001a618        0x8 common/ThirdParty/SEGGER/SEGGER/SEGGER_SYSVIEW.o
 .bss._SYSVIEW_Globals
                0x000000002001a620       0x28 common/ThirdParty/SEGGER/SEGGER/SEGGER_SYSVIEW.o
 .bss._pFirstModule
                0x000000002001a648        0x4 common/ThirdParty/SEGGER/SEGGER/SEGGER_SYSVIEW.o
 .bss._NumModules
                0x000000002001a64c        0x1 common/ThirdParty/SEGGER/SEGGER/SEGGER_SYSVIEW.o
 *fill*         0x000000002001a64d        0x3 
 .bss._aPacket  0x000000002001a650       0xe3 common/ThirdParty/SEGGER/SEGGER/SEGGER_SYSVIEW.o
 *(COMMON)
 *fill*         0x000000002001a733        0x1 
 COMMON         0x000000002001a734       0x40 Core/Src/main.o
                0x000000002001a734                huart2
 COMMON         0x000000002001a774       0x40 Core/Src/stm32f4xx_hal_timebase_tim.o
                0x000000002001a774                htim5
 COMMON         0x000000002001a7b4        0x4 Drivers/STM32F4xx_HAL_Driver/Src/stm32f4xx_hal.o
                0x000000002001a7b4                uwTick
 COMMON         0x000000002001a7b8       0xa8 common/ThirdParty/SEGGER/SEGGER/SEGGER_RTT.o
                0x000000002001a7b8                _SEGGER_RTT
                0x000000002001a860                . = ALIGN (0x4)
                0x000000002001a860                _ebss = .
                0x000000002001a860                __bss_end__ = _ebss

._user_heap_stack
                0x000000002001a860      0x600 load address 0x0000000008005dc8
                0x000000002001a860                . = ALIGN (0x8)
                [!provide]                        PROVIDE (end = .)
                0x000000002001a860                PROVIDE (_end = .)
                0x000000002001aa60                . = (. + _Min_Heap_Size)
 *fill*         0x000000002001a860      0x200 
                0x000000002001ae60                . = (. + _Min_Stack_Size)
 *fill*         0x000000002001aa60      0x400 
                0x000000002001ae60                . = ALIGN (0x8)

/DISCARD/
 libc.a(*)
 libm.a(*)
 libgcc.a(*)

.ARM.attributes
                0x0000000000000000       0x30
 *(.ARM.attributes)
 .ARM.attributes
                0x0000000000000000       0x22 /opt/st/stm32cubeide_1.4.0/plugins/com.st.stm32cube.ide.mcu.externaltools.gnu-tools-for-stm32.7-2018-q2-update.linux64_1.4.0.202007081208/tools/bin/../lib/gcc/arm-none-eabi/7.3.1/thumb/v7e-m/fpv4-sp/hard/crti.o
 .ARM.attributes
                0x0000000000000022       0x34 /opt/st/stm32cubeide_1.4.0/plugins/com.st.stm32cube.ide.mcu.externaltools.gnu-tools-for-stm32.7-2018-q2-update.linux64_1.4.0.202007081208/tools/bin/../lib/gcc/arm-none-eabi/7.3.1/thumb/v7e-m/fpv4-sp/hard/crtbegin.o
 .ARM.attributes
                0x0000000000000056       0x39 Core/Src/main.o
 .ARM.attributes
                0x000000000000008f       0x39 Core/Src/stm32f4xx_hal_msp.o
 .ARM.attributes
                0x00000000000000c8       0x39 Core/Src/stm32f4xx_hal_timebase_tim.o
 .ARM.attributes
                0x0000000000000101       0x39 Core/Src/stm32f4xx_it.o
 .ARM.attributes
                0x000000000000013a       0x39 Core/Src/system_stm32f4xx.o
 .ARM.attributes
                0x0000000000000173       0x21 Core/Startup/startup_stm32f411retx.o
 .ARM.attributes
                0x0000000000000194       0x39 Drivers/STM32F4xx_HAL_Driver/Src/stm32f4xx_hal.o
 .ARM.attributes
                0x00000000000001cd       0x39 Drivers/STM32F4xx_HAL_Driver/Src/stm32f4xx_hal_cortex.o
 .ARM.attributes
                0x0000000000000206       0x39 Drivers/STM32F4xx_HAL_Driver/Src/stm32f4xx_hal_gpio.o
 .ARM.attributes
                0x000000000000023f       0x39 Drivers/STM32F4xx_HAL_Driver/Src/stm32f4xx_hal_pwr.o
 .ARM.attributes
                0x0000000000000278       0x39 Drivers/STM32F4xx_HAL_Driver/Src/stm32f4xx_hal_rcc.o
 .ARM.attributes
                0x00000000000002b1       0x39 Drivers/STM32F4xx_HAL_Driver/Src/stm32f4xx_hal_tim.o
 .ARM.attributes
                0x00000000000002ea       0x39 Drivers/STM32F4xx_HAL_Driver/Src/stm32f4xx_hal_tim_ex.o
 .ARM.attributes
                0x0000000000000323       0x39 Drivers/STM32F4xx_HAL_Driver/Src/stm32f4xx_hal_uart.o
 .ARM.attributes
                0x000000000000035c       0x39 common/ThirdParty/FreeRTOS/list.o
 .ARM.attributes
                0x0000000000000395       0x39 common/ThirdParty/FreeRTOS/tasks.o
 .ARM.attributes
                0x00000000000003ce       0x39 common/ThirdParty/FreeRTOS/portable/GCC/ARM_CM4F/port.o
 .ARM.attributes
                0x0000000000000407       0x39 common/ThirdParty/FreeRTOS/portable/MemMang/heap_4.o
 .ARM.attributes
                0x0000000000000440       0x39 common/ThirdParty/SEGGER/Config/SEGGER_SYSVIEW_Config_FreeRTOS.o
 .ARM.attributes
                0x0000000000000479       0x39 common/ThirdParty/SEGGER/OS/SEGGER_SYSVIEW_FreeRTOS.o
 .ARM.attributes
                0x00000000000004b2       0x39 common/ThirdParty/SEGGER/Rec/segger_uart.o
 .ARM.attributes
                0x00000000000004eb       0x39 common/ThirdParty/SEGGER/SEGGER/SEGGER_RTT.o
 .ARM.attributes
                0x0000000000000524       0x25 common/ThirdParty/SEGGER/SEGGER/SEGGER_RTT_ASM_ARMv7M.o
 .ARM.attributes
                0x0000000000000549       0x39 common/ThirdParty/SEGGER/SEGGER/SEGGER_SYSVIEW.o
 .ARM.attributes
                0x0000000000000582       0x34 /opt/st/stm32cubeide_1.4.0/plugins/com.st.stm32cube.ide.mcu.externaltools.gnu-tools-for-stm32.7-2018-q2-update.linux64_1.4.0.202007081208/tools/bin/../lib/gcc/arm-none-eabi/7.3.1/../../../../arm-none-eabi/lib/thumb/v7e-m/fpv4-sp/hard/libc_nano.a(lib_a-init.o)
 .ARM.attributes
                0x00000000000005b6       0x34 /opt/st/stm32cubeide_1.4.0/plugins/com.st.stm32cube.ide.mcu.externaltools.gnu-tools-for-stm32.7-2018-q2-update.linux64_1.4.0.202007081208/tools/bin/../lib/gcc/arm-none-eabi/7.3.1/../../../../arm-none-eabi/lib/thumb/v7e-m/fpv4-sp/hard/libc_nano.a(lib_a-memcmp.o)
 .ARM.attributes
                0x00000000000005ea       0x34 /opt/st/stm32cubeide_1.4.0/plugins/com.st.stm32cube.ide.mcu.externaltools.gnu-tools-for-stm32.7-2018-q2-update.linux64_1.4.0.202007081208/tools/bin/../lib/gcc/arm-none-eabi/7.3.1/../../../../arm-none-eabi/lib/thumb/v7e-m/fpv4-sp/hard/libc_nano.a(lib_a-memcpy-stub.o)
 .ARM.attributes
                0x000000000000061e       0x34 /opt/st/stm32cubeide_1.4.0/plugins/com.st.stm32cube.ide.mcu.externaltools.gnu-tools-for-stm32.7-2018-q2-update.linux64_1.4.0.202007081208/tools/bin/../lib/gcc/arm-none-eabi/7.3.1/../../../../arm-none-eabi/lib/thumb/v7e-m/fpv4-sp/hard/libc_nano.a(lib_a-memset.o)
 .ARM.attributes
                0x0000000000000652       0x22 /opt/st/stm32cubeide_1.4.0/plugins/com.st.stm32cube.ide.mcu.externaltools.gnu-tools-for-stm32.7-2018-q2-update.linux64_1.4.0.202007081208/tools/bin/../lib/gcc/arm-none-eabi/7.3.1/thumb/v7e-m/fpv4-sp/hard/libgcc.a(_aeabi_uldivmod.o)
 .ARM.attributes
                0x0000000000000674       0x34 /opt/st/stm32cubeide_1.4.0/plugins/com.st.stm32cube.ide.mcu.externaltools.gnu-tools-for-stm32.7-2018-q2-update.linux64_1.4.0.202007081208/tools/bin/../lib/gcc/arm-none-eabi/7.3.1/thumb/v7e-m/fpv4-sp/hard/libgcc.a(_udivmoddi4.o)
 .ARM.attributes
                0x00000000000006a8       0x22 /opt/st/stm32cubeide_1.4.0/plugins/com.st.stm32cube.ide.mcu.externaltools.gnu-tools-for-stm32.7-2018-q2-update.linux64_1.4.0.202007081208/tools/bin/../lib/gcc/arm-none-eabi/7.3.1/thumb/v7e-m/fpv4-sp/hard/libgcc.a(_dvmd_tls.o)
 .ARM.attributes
                0x00000000000006ca       0x22 /opt/st/stm32cubeide_1.4.0/plugins/com.st.stm32cube.ide.mcu.externaltools.gnu-tools-for-stm32.7-2018-q2-update.linux64_1.4.0.202007081208/tools/bin/../lib/gcc/arm-none-eabi/7.3.1/thumb/v7e-m/fpv4-sp/hard/crtn.o
OUTPUT(003LED_Block_Tasks.elf elf32-littlearm)

.debug_info     0x0000000000000000    0x166b1
 .debug_info    0x0000000000000000      0xf7c Core/Src/main.o
 .debug_info    0x0000000000000f7c      0x980 Core/Src/stm32f4xx_hal_msp.o
 .debug_info    0x00000000000018fc      0xabf Core/Src/stm32f4xx_hal_timebase_tim.o
 .debug_info    0x00000000000023bb      0x6b0 Core/Src/stm32f4xx_it.o
 .debug_info    0x0000000000002a6b      0x57e Core/Src/system_stm32f4xx.o
 .debug_info    0x0000000000002fe9       0x22 Core/Startup/startup_stm32f411retx.o
 .debug_info    0x000000000000300b      0x8d5 Drivers/STM32F4xx_HAL_Driver/Src/stm32f4xx_hal.o
 .debug_info    0x00000000000038e0      0xd98 Drivers/STM32F4xx_HAL_Driver/Src/stm32f4xx_hal_cortex.o
 .debug_info    0x0000000000004678      0x7d7 Drivers/STM32F4xx_HAL_Driver/Src/stm32f4xx_hal_gpio.o
 .debug_info    0x0000000000004e4f      0x789 Drivers/STM32F4xx_HAL_Driver/Src/stm32f4xx_hal_pwr.o
 .debug_info    0x00000000000055d8      0x92a Drivers/STM32F4xx_HAL_Driver/Src/stm32f4xx_hal_rcc.o
 .debug_info    0x0000000000005f02     0x24a1 Drivers/STM32F4xx_HAL_Driver/Src/stm32f4xx_hal_tim.o
 .debug_info    0x00000000000083a3     0x114f Drivers/STM32F4xx_HAL_Driver/Src/stm32f4xx_hal_tim_ex.o
 .debug_info    0x00000000000094f2     0x1244 Drivers/STM32F4xx_HAL_Driver/Src/stm32f4xx_hal_uart.o
 .debug_info    0x000000000000a736      0xae1 common/ThirdParty/FreeRTOS/list.o
 .debug_info    0x000000000000b217     0x2987 common/ThirdParty/FreeRTOS/tasks.o
 .debug_info    0x000000000000db9e      0x608 common/ThirdParty/FreeRTOS/portable/GCC/ARM_CM4F/port.o
 .debug_info    0x000000000000e1a6      0xd03 common/ThirdParty/FreeRTOS/portable/MemMang/heap_4.o
 .debug_info    0x000000000000eea9      0x125 common/ThirdParty/SEGGER/Config/SEGGER_SYSVIEW_Config_FreeRTOS.o
 .debug_info    0x000000000000efce      0xb92 common/ThirdParty/SEGGER/OS/SEGGER_SYSVIEW_FreeRTOS.o
 .debug_info    0x000000000000fb60     0x1210 common/ThirdParty/SEGGER/Rec/segger_uart.o
 .debug_info    0x0000000000010d70     0x1c63 common/ThirdParty/SEGGER/SEGGER/SEGGER_RTT.o
 .debug_info    0x00000000000129d3       0x26 common/ThirdParty/SEGGER/SEGGER/SEGGER_RTT_ASM_ARMv7M.o
 .debug_info    0x00000000000129f9     0x3cb8 common/ThirdParty/SEGGER/SEGGER/SEGGER_SYSVIEW.o

.debug_abbrev   0x0000000000000000     0x2ebe
 .debug_abbrev  0x0000000000000000      0x290 Core/Src/main.o
 .debug_abbrev  0x0000000000000290      0x18c Core/Src/stm32f4xx_hal_msp.o
 .debug_abbrev  0x000000000000041c      0x1ac Core/Src/stm32f4xx_hal_timebase_tim.o
 .debug_abbrev  0x00000000000005c8      0x169 Core/Src/stm32f4xx_it.o
 .debug_abbrev  0x0000000000000731      0x12b Core/Src/system_stm32f4xx.o
 .debug_abbrev  0x000000000000085c       0x12 Core/Startup/startup_stm32f411retx.o
 .debug_abbrev  0x000000000000086e      0x1f2 Drivers/STM32F4xx_HAL_Driver/Src/stm32f4xx_hal.o
 .debug_abbrev  0x0000000000000a60      0x2fa Drivers/STM32F4xx_HAL_Driver/Src/stm32f4xx_hal_cortex.o
 .debug_abbrev  0x0000000000000d5a      0x1c9 Drivers/STM32F4xx_HAL_Driver/Src/stm32f4xx_hal_gpio.o
 .debug_abbrev  0x0000000000000f23      0x1a5 Drivers/STM32F4xx_HAL_Driver/Src/stm32f4xx_hal_pwr.o
 .debug_abbrev  0x00000000000010c8      0x245 Drivers/STM32F4xx_HAL_Driver/Src/stm32f4xx_hal_rcc.o
 .debug_abbrev  0x000000000000130d      0x23f Drivers/STM32F4xx_HAL_Driver/Src/stm32f4xx_hal_tim.o
 .debug_abbrev  0x000000000000154c      0x22d Drivers/STM32F4xx_HAL_Driver/Src/stm32f4xx_hal_tim_ex.o
 .debug_abbrev  0x0000000000001779      0x251 Drivers/STM32F4xx_HAL_Driver/Src/stm32f4xx_hal_uart.o
 .debug_abbrev  0x00000000000019ca      0x1cf common/ThirdParty/FreeRTOS/list.o
 .debug_abbrev  0x0000000000001b99      0x36e common/ThirdParty/FreeRTOS/tasks.o
 .debug_abbrev  0x0000000000001f07      0x210 common/ThirdParty/FreeRTOS/portable/GCC/ARM_CM4F/port.o
 .debug_abbrev  0x0000000000002117      0x29e common/ThirdParty/FreeRTOS/portable/MemMang/heap_4.o
 .debug_abbrev  0x00000000000023b5       0xb5 common/ThirdParty/SEGGER/Config/SEGGER_SYSVIEW_Config_FreeRTOS.o
 .debug_abbrev  0x000000000000246a      0x1ed common/ThirdParty/SEGGER/OS/SEGGER_SYSVIEW_FreeRTOS.o
 .debug_abbrev  0x0000000000002657      0x2a2 common/ThirdParty/SEGGER/Rec/segger_uart.o
 .debug_abbrev  0x00000000000028f9      0x291 common/ThirdParty/SEGGER/SEGGER/SEGGER_RTT.o
 .debug_abbrev  0x0000000000002b8a       0x14 common/ThirdParty/SEGGER/SEGGER/SEGGER_RTT_ASM_ARMv7M.o
 .debug_abbrev  0x0000000000002b9e      0x320 common/ThirdParty/SEGGER/SEGGER/SEGGER_SYSVIEW.o

.debug_aranges  0x0000000000000000     0x1380
 .debug_aranges
                0x0000000000000000       0x68 Core/Src/main.o
 .debug_aranges
                0x0000000000000068       0x30 Core/Src/stm32f4xx_hal_msp.o
 .debug_aranges
                0x0000000000000098       0x30 Core/Src/stm32f4xx_hal_timebase_tim.o
 .debug_aranges
                0x00000000000000c8       0x50 Core/Src/stm32f4xx_it.o
 .debug_aranges
                0x0000000000000118       0x28 Core/Src/system_stm32f4xx.o
 .debug_aranges
                0x0000000000000140       0x28 Core/Startup/startup_stm32f411retx.o
 .debug_aranges
                0x0000000000000168       0xf0 Drivers/STM32F4xx_HAL_Driver/Src/stm32f4xx_hal.o
 .debug_aranges
                0x0000000000000258      0x118 Drivers/STM32F4xx_HAL_Driver/Src/stm32f4xx_hal_cortex.o
 .debug_aranges
                0x0000000000000370       0x58 Drivers/STM32F4xx_HAL_Driver/Src/stm32f4xx_hal_gpio.o
 .debug_aranges
                0x00000000000003c8       0xa0 Drivers/STM32F4xx_HAL_Driver/Src/stm32f4xx_hal_pwr.o
 .debug_aranges
                0x0000000000000468       0x88 Drivers/STM32F4xx_HAL_Driver/Src/stm32f4xx_hal_rcc.o
 .debug_aranges
                0x00000000000004f0      0x3a8 Drivers/STM32F4xx_HAL_Driver/Src/stm32f4xx_hal_tim.o
 .debug_aranges
                0x0000000000000898      0x150 Drivers/STM32F4xx_HAL_Driver/Src/stm32f4xx_hal_tim_ex.o
 .debug_aranges
                0x00000000000009e8      0x1d0 Drivers/STM32F4xx_HAL_Driver/Src/stm32f4xx_hal_uart.o
 .debug_aranges
                0x0000000000000bb8       0x40 common/ThirdParty/FreeRTOS/list.o
 .debug_aranges
                0x0000000000000bf8      0x1f8 common/ThirdParty/FreeRTOS/tasks.o
 .debug_aranges
                0x0000000000000df0       0x88 common/ThirdParty/FreeRTOS/portable/GCC/ARM_CM4F/port.o
 .debug_aranges
                0x0000000000000e78       0x58 common/ThirdParty/FreeRTOS/portable/MemMang/heap_4.o
 .debug_aranges
                0x0000000000000ed0       0x28 common/ThirdParty/SEGGER/Config/SEGGER_SYSVIEW_Config_FreeRTOS.o
 .debug_aranges
                0x0000000000000ef8       0x48 common/ThirdParty/SEGGER/OS/SEGGER_SYSVIEW_FreeRTOS.o
 .debug_aranges
                0x0000000000000f40       0x68 common/ThirdParty/SEGGER/Rec/segger_uart.o
 .debug_aranges
                0x0000000000000fa8      0x138 common/ThirdParty/SEGGER/SEGGER/SEGGER_RTT.o
 .debug_aranges
                0x00000000000010e0       0x20 common/ThirdParty/SEGGER/SEGGER/SEGGER_RTT_ASM_ARMv7M.o
 .debug_aranges
                0x0000000000001100      0x280 common/ThirdParty/SEGGER/SEGGER/SEGGER_SYSVIEW.o

.debug_ranges   0x0000000000000000     0x11f8
 .debug_ranges  0x0000000000000000       0x58 Core/Src/main.o
 .debug_ranges  0x0000000000000058       0x20 Core/Src/stm32f4xx_hal_msp.o
 .debug_ranges  0x0000000000000078       0x20 Core/Src/stm32f4xx_hal_timebase_tim.o
 .debug_ranges  0x0000000000000098       0x40 Core/Src/stm32f4xx_it.o
 .debug_ranges  0x00000000000000d8       0x18 Core/Src/system_stm32f4xx.o
 .debug_ranges  0x00000000000000f0       0x20 Core/Startup/startup_stm32f411retx.o
 .debug_ranges  0x0000000000000110       0xe0 Drivers/STM32F4xx_HAL_Driver/Src/stm32f4xx_hal.o
 .debug_ranges  0x00000000000001f0      0x108 Drivers/STM32F4xx_HAL_Driver/Src/stm32f4xx_hal_cortex.o
 .debug_ranges  0x00000000000002f8       0x48 Drivers/STM32F4xx_HAL_Driver/Src/stm32f4xx_hal_gpio.o
 .debug_ranges  0x0000000000000340       0x90 Drivers/STM32F4xx_HAL_Driver/Src/stm32f4xx_hal_pwr.o
 .debug_ranges  0x00000000000003d0       0x78 Drivers/STM32F4xx_HAL_Driver/Src/stm32f4xx_hal_rcc.o
 .debug_ranges  0x0000000000000448      0x398 Drivers/STM32F4xx_HAL_Driver/Src/stm32f4xx_hal_tim.o
 .debug_ranges  0x00000000000007e0      0x140 Drivers/STM32F4xx_HAL_Driver/Src/stm32f4xx_hal_tim_ex.o
 .debug_ranges  0x0000000000000920      0x1c0 Drivers/STM32F4xx_HAL_Driver/Src/stm32f4xx_hal_uart.o
 .debug_ranges  0x0000000000000ae0       0x30 common/ThirdParty/FreeRTOS/list.o
 .debug_ranges  0x0000000000000b10      0x1e8 common/ThirdParty/FreeRTOS/tasks.o
 .debug_ranges  0x0000000000000cf8       0x78 common/ThirdParty/FreeRTOS/portable/GCC/ARM_CM4F/port.o
 .debug_ranges  0x0000000000000d70       0x48 common/ThirdParty/FreeRTOS/portable/MemMang/heap_4.o
 .debug_ranges  0x0000000000000db8       0x18 common/ThirdParty/SEGGER/Config/SEGGER_SYSVIEW_Config_FreeRTOS.o
 .debug_ranges  0x0000000000000dd0       0x38 common/ThirdParty/SEGGER/OS/SEGGER_SYSVIEW_FreeRTOS.o
 .debug_ranges  0x0000000000000e08       0x58 common/ThirdParty/SEGGER/Rec/segger_uart.o
 .debug_ranges  0x0000000000000e60      0x128 common/ThirdParty/SEGGER/SEGGER/SEGGER_RTT.o
 .debug_ranges  0x0000000000000f88      0x270 common/ThirdParty/SEGGER/SEGGER/SEGGER_SYSVIEW.o

.debug_macro    0x0000000000000000    0x18548
 .debug_macro   0x0000000000000000      0x2ac Core/Src/main.o
 .debug_macro   0x00000000000002ac      0xa5a Core/Src/main.o
 .debug_macro   0x0000000000000d06      0x294 Core/Src/main.o
 .debug_macro   0x0000000000000f9a       0x2e Core/Src/main.o
 .debug_macro   0x0000000000000fc8       0x28 Core/Src/main.o
 .debug_macro   0x0000000000000ff0       0x22 Core/Src/main.o
 .debug_macro   0x0000000000001012       0x8e Core/Src/main.o
 .debug_macro   0x00000000000010a0       0x51 Core/Src/main.o
 .debug_macro   0x00000000000010f1       0xef Core/Src/main.o
 .debug_macro   0x00000000000011e0       0x6a Core/Src/main.o
 .debug_macro   0x000000000000124a      0x1df Core/Src/main.o
 .debug_macro   0x0000000000001429       0x1c Core/Src/main.o
 .debug_macro   0x0000000000001445       0x22 Core/Src/main.o
 .debug_macro   0x0000000000001467       0xdf Core/Src/main.o
 .debug_macro   0x0000000000001546     0x102d Core/Src/main.o
 .debug_macro   0x0000000000002573      0x11f Core/Src/main.o
 .debug_macro   0x0000000000002692     0xb937 Core/Src/main.o
 .debug_macro   0x000000000000dfc9       0x43 Core/Src/main.o
 .debug_macro   0x000000000000e00c     0x3659 Core/Src/main.o
 .debug_macro   0x0000000000011665      0x174 Core/Src/main.o
 .debug_macro   0x00000000000117d9       0x5a Core/Src/main.o
 .debug_macro   0x0000000000011833      0x447 Core/Src/main.o
 .debug_macro   0x0000000000011c7a      0x9fe Core/Src/main.o
 .debug_macro   0x0000000000012678      0x117 Core/Src/main.o
 .debug_macro   0x000000000001278f      0x11b Core/Src/main.o
 .debug_macro   0x00000000000128aa       0x27 Core/Src/main.o
 .debug_macro   0x00000000000128d1      0x15f Core/Src/main.o
 .debug_macro   0x0000000000012a30      0x287 Core/Src/main.o
 .debug_macro   0x0000000000012cb7       0x5f Core/Src/main.o
 .debug_macro   0x0000000000012d16      0x236 Core/Src/main.o
 .debug_macro   0x0000000000012f4c      0x132 Core/Src/main.o
 .debug_macro   0x000000000001307e      0x264 Core/Src/main.o
 .debug_macro   0x00000000000132e2       0x2e Core/Src/main.o
 .debug_macro   0x0000000000013310      0x11a Core/Src/main.o
 .debug_macro   0x000000000001342a       0x85 Core/Src/main.o
 .debug_macro   0x00000000000134af       0x89 Core/Src/main.o
 .debug_macro   0x0000000000013538      0x8a0 Core/Src/main.o
 .debug_macro   0x0000000000013dd8       0x47 Core/Src/main.o
 .debug_macro   0x0000000000013e1f      0x287 Core/Src/main.o
 .debug_macro   0x00000000000140a6      0x126 Core/Src/main.o
 .debug_macro   0x00000000000141cc       0x7c Core/Src/main.o
 .debug_macro   0x0000000000014248      0x112 Core/Src/main.o
 .debug_macro   0x000000000001435a       0x58 Core/Src/main.o
 .debug_macro   0x00000000000143b2       0x46 Core/Src/main.o
 .debug_macro   0x00000000000143f8       0x64 Core/Src/main.o
 .debug_macro   0x000000000001445c       0x16 Core/Src/main.o
 .debug_macro   0x0000000000014472       0x49 Core/Src/main.o
 .debug_macro   0x00000000000144bb       0xca Core/Src/main.o
 .debug_macro   0x0000000000014585      0x204 Core/Src/main.o
 .debug_macro   0x0000000000014789      0x458 Core/Src/main.o
 .debug_macro   0x0000000000014be1      0x15a Core/Src/main.o
 .debug_macro   0x0000000000014d3b       0xea Core/Src/main.o
 .debug_macro   0x0000000000014e25       0x1c Core/Src/main.o
 .debug_macro   0x0000000000014e41       0x26 Core/Src/main.o
 .debug_macro   0x0000000000014e67      0x3c9 Core/Src/main.o
 .debug_macro   0x0000000000015230       0xb5 Core/Src/main.o
 .debug_macro   0x00000000000152e5      0x120 Core/Src/main.o
 .debug_macro   0x0000000000015405      0x28e Core/Src/stm32f4xx_hal_msp.o
 .debug_macro   0x0000000000015693      0x1ce Core/Src/stm32f4xx_hal_timebase_tim.o
 .debug_macro   0x0000000000015861      0x1e7 Core/Src/stm32f4xx_it.o
 .debug_macro   0x0000000000015a48      0x1d4 Core/Src/system_stm32f4xx.o
 .debug_macro   0x0000000000015c1c      0x22e Drivers/STM32F4xx_HAL_Driver/Src/stm32f4xx_hal.o
 .debug_macro   0x0000000000015e4a      0x1ce Drivers/STM32F4xx_HAL_Driver/Src/stm32f4xx_hal_cortex.o
 .debug_macro   0x0000000000016018      0x204 Drivers/STM32F4xx_HAL_Driver/Src/stm32f4xx_hal_gpio.o
 .debug_macro   0x000000000001621c      0x1e6 Drivers/STM32F4xx_HAL_Driver/Src/stm32f4xx_hal_pwr.o
 .debug_macro   0x0000000000016402      0x1f2 Drivers/STM32F4xx_HAL_Driver/Src/stm32f4xx_hal_rcc.o
 .debug_macro   0x00000000000165f4      0x1cf Drivers/STM32F4xx_HAL_Driver/Src/stm32f4xx_hal_tim.o
 .debug_macro   0x00000000000167c3      0x1ce Drivers/STM32F4xx_HAL_Driver/Src/stm32f4xx_hal_tim_ex.o
 .debug_macro   0x0000000000016991      0x1cf Drivers/STM32F4xx_HAL_Driver/Src/stm32f4xx_hal_uart.o
 .debug_macro   0x0000000000016b60      0x1e7 common/ThirdParty/FreeRTOS/list.o
 .debug_macro   0x0000000000016d47      0x2d4 common/ThirdParty/FreeRTOS/tasks.o
 .debug_macro   0x000000000001701b       0x10 common/ThirdParty/FreeRTOS/tasks.o
 .debug_macro   0x000000000001702b      0x1f7 common/ThirdParty/FreeRTOS/portable/GCC/ARM_CM4F/port.o
 .debug_macro   0x0000000000017222      0x202 common/ThirdParty/FreeRTOS/portable/MemMang/heap_4.o
 .debug_macro   0x0000000000017424      0x137 common/ThirdParty/SEGGER/Config/SEGGER_SYSVIEW_Config_FreeRTOS.o
 .debug_macro   0x000000000001755b      0x1f6 common/ThirdParty/SEGGER/OS/SEGGER_SYSVIEW_FreeRTOS.o
 .debug_macro   0x0000000000017751      0x423 common/ThirdParty/SEGGER/Rec/segger_uart.o
 .debug_macro   0x0000000000017b74       0x35 common/ThirdParty/SEGGER/Rec/segger_uart.o
 .debug_macro   0x0000000000017ba9      0x138 common/ThirdParty/SEGGER/Rec/segger_uart.o
 .debug_macro   0x0000000000017ce1       0xd9 common/ThirdParty/SEGGER/Rec/segger_uart.o
 .debug_macro   0x0000000000017dba       0x54 common/ThirdParty/SEGGER/Rec/segger_uart.o
 .debug_macro   0x0000000000017e0e      0x1b0 common/ThirdParty/SEGGER/SEGGER/SEGGER_RTT.o
 .debug_macro   0x0000000000017fbe      0x21d common/ThirdParty/SEGGER/SEGGER/SEGGER_SYSVIEW.o
 .debug_macro   0x00000000000181db      0x204 common/ThirdParty/SEGGER/SEGGER/SEGGER_SYSVIEW.o
 .debug_macro   0x00000000000183df      0x169 common/ThirdParty/SEGGER/SEGGER/SEGGER_SYSVIEW.o

.debug_line     0x0000000000000000     0xf47d
 .debug_line    0x0000000000000000      0xa8b Core/Src/main.o
 .debug_line    0x0000000000000a8b      0x95a Core/Src/stm32f4xx_hal_msp.o
 .debug_line    0x00000000000013e5      0x6d1 Core/Src/stm32f4xx_hal_timebase_tim.o
 .debug_line    0x0000000000001ab6      0x71f Core/Src/stm32f4xx_it.o
 .debug_line    0x00000000000021d5      0x6b8 Core/Src/system_stm32f4xx.o
 .debug_line    0x000000000000288d       0x85 Core/Startup/startup_stm32f411retx.o
 .debug_line    0x0000000000002912      0x8a2 Drivers/STM32F4xx_HAL_Driver/Src/stm32f4xx_hal.o
 .debug_line    0x00000000000031b4      0x9c6 Drivers/STM32F4xx_HAL_Driver/Src/stm32f4xx_hal_cortex.o
 .debug_line    0x0000000000003b7a      0x845 Drivers/STM32F4xx_HAL_Driver/Src/stm32f4xx_hal_gpio.o
 .debug_line    0x00000000000043bf      0x7e9 Drivers/STM32F4xx_HAL_Driver/Src/stm32f4xx_hal_pwr.o
 .debug_line    0x0000000000004ba8      0x8fa Drivers/STM32F4xx_HAL_Driver/Src/stm32f4xx_hal_rcc.o
 .debug_line    0x00000000000054a2     0x175f Drivers/STM32F4xx_HAL_Driver/Src/stm32f4xx_hal_tim.o
 .debug_line    0x0000000000006c01      0xcad Drivers/STM32F4xx_HAL_Driver/Src/stm32f4xx_hal_tim_ex.o
 .debug_line    0x00000000000078ae      0xfb0 Drivers/STM32F4xx_HAL_Driver/Src/stm32f4xx_hal_uart.o
 .debug_line    0x000000000000885e      0x7f4 common/ThirdParty/FreeRTOS/list.o
 .debug_line    0x0000000000009052     0x1589 common/ThirdParty/FreeRTOS/tasks.o
 .debug_line    0x000000000000a5db      0x881 common/ThirdParty/FreeRTOS/portable/GCC/ARM_CM4F/port.o
 .debug_line    0x000000000000ae5c      0x919 common/ThirdParty/FreeRTOS/portable/MemMang/heap_4.o
 .debug_line    0x000000000000b775      0x627 common/ThirdParty/SEGGER/Config/SEGGER_SYSVIEW_Config_FreeRTOS.o
 .debug_line    0x000000000000bd9c      0x830 common/ThirdParty/SEGGER/OS/SEGGER_SYSVIEW_FreeRTOS.o
 .debug_line    0x000000000000c5cc      0xa87 common/ThirdParty/SEGGER/Rec/segger_uart.o
 .debug_line    0x000000000000d053      0xa2a common/ThirdParty/SEGGER/SEGGER/SEGGER_RTT.o
 .debug_line    0x000000000000da7d       0xca common/ThirdParty/SEGGER/SEGGER/SEGGER_RTT_ASM_ARMv7M.o
 .debug_line    0x000000000000db47     0x1936 common/ThirdParty/SEGGER/SEGGER/SEGGER_SYSVIEW.o

.debug_str      0x0000000000000000    0x99c11
 .debug_str     0x0000000000000000    0x8e9b0 Core/Src/main.o
                                      0x8ed30 (size before relaxing)
 .debug_str     0x000000000008e9b0       0x56 Core/Src/stm32f4xx_hal_msp.o
                                      0x8cef8 (size before relaxing)
 .debug_str     0x000000000008ea06      0x42a Core/Src/stm32f4xx_hal_timebase_tim.o
                                      0x85f82 (size before relaxing)
 .debug_str     0x000000000008ee30       0xa2 Core/Src/stm32f4xx_it.o
                                      0x85c07 (size before relaxing)
 .debug_str     0x000000000008eed2       0xc4 Core/Src/system_stm32f4xx.o
                                      0x85764 (size before relaxing)
 .debug_str     0x000000000008ef96       0x36 Core/Startup/startup_stm32f411retx.o
                                         0x75 (size before relaxing)
 .debug_str     0x000000000008efcc      0x542 Drivers/STM32F4xx_HAL_Driver/Src/stm32f4xx_hal.o
                                      0x860d9 (size before relaxing)
 .debug_str     0x000000000008f50e      0x392 Drivers/STM32F4xx_HAL_Driver/Src/stm32f4xx_hal_cortex.o
                                      0x85eb6 (size before relaxing)
 .debug_str     0x000000000008f8a0      0x20c Drivers/STM32F4xx_HAL_Driver/Src/stm32f4xx_hal_gpio.o
                                      0x859a3 (size before relaxing)
 .debug_str     0x000000000008faac      0x25e Drivers/STM32F4xx_HAL_Driver/Src/stm32f4xx_hal_pwr.o
                                      0x859a7 (size before relaxing)
 .debug_str     0x000000000008fd0a      0x24f Drivers/STM32F4xx_HAL_Driver/Src/stm32f4xx_hal_rcc.o
                                      0x85b51 (size before relaxing)
 .debug_str     0x000000000008ff59      0xd6f Drivers/STM32F4xx_HAL_Driver/Src/stm32f4xx_hal_tim.o
                                      0x8685e (size before relaxing)
 .debug_str     0x0000000000090cc8      0x4ec Drivers/STM32F4xx_HAL_Driver/Src/stm32f4xx_hal_tim_ex.o
                                      0x8605e (size before relaxing)
 .debug_str     0x00000000000911b4      0x516 Drivers/STM32F4xx_HAL_Driver/Src/stm32f4xx_hal_uart.o
                                      0x85f9e (size before relaxing)
 .debug_str     0x00000000000916ca     0x3152 common/ThirdParty/FreeRTOS/list.o
                                       0xea74 (size before relaxing)
 .debug_str     0x000000000009481c     0x1e26 common/ThirdParty/FreeRTOS/tasks.o
                                      0x11b54 (size before relaxing)
 .debug_str     0x0000000000096642      0x825 common/ThirdParty/FreeRTOS/portable/GCC/ARM_CM4F/port.o
                                       0xd3d0 (size before relaxing)
 .debug_str     0x0000000000096e67      0x35a common/ThirdParty/FreeRTOS/portable/MemMang/heap_4.o
                                       0xfeee (size before relaxing)
 .debug_str     0x00000000000971c1      0x18f common/ThirdParty/SEGGER/Config/SEGGER_SYSVIEW_Config_FreeRTOS.o
                                       0xb272 (size before relaxing)
 .debug_str     0x0000000000097350      0x11f common/ThirdParty/SEGGER/OS/SEGGER_SYSVIEW_FreeRTOS.o
                                       0xfc49 (size before relaxing)
 .debug_str     0x000000000009746f     0x1080 common/ThirdParty/SEGGER/Rec/segger_uart.o
                                      0x8b537 (size before relaxing)
 .debug_str     0x00000000000984ef      0x70e common/ThirdParty/SEGGER/SEGGER/SEGGER_RTT.o
                                       0x7933 (size before relaxing)
 .debug_str     0x0000000000098bfd       0x5e common/ThirdParty/SEGGER/SEGGER/SEGGER_RTT_ASM_ARMv7M.o
                                         0xab (size before relaxing)
 .debug_str     0x0000000000098c5b      0xfb6 common/ThirdParty/SEGGER/SEGGER/SEGGER_SYSVIEW.o
                                       0x996e (size before relaxing)

.comment        0x0000000000000000       0x7b
 .comment       0x0000000000000000       0x7b Core/Src/main.o
                                         0x7c (size before relaxing)
 .comment       0x000000000000007b       0x7c Core/Src/stm32f4xx_hal_msp.o
 .comment       0x000000000000007b       0x7c Core/Src/stm32f4xx_hal_timebase_tim.o
 .comment       0x000000000000007b       0x7c Core/Src/stm32f4xx_it.o
 .comment       0x000000000000007b       0x7c Core/Src/system_stm32f4xx.o
 .comment       0x000000000000007b       0x7c Drivers/STM32F4xx_HAL_Driver/Src/stm32f4xx_hal.o
 .comment       0x000000000000007b       0x7c Drivers/STM32F4xx_HAL_Driver/Src/stm32f4xx_hal_cortex.o
 .comment       0x000000000000007b       0x7c Drivers/STM32F4xx_HAL_Driver/Src/stm32f4xx_hal_gpio.o
 .comment       0x000000000000007b       0x7c Drivers/STM32F4xx_HAL_Driver/Src/stm32f4xx_hal_pwr.o
 .comment       0x000000000000007b       0x7c Drivers/STM32F4xx_HAL_Driver/Src/stm32f4xx_hal_rcc.o
 .comment       0x000000000000007b       0x7c Drivers/STM32F4xx_HAL_Driver/Src/stm32f4xx_hal_tim.o
 .comment       0x000000000000007b       0x7c Drivers/STM32F4xx_HAL_Driver/Src/stm32f4xx_hal_tim_ex.o
 .comment       0x000000000000007b       0x7c Drivers/STM32F4xx_HAL_Driver/Src/stm32f4xx_hal_uart.o
 .comment       0x000000000000007b       0x7c common/ThirdParty/FreeRTOS/list.o
 .comment       0x000000000000007b       0x7c common/ThirdParty/FreeRTOS/tasks.o
 .comment       0x000000000000007b       0x7c common/ThirdParty/FreeRTOS/portable/GCC/ARM_CM4F/port.o
 .comment       0x000000000000007b       0x7c common/ThirdParty/FreeRTOS/portable/MemMang/heap_4.o
 .comment       0x000000000000007b       0x7c common/ThirdParty/SEGGER/Config/SEGGER_SYSVIEW_Config_FreeRTOS.o
 .comment       0x000000000000007b       0x7c common/ThirdParty/SEGGER/OS/SEGGER_SYSVIEW_FreeRTOS.o
 .comment       0x000000000000007b       0x7c common/ThirdParty/SEGGER/Rec/segger_uart.o
 .comment       0x000000000000007b       0x7c common/ThirdParty/SEGGER/SEGGER/SEGGER_RTT.o
 .comment       0x000000000000007b       0x7c common/ThirdParty/SEGGER/SEGGER/SEGGER_SYSVIEW.o

.debug_frame    0x0000000000000000     0x5128
 .debug_frame   0x0000000000000000      0x154 Core/Src/main.o
 .debug_frame   0x0000000000000154       0x7c Core/Src/stm32f4xx_hal_msp.o
 .debug_frame   0x00000000000001d0       0x74 Core/Src/stm32f4xx_hal_timebase_tim.o
 .debug_frame   0x0000000000000244       0xcc Core/Src/stm32f4xx_it.o
 .debug_frame   0x0000000000000310       0x58 Core/Src/system_stm32f4xx.o
 .debug_frame   0x0000000000000368      0x374 Drivers/STM32F4xx_HAL_Driver/Src/stm32f4xx_hal.o
 .debug_frame   0x00000000000006dc      0x498 Drivers/STM32F4xx_HAL_Driver/Src/stm32f4xx_hal_cortex.o
 .debug_frame   0x0000000000000b74      0x14c Drivers/STM32F4xx_HAL_Driver/Src/stm32f4xx_hal_gpio.o
 .debug_frame   0x0000000000000cc0      0x254 Drivers/STM32F4xx_HAL_Driver/Src/stm32f4xx_hal_pwr.o
 .debug_frame   0x0000000000000f14      0x1f0 Drivers/STM32F4xx_HAL_Driver/Src/stm32f4xx_hal_rcc.o
 .debug_frame   0x0000000000001104     0x10e8 Drivers/STM32F4xx_HAL_Driver/Src/stm32f4xx_hal_tim.o
 .debug_frame   0x00000000000021ec      0x5c0 Drivers/STM32F4xx_HAL_Driver/Src/stm32f4xx_hal_tim_ex.o
 .debug_frame   0x00000000000027ac      0x844 Drivers/STM32F4xx_HAL_Driver/Src/stm32f4xx_hal_uart.o
 .debug_frame   0x0000000000002ff0       0xd8 common/ThirdParty/FreeRTOS/list.o
 .debug_frame   0x00000000000030c8      0x8b0 common/ThirdParty/FreeRTOS/tasks.o
 .debug_frame   0x0000000000003978      0x1d0 common/ThirdParty/FreeRTOS/portable/GCC/ARM_CM4F/port.o
 .debug_frame   0x0000000000003b48      0x12c common/ThirdParty/FreeRTOS/portable/MemMang/heap_4.o
 .debug_frame   0x0000000000003c74       0x48 common/ThirdParty/SEGGER/Config/SEGGER_SYSVIEW_Config_FreeRTOS.o
 .debug_frame   0x0000000000003cbc      0x100 common/ThirdParty/SEGGER/OS/SEGGER_SYSVIEW_FreeRTOS.o
 .debug_frame   0x0000000000003dbc      0x178 common/ThirdParty/SEGGER/Rec/segger_uart.o
 .debug_frame   0x0000000000003f34      0x52c common/ThirdParty/SEGGER/SEGGER/SEGGER_RTT.o
 .debug_frame   0x0000000000004460      0xbc8 common/ThirdParty/SEGGER/SEGGER/SEGGER_SYSVIEW.o
 .debug_frame   0x0000000000005028       0x2c /opt/st/stm32cubeide_1.4.0/plugins/com.st.stm32cube.ide.mcu.externaltools.gnu-tools-for-stm32.7-2018-q2-update.linux64_1.4.0.202007081208/tools/bin/../lib/gcc/arm-none-eabi/7.3.1/../../../../arm-none-eabi/lib/thumb/v7e-m/fpv4-sp/hard/libc_nano.a(lib_a-init.o)
 .debug_frame   0x0000000000005054       0x2c /opt/st/stm32cubeide_1.4.0/plugins/com.st.stm32cube.ide.mcu.externaltools.gnu-tools-for-stm32.7-2018-q2-update.linux64_1.4.0.202007081208/tools/bin/../lib/gcc/arm-none-eabi/7.3.1/../../../../arm-none-eabi/lib/thumb/v7e-m/fpv4-sp/hard/libc_nano.a(lib_a-memcmp.o)
 .debug_frame   0x0000000000005080       0x28 /opt/st/stm32cubeide_1.4.0/plugins/com.st.stm32cube.ide.mcu.externaltools.gnu-tools-for-stm32.7-2018-q2-update.linux64_1.4.0.202007081208/tools/bin/../lib/gcc/arm-none-eabi/7.3.1/../../../../arm-none-eabi/lib/thumb/v7e-m/fpv4-sp/hard/libc_nano.a(lib_a-memcpy-stub.o)
 .debug_frame   0x00000000000050a8       0x20 /opt/st/stm32cubeide_1.4.0/plugins/com.st.stm32cube.ide.mcu.externaltools.gnu-tools-for-stm32.7-2018-q2-update.linux64_1.4.0.202007081208/tools/bin/../lib/gcc/arm-none-eabi/7.3.1/../../../../arm-none-eabi/lib/thumb/v7e-m/fpv4-sp/hard/libc_nano.a(lib_a-memset.o)
 .debug_frame   0x00000000000050c8       0x2c /opt/st/stm32cubeide_1.4.0/plugins/com.st.stm32cube.ide.mcu.externaltools.gnu-tools-for-stm32.7-2018-q2-update.linux64_1.4.0.202007081208/tools/bin/../lib/gcc/arm-none-eabi/7.3.1/thumb/v7e-m/fpv4-sp/hard/libgcc.a(_aeabi_uldivmod.o)
 .debug_frame   0x00000000000050f4       0x34 /opt/st/stm32cubeide_1.4.0/plugins/com.st.stm32cube.ide.mcu.externaltools.gnu-tools-for-stm32.7-2018-q2-update.linux64_1.4.0.202007081208/tools/bin/../lib/gcc/arm-none-eabi/7.3.1/thumb/v7e-m/fpv4-sp/hard/libgcc.a(_udivmoddi4.o)
