Archive member included to satisfy reference by file (symbol)

/opt/st/stm32cubeide_1.4.0/plugins/com.st.stm32cube.ide.mcu.externaltools.gnu-tools-for-stm32.7-2018-q2-update.linux64_1.4.0.202007081208/tools/bin/../lib/gcc/arm-none-eabi/7.3.1/../../../../arm-none-eabi/lib/thumb/v7e-m/fpv4-sp/hard/libc_nano.a(lib_a-errno.o)
                              Core/Src/syscalls.o (__errno)
/opt/st/stm32cubeide_1.4.0/plugins/com.st.stm32cube.ide.mcu.externaltools.gnu-tools-for-stm32.7-2018-q2-update.linux64_1.4.0.202007081208/tools/bin/../lib/gcc/arm-none-eabi/7.3.1/../../../../arm-none-eabi/lib/thumb/v7e-m/fpv4-sp/hard/libc_nano.a(lib_a-exit.o)
                              /opt/st/stm32cubeide_1.4.0/plugins/com.st.stm32cube.ide.mcu.externaltools.gnu-tools-for-stm32.7-2018-q2-update.linux64_1.4.0.202007081208/tools/bin/../lib/gcc/arm-none-eabi/7.3.1/../../../../arm-none-eabi/lib/thumb/v7e-m/fpv4-sp/hard/crt0.o (exit)
/opt/st/stm32cubeide_1.4.0/plugins/com.st.stm32cube.ide.mcu.externaltools.gnu-tools-for-stm32.7-2018-q2-update.linux64_1.4.0.202007081208/tools/bin/../lib/gcc/arm-none-eabi/7.3.1/../../../../arm-none-eabi/lib/thumb/v7e-m/fpv4-sp/hard/libc_nano.a(lib_a-impure.o)
                              /opt/st/stm32cubeide_1.4.0/plugins/com.st.stm32cube.ide.mcu.externaltools.gnu-tools-for-stm32.7-2018-q2-update.linux64_1.4.0.202007081208/tools/bin/../lib/gcc/arm-none-eabi/7.3.1/../../../../arm-none-eabi/lib/thumb/v7e-m/fpv4-sp/hard/libc_nano.a(lib_a-exit.o) (_global_impure_ptr)
/opt/st/stm32cubeide_1.4.0/plugins/com.st.stm32cube.ide.mcu.externaltools.gnu-tools-for-stm32.7-2018-q2-update.linux64_1.4.0.202007081208/tools/bin/../lib/gcc/arm-none-eabi/7.3.1/../../../../arm-none-eabi/lib/thumb/v7e-m/fpv4-sp/hard/libc_nano.a(lib_a-init.o)
                              /opt/st/stm32cubeide_1.4.0/plugins/com.st.stm32cube.ide.mcu.externaltools.gnu-tools-for-stm32.7-2018-q2-update.linux64_1.4.0.202007081208/tools/bin/../lib/gcc/arm-none-eabi/7.3.1/../../../../arm-none-eabi/lib/thumb/v7e-m/fpv4-sp/hard/crt0.o (__libc_init_array)
/opt/st/stm32cubeide_1.4.0/plugins/com.st.stm32cube.ide.mcu.externaltools.gnu-tools-for-stm32.7-2018-q2-update.linux64_1.4.0.202007081208/tools/bin/../lib/gcc/arm-none-eabi/7.3.1/../../../../arm-none-eabi/lib/thumb/v7e-m/fpv4-sp/hard/libc_nano.a(lib_a-memcmp.o)
                              ThirdParty/SEGGER/OS/SEGGER_SYSVIEW_FreeRTOS.o (memcmp)
/opt/st/stm32cubeide_1.4.0/plugins/com.st.stm32cube.ide.mcu.externaltools.gnu-tools-for-stm32.7-2018-q2-update.linux64_1.4.0.202007081208/tools/bin/../lib/gcc/arm-none-eabi/7.3.1/../../../../arm-none-eabi/lib/thumb/v7e-m/fpv4-sp/hard/libc_nano.a(lib_a-memcpy-stub.o)
                              ThirdParty/FreeRTOS/queue.o (memcpy)
/opt/st/stm32cubeide_1.4.0/plugins/com.st.stm32cube.ide.mcu.externaltools.gnu-tools-for-stm32.7-2018-q2-update.linux64_1.4.0.202007081208/tools/bin/../lib/gcc/arm-none-eabi/7.3.1/../../../../arm-none-eabi/lib/thumb/v7e-m/fpv4-sp/hard/libc_nano.a(lib_a-memset.o)
                              /opt/st/stm32cubeide_1.4.0/plugins/com.st.stm32cube.ide.mcu.externaltools.gnu-tools-for-stm32.7-2018-q2-update.linux64_1.4.0.202007081208/tools/bin/../lib/gcc/arm-none-eabi/7.3.1/../../../../arm-none-eabi/lib/thumb/v7e-m/fpv4-sp/hard/crt0.o (memset)
/opt/st/stm32cubeide_1.4.0/plugins/com.st.stm32cube.ide.mcu.externaltools.gnu-tools-for-stm32.7-2018-q2-update.linux64_1.4.0.202007081208/tools/bin/../lib/gcc/arm-none-eabi/7.3.1/../../../../arm-none-eabi/lib/thumb/v7e-m/fpv4-sp/hard/libc_nano.a(lib_a-snprintf.o)
                              Core/Src/main.o (snprintf)
/opt/st/stm32cubeide_1.4.0/plugins/com.st.stm32cube.ide.mcu.externaltools.gnu-tools-for-stm32.7-2018-q2-update.linux64_1.4.0.202007081208/tools/bin/../lib/gcc/arm-none-eabi/7.3.1/../../../../arm-none-eabi/lib/thumb/v7e-m/fpv4-sp/hard/libc_nano.a(lib_a-strlen.o)
                              ThirdParty/SEGGER/SEGGER/SEGGER_RTT.o (strlen)
/opt/st/stm32cubeide_1.4.0/plugins/com.st.stm32cube.ide.mcu.externaltools.gnu-tools-for-stm32.7-2018-q2-update.linux64_1.4.0.202007081208/tools/bin/../lib/gcc/arm-none-eabi/7.3.1/../../../../arm-none-eabi/lib/thumb/v7e-m/fpv4-sp/hard/libc_nano.a(lib_a-nano-svfprintf.o)
                              /opt/st/stm32cubeide_1.4.0/plugins/com.st.stm32cube.ide.mcu.externaltools.gnu-tools-for-stm32.7-2018-q2-update.linux64_1.4.0.202007081208/tools/bin/../lib/gcc/arm-none-eabi/7.3.1/../../../../arm-none-eabi/lib/thumb/v7e-m/fpv4-sp/hard/libc_nano.a(lib_a-snprintf.o) (_svfprintf_r)
/opt/st/stm32cubeide_1.4.0/plugins/com.st.stm32cube.ide.mcu.externaltools.gnu-tools-for-stm32.7-2018-q2-update.linux64_1.4.0.202007081208/tools/bin/../lib/gcc/arm-none-eabi/7.3.1/../../../../arm-none-eabi/lib/thumb/v7e-m/fpv4-sp/hard/libc_nano.a(lib_a-nano-vfprintf_i.o)
[...]
Memory Configuration

Name             Origin             Length             Attributes
RAM              0x0000000020000000 0x0000000000020000 xrw
FLASH            0x0000000008000000 0x0000000000080000 xr
*default*        0x0000000000000000 0xffffffffffffffff

Linker script and memory map

LOAD /opt/st/stm32cubeide_1.4.0/plugins/com.st.stm32cube.ide.mcu.externaltools.gnu-tools-for-stm32.7-2018-q2-update.linux64_1.4.0.202007081208/tools/bin/../lib/gcc/arm-none-eabi/7.3.1/thumb/v7e-m/fpv4-sp/hard/crti.o
LOAD /opt/st/stm32cubeide_1.4.0/plugins/com.st.stm32cube.ide.mcu.externaltools.gnu-tools-for-stm32.7-2018-q2-update.linux64_1.4.0.202007081208/tools/bin/../lib/gcc/arm-none-eabi/7.3.1/thumb/v7e-m/fpv4-sp/hard/crtbegin.o
LOAD /opt/st/stm32cubeide_1.4.0/plugins/com.st.stm32cube.ide.mcu.externaltools.gnu-tools-for-stm32.7-2018-q2-update.linux64_1.4.0.202007081208/tools/bin/../lib/gcc/arm-none-eabi/7.3.1/../../../../arm-none-eabi/lib/thumb/v7e-m/fpv4-sp/hard/crt0.o
LOAD Core/Src/main.o
LOAD Core/Src/stm32f4xx_hal_msp.o
LOAD Core/Src/stm32f4xx_hal_timebase_tim.o
LOAD Core/Src/stm32f4xx_it.o
LOAD Core/Src/syscalls.o
LOAD Core/Src/system_stm32f4xx.o
LOAD Core/Startup/startup_stm32f411retx.o
LOAD Drivers/STM32F4xx_HAL_Driver/Src/stm32f4xx_hal.o
LOAD Drivers/STM32F4xx_HAL_Driver/Src/stm32f4xx_hal_cortex.o
LOAD Drivers/STM32F4xx_HAL_Driver/Src/stm32f4xx_hal_dma.o
LOAD Drivers/STM32F4xx_HAL_Driver/Src/stm32f4xx_hal_dma_ex.o
LOAD Drivers/STM32F4xx_HAL_Driver/Src/stm32f4xx_hal_exti.o
LOAD Drivers/STM32F4xx_HAL_Driver/Src/stm32f4xx_hal_flash.o
LOAD Drivers/STM32F4xx_HAL_Driver/Src/stm32f4xx_hal_flash_ex.o
LOAD Drivers/STM32F4xx_HAL_Driver/Src/stm32f4xx_hal_flash_ramfunc.o
LOAD Drivers/STM32F4xx_HAL_Driver/Src/stm32f4xx_hal_gpio.o
LOAD Drivers/STM32F4xx_HAL_Driver/Src/stm32f4xx_hal_pwr.o
LOAD Drivers/STM32F4xx_HAL_Driver/Src/stm32f4xx_hal_pwr_ex.o
LOAD Drivers/STM32F4xx_HAL_Driver/Src/stm32f4xx_hal_rcc.o
LOAD Drivers/STM32F4xx_HAL_Driver/Src/stm32f4xx_hal_rcc_ex.o
LOAD Drivers/STM32F4xx_HAL_Driver/Src/stm32f4xx_hal_tim.o
LOAD Drivers/STM32F4xx_HAL_Driver/Src/stm32f4xx_hal_tim_ex.o
LOAD Drivers/STM32F4xx_HAL_Driver/Src/stm32f4xx_hal_uart.o
LOAD ThirdParty/FreeRTOS/croutine.o
LOAD ThirdParty/FreeRTOS/event_groups.o
LOAD ThirdParty/FreeRTOS/list.o
LOAD ThirdParty/FreeRTOS/queue.o
LOAD ThirdParty/FreeRTOS/stream_buffer.o
LOAD ThirdParty/FreeRTOS/tasks.o
LOAD ThirdParty/FreeRTOS/timers.o
LOAD ThirdParty/FreeRTOS/portable/GCC/ARM_CM4F/port.o
LOAD ThirdParty/FreeRTOS/portable/MemMang/heap_4.o
LOAD ThirdParty/SEGGER/Config/SEGGER_SYSVIEW_Config_FreeRTOS.o
LOAD ThirdParty/SEGGER/OS/SEGGER_SYSVIEW_FreeRTOS.o
LOAD ThirdParty/SEGGER/Rec/segger_uart.o
LOAD ThirdParty/SEGGER/SEGGER/SEGGER_RTT.o
LOAD ThirdParty/SEGGER/SEGGER/SEGGER_RTT_ASM_ARMv7M.o
LOAD ThirdParty/SEGGER/SEGGER/SEGGER_RTT_printf.o
LOAD ThirdParty/SEGGER/SEGGER/SEGGER_SYSVIEW.o
LOAD ThirdParty/SEGGER/SEGGER/Syscalls/SEGGER_RTT_Syscalls_GCC.o
START GROUP
LOAD /opt/st/stm32cubeide_1.4.0/plugins/com.st.stm32cube.ide.mcu.externaltools.gnu-tools-for-stm32.7-2018-q2-update.linux64_1.4.0.202007081208/tools/bin/../lib/gcc/arm-none-eabi/7.3.1/../../../../arm-none-eabi/lib/thumb/v7e-m/fpv4-sp/hard/libc_nano.a
LOAD /opt/st/stm32cubeide_1.4.0/plugins/com.st.stm32cube.ide.mcu.externaltools.gnu-tools-for-stm32.7-2018-q2-update.linux64_1.4.0.202007081208/tools/bin/../lib/gcc/arm-none-eabi/7.3.1/../../../../arm-none-eabi/lib/thumb/v7e-m/fpv4-sp/hard/libm.a
END GROUP
START GROUP
LOAD /opt/st/stm32cubeide_1.4.0/plugins/com.st.stm32cube.ide.mcu.externaltools.gnu-tools-for-stm32.7-2018-q2-update.linux64_1.4.0.202007081208/tools/bin/../lib/gcc/arm-none-eabi/7.3.1/thumb/v7e-m/fpv4-sp/hard/libgcc.a
LOAD /opt/st/stm32cubeide_1.4.0/plugins/com.st.stm32cube.ide.mcu.externaltools.gnu-tools-for-stm32.7-2018-q2-update.linux64_1.4.0.202007081208/tools/bin/../lib/gcc/arm-none-eabi/7.3.1/../../../../arm-none-eabi/lib/thumb/v7e-m/fpv4-sp/hard/libc_nano.a
END GROUP
START GROUP
LOAD /opt/st/stm32cubeide_1.4.0/plugins/com.st.stm32cube.ide.mcu.externaltools.gnu-tools-for-stm32.7-2018-q2-update.linux64_1.4.0.202007081208/tools/bin/../lib/gcc/arm-none-eabi/7.3.1/thumb/v7e-m/fpv4-sp/hard/libgcc.a
LOAD /opt/st/stm32cubeide_1.4.0/plugins/com.st.stm32cube.ide.mcu.externaltools.gnu-tools-for-stm32.7-2018-q2-update.linux64_1.4.0.202007081208/tools/bin/../lib/gcc/arm-none-eabi/7.3.1/../../../../arm-none-eabi/lib/thumb/v7e-m/fpv4-sp/hard/libc_nano.a
LOAD /opt/st/stm32cubeide_1.4.0/plugins/com.st.stm32cube.ide.mcu.externaltools.gnu-tools-for-stm32.7-2018-q2-update.linux64_1.4.0.202007081208/tools/bin/../lib/gcc/arm-none-eabi/7.3.1/../../../../arm-none-eabi/lib/thumb/v7e-m/fpv4-sp/hard/libnosys.a
END GROUP
START GROUP
LOAD /opt/st/stm32cubeide_1.4.0/plugins/com.st.stm32cube.ide.mcu.externaltools.gnu-tools-for-stm32.7-2018-q2-update.linux64_1.4.0.202007081208/tools/bin/../lib/gcc/arm-none-eabi/7.3.1/thumb/v7e-m/fpv4-sp/hard/libgcc.a
LOAD /opt/st/stm32cubeide_1.4.0/plugins/com.st.stm32cube.ide.mcu.externaltools.gnu-tools-for-stm32.7-2018-q2-update.linux64_1.4.0.202007081208/tools/bin/../lib/gcc/arm-none-eabi/7.3.1/../../../../arm-none-eabi/lib/thumb/v7e-m/fpv4-sp/hard/libc_nano.a
LOAD /opt/st/stm32cubeide_1.4.0/plugins/com.st.stm32cube.ide.mcu.externaltools.gnu-tools-for-stm32.7-2018-q2-update.linux64_1.4.0.202007081208/tools/bin/../lib/gcc/arm-none-eabi/7.3.1/../../../../arm-none-eabi/lib/thumb/v7e-m/fpv4-sp/hard/libnosys.a
END GROUP
LOAD /opt/st/stm32cubeide_1.4.0/plugins/com.st.stm32cube.ide.mcu.externaltools.gnu-tools-for-stm32.7-2018-q2-update.linux64_1.4.0.202007081208/tools/bin/../lib/gcc/arm-none-eabi/7.3.1/thumb/v7e-m/fpv4-sp/hard/crtend.o
LOAD /opt/st/stm32cubeide_1.4.0/plugins/com.st.stm32cube.ide.mcu.externaltools.gnu-tools-for-stm32.7-2018-q2-update.linux64_1.4.0.202007081208/tools/bin/../lib/gcc/arm-none-eabi/7.3.1/thumb/v7e-m/fpv4-sp/hard/crtn.o
                0x0000000020020000                _estack = (ORIGIN (RAM) + LENGTH (RAM))
                0x0000000000000200                _Min_Heap_Size = 0x200
                0x0000000000000400                _Min_Stack_Size = 0x400

.isr_vector     0x0000000008000000      0x198
                0x0000000008000000                . = ALIGN (0x4)
 *(.isr_vector)
 .isr_vector    0x0000000008000000      0x198 Core/Startup/startup_stm32f411retx.o
                0x0000000008000000                g_pfnVectors
                0x0000000008000198                . = ALIGN (0x4)

.text           0x00000000080001a0     0x65cc
                0x00000000080001a0                . = ALIGN (0x4)
 *(.text)
 .text          0x00000000080001a0       0x40 /opt/st/stm32cubeide_1.4.0/plugins/com.st.stm32cube.ide.mcu.externaltools.gnu-tools-for-stm32.7-2018-q2-update.linux64_1.4.0.202007081208/tools/bin/../lib/gcc/arm-none-eabi/7.3.1/thumb/v7e-m/fpv4-sp/hard/crtbegin.o
 .text          0x00000000080001e0       0x94 ThirdParty/SEGGER/SEGGER/SEGGER_RTT_ASM_ARMv7M.o
                0x00000000080001e0                SEGGER_RTT_ASM_WriteSkipNoLock
 *fill*         0x0000000008000274        0xc 
 .text          0x0000000008000280       0xa0 /opt/st/stm32cubeide_1.4.0/plugins/com.st.stm32cube.ide.mcu.externaltools.gnu-tools-for-stm32.7-2018-q2-update.linux64_1.4.0.202007081208/tools/bin/../lib/gcc/arm-none-eabi/7.3.1/../../../../arm-none-eabi/lib/thumb/v7e-m/fpv4-sp/hard/libc_nano.a(lib_a-memchr.o)
                0x0000000008000280                memchr
 .text          0x0000000008000320       0x30 /opt/st/stm32cubeide_1.4.0/plugins/com.st.stm32cube.ide.mcu.externaltools.gnu-tools-for-stm32.7-2018-q2-update.linux64_1.4.0.202007081208/tools/bin/../lib/gcc/arm-none-eabi/7.3.1/thumb/v7e-m/fpv4-sp/hard/libgcc.a(_aeabi_uldivmod.o)
                0x0000000008000320                __aeabi_uldivmod
 .text          0x0000000008000350      0x2cc /opt/st/stm32cubeide_1.4.0/plugins/com.st.stm32cube.ide.mcu.externaltools.gnu-tools-for-stm32.7-2018-q2-update.linux64_1.4.0.202007081208/tools/bin/../lib/gcc/arm-none-eabi/7.3.1/thumb/v7e-m/fpv4-sp/hard/libgcc.a(_udivmoddi4.o)
                0x0000000008000350                __udivmoddi4
 .text          0x000000000800061c        0x4 /opt/st/stm32cubeide_1.4.0/plugins/com.st.stm32cube.ide.mcu.externaltools.gnu-tools-for-stm32.7-2018-q2-update.linux64_1.4.0.202007081208/tools/bin/../lib/gcc/arm-none-eabi/7.3.1/thumb/v7e-m/fpv4-sp/hard/libgcc.a(_dvmd_tls.o)
                0x000000000800061c                __aeabi_ldiv0
                0x000000000800061c                __aeabi_idiv0
 *(.text*)
 .text.main     0x0000000008000620       0xb4 Core/Src/main.o
                0x0000000008000620                main
 .text.SystemClock_Config
                0x00000000080006d4       0xd0 Core/Src/main.o
                0x00000000080006d4                SystemClock_Config
 .text.MX_USART2_UART_Init
                0x00000000080007a4       0x54 Core/Src/main.o
 .text.MX_GPIO_Init
                0x00000000080007f8       0xe0 Core/Src/main.o
 .text.task1_handler
                0x00000000080008d8       0x3c Core/Src/main.o
 .text.task2_handler
                0x0000000008000914       0x3c Core/Src/main.o
 .text.HAL_TIM_PeriodElapsedCallback
                0x0000000008000950       0x24 Core/Src/main.o
                0x0000000008000950                HAL_TIM_PeriodElapsedCallback
 .text.Error_Handler
                0x0000000008000974        0xe Core/Src/main.o
                0x0000000008000974                Error_Handler
 *fill*         0x0000000008000982        0x2 
 .text.HAL_MspInit
                0x0000000008000984       0x50 Core/Src/stm32f4xx_hal_msp.o
                0x0000000008000984                HAL_MspInit
 .text.HAL_UART_MspInit
                0x00000000080009d4       0x90 Core/Src/stm32f4xx_hal_msp.o
                0x00000000080009d4                HAL_UART_MspInit
 .text.HAL_InitTick
                0x0000000008000a64       0xb4 Core/Src/stm32f4xx_hal_timebase_tim.o
                0x0000000008000a64                HAL_InitTick
 .text.NMI_Handler
                0x0000000008000b18        0xe Core/Src/stm32f4xx_it.o
                0x0000000008000b18                NMI_Handler
 .text.HardFault_Handler
                0x0000000008000b26        0x6 Core/Src/stm32f4xx_it.o
                0x0000000008000b26                HardFault_Handler
 .text.MemManage_Handler
                0x0000000008000b2c        0x6 Core/Src/stm32f4xx_it.o
                0x0000000008000b2c                MemManage_Handler
 .text.BusFault_Handler
                0x0000000008000b32        0x6 Core/Src/stm32f4xx_it.o
                0x0000000008000b32                BusFault_Handler
 .text.UsageFault_Handler
                0x0000000008000b38        0x6 Core/Src/stm32f4xx_it.o
                0x0000000008000b38                UsageFault_Handler
 .text.DebugMon_Handler
                0x0000000008000b3e        0xe Core/Src/stm32f4xx_it.o
                0x0000000008000b3e                DebugMon_Handler
 .text.TIM5_IRQHandler
                0x0000000008000b4c       0x14 Core/Src/stm32f4xx_it.o
                0x0000000008000b4c                TIM5_IRQHandler
 .text.SystemInit
                0x0000000008000b60       0x2c Core/Src/system_stm32f4xx.o
                0x0000000008000b60                SystemInit
 .text.Reset_Handler
                0x0000000008000b8c       0x50 Core/Startup/startup_stm32f411retx.o
                0x0000000008000b8c                Reset_Handler
 .text.Default_Handler
                0x0000000008000bdc        0x2 Core/Startup/startup_stm32f411retx.o
                0x0000000008000bdc                RTC_Alarm_IRQHandler
                0x0000000008000bdc                EXTI2_IRQHandler
                0x0000000008000bdc                SPI4_IRQHandler
                0x0000000008000bdc                TIM1_CC_IRQHandler
                0x0000000008000bdc                DMA2_Stream5_IRQHandler
                0x0000000008000bdc                DMA1_Stream5_IRQHandler
                0x0000000008000bdc                PVD_IRQHandler
                0x0000000008000bdc                SDIO_IRQHandler
                0x0000000008000bdc                TAMP_STAMP_IRQHandler
                0x0000000008000bdc                EXTI3_IRQHandler
                0x0000000008000bdc                TIM1_UP_TIM10_IRQHandler
                0x0000000008000bdc                I2C3_ER_IRQHandler
                0x0000000008000bdc                EXTI0_IRQHandler
                0x0000000008000bdc                I2C2_EV_IRQHandler
                0x0000000008000bdc                DMA1_Stream2_IRQHandler
                0x0000000008000bdc                FPU_IRQHandler
                0x0000000008000bdc                DMA2_Stream2_IRQHandler
                0x0000000008000bdc                SPI1_IRQHandler
                0x0000000008000bdc                TIM1_BRK_TIM9_IRQHandler
                0x0000000008000bdc                DMA2_Stream3_IRQHandler
                0x0000000008000bdc                USART6_IRQHandler
                0x0000000008000bdc                DMA2_Stream0_IRQHandler
                0x0000000008000bdc                TIM4_IRQHandler
                0x0000000008000bdc                I2C1_EV_IRQHandler
                0x0000000008000bdc                DMA1_Stream6_IRQHandler
                0x0000000008000bdc                DMA1_Stream1_IRQHandler
                0x0000000008000bdc                TIM3_IRQHandler
                0x0000000008000bdc                RCC_IRQHandler
                0x0000000008000bdc                Default_Handler
                0x0000000008000bdc                EXTI15_10_IRQHandler
                0x0000000008000bdc                ADC_IRQHandler
                0x0000000008000bdc                DMA1_Stream7_IRQHandler
                0x0000000008000bdc                SPI5_IRQHandler
                0x0000000008000bdc                DMA2_Stream7_IRQHandler
                0x0000000008000bdc                I2C3_EV_IRQHandler
                0x0000000008000bdc                EXTI9_5_IRQHandler
                0x0000000008000bdc                RTC_WKUP_IRQHandler
                0x0000000008000bdc                SPI2_IRQHandler
                0x0000000008000bdc                DMA1_Stream0_IRQHandler
                0x0000000008000bdc                EXTI4_IRQHandler
                0x0000000008000bdc                WWDG_IRQHandler
                0x0000000008000bdc                TIM2_IRQHandler
                0x0000000008000bdc                OTG_FS_WKUP_IRQHandler
                0x0000000008000bdc                TIM1_TRG_COM_TIM11_IRQHandler
                0x0000000008000bdc                EXTI1_IRQHandler
                0x0000000008000bdc                I2C2_ER_IRQHandler
                0x0000000008000bdc                DMA2_Stream1_IRQHandler
                0x0000000008000bdc                FLASH_IRQHandler
                0x0000000008000bdc                DMA2_Stream4_IRQHandler
                0x0000000008000bdc                USART1_IRQHandler
                0x0000000008000bdc                OTG_FS_IRQHandler
                0x0000000008000bdc                SPI3_IRQHandler
                0x0000000008000bdc                DMA1_Stream4_IRQHandler
                0x0000000008000bdc                I2C1_ER_IRQHandler
                0x0000000008000bdc                DMA2_Stream6_IRQHandler
                0x0000000008000bdc                DMA1_Stream3_IRQHandler
 *fill*         0x0000000008000bde        0x2 
 .text.HAL_Init
                0x0000000008000be0       0x44 Drivers/STM32F4xx_HAL_Driver/Src/stm32f4xx_hal.o
                0x0000000008000be0                HAL_Init
 .text.HAL_IncTick
                0x0000000008000c24       0x28 Drivers/STM32F4xx_HAL_Driver/Src/stm32f4xx_hal.o
                0x0000000008000c24                HAL_IncTick
 .text.HAL_GetTick
                0x0000000008000c4c       0x18 Drivers/STM32F4xx_HAL_Driver/Src/stm32f4xx_hal.o
                0x0000000008000c4c                HAL_GetTick
 .text.__NVIC_SetPriorityGrouping
                0x0000000008000c64       0x48 Drivers/STM32F4xx_HAL_Driver/Src/stm32f4xx_hal_cortex.o
 .text.__NVIC_GetPriorityGrouping
                0x0000000008000cac       0x1c Drivers/STM32F4xx_HAL_Driver/Src/stm32f4xx_hal_cortex.o
 .text.__NVIC_EnableIRQ
                0x0000000008000cc8       0x3c Drivers/STM32F4xx_HAL_Driver/Src/stm32f4xx_hal_cortex.o
 .text.__NVIC_SetPriority
                0x0000000008000d04       0x54 Drivers/STM32F4xx_HAL_Driver/Src/stm32f4xx_hal_cortex.o
 .text.NVIC_EncodePriority
                0x0000000008000d58       0x66 Drivers/STM32F4xx_HAL_Driver/Src/stm32f4xx_hal_cortex.o
 .text.HAL_NVIC_SetPriorityGrouping
                0x0000000008000dbe       0x16 Drivers/STM32F4xx_HAL_Driver/Src/stm32f4xx_hal_cortex.o
                0x0000000008000dbe                HAL_NVIC_SetPriorityGrouping
 .text.HAL_NVIC_SetPriority
                0x0000000008000dd4       0x38 Drivers/STM32F4xx_HAL_Driver/Src/stm32f4xx_hal_cortex.o
                0x0000000008000dd4                HAL_NVIC_SetPriority
 .text.HAL_NVIC_EnableIRQ
                0x0000000008000e0c       0x1c Drivers/STM32F4xx_HAL_Driver/Src/stm32f4xx_hal_cortex.o
                0x0000000008000e0c                HAL_NVIC_EnableIRQ
 .text.HAL_GPIO_Init
                0x0000000008000e28      0x304 Drivers/STM32F4xx_HAL_Driver/Src/stm32f4xx_hal_gpio.o
                0x0000000008000e28                HAL_GPIO_Init
 .text.HAL_GPIO_WritePin
                0x000000000800112c       0x32 Drivers/STM32F4xx_HAL_Driver/Src/stm32f4xx_hal_gpio.o
                0x000000000800112c                HAL_GPIO_WritePin
 *fill*         0x000000000800115e        0x2 
 .text.HAL_RCC_OscConfig
                0x0000000008001160      0x4e0 Drivers/STM32F4xx_HAL_Driver/Src/stm32f4xx_hal_rcc.o
                0x0000000008001160                HAL_RCC_OscConfig
 .text.HAL_RCC_ClockConfig
                0x0000000008001640      0x1cc Drivers/STM32F4xx_HAL_Driver/Src/stm32f4xx_hal_rcc.o
                0x0000000008001640                HAL_RCC_ClockConfig
 .text.HAL_RCC_GetSysClockFreq
                0x000000000800180c      0x1b0 Drivers/STM32F4xx_HAL_Driver/Src/stm32f4xx_hal_rcc.o
                0x000000000800180c                HAL_RCC_GetSysClockFreq
 .text.HAL_RCC_GetHCLKFreq
                0x00000000080019bc       0x18 Drivers/STM32F4xx_HAL_Driver/Src/stm32f4xx_hal_rcc.o
                0x00000000080019bc                HAL_RCC_GetHCLKFreq
 .text.HAL_RCC_GetPCLK1Freq
                0x00000000080019d4       0x28 Drivers/STM32F4xx_HAL_Driver/Src/stm32f4xx_hal_rcc.o
                0x00000000080019d4                HAL_RCC_GetPCLK1Freq
 .text.HAL_RCC_GetPCLK2Freq
                0x00000000080019fc       0x28 Drivers/STM32F4xx_HAL_Driver/Src/stm32f4xx_hal_rcc.o
                0x00000000080019fc                HAL_RCC_GetPCLK2Freq
 .text.HAL_RCC_GetClockConfig
                0x0000000008001a24       0x64 Drivers/STM32F4xx_HAL_Driver/Src/stm32f4xx_hal_rcc.o
                0x0000000008001a24                HAL_RCC_GetClockConfig
 .text.HAL_TIM_Base_Init
                0x0000000008001a88       0x56 Drivers/STM32F4xx_HAL_Driver/Src/stm32f4xx_hal_tim.o
                0x0000000008001a88                HAL_TIM_Base_Init
 .text.HAL_TIM_Base_MspInit
                0x0000000008001ade       0x14 Drivers/STM32F4xx_HAL_Driver/Src/stm32f4xx_hal_tim.o
                0x0000000008001ade                HAL_TIM_Base_MspInit
 .text.HAL_TIM_Base_Start_IT
                0x0000000008001af2       0x48 Drivers/STM32F4xx_HAL_Driver/Src/stm32f4xx_hal_tim.o
                0x0000000008001af2                HAL_TIM_Base_Start_IT
 .text.HAL_TIM_IRQHandler
                0x0000000008001b3a      0x210 Drivers/STM32F4xx_HAL_Driver/Src/stm32f4xx_hal_tim.o
                0x0000000008001b3a                HAL_TIM_IRQHandler
 .text.HAL_TIM_OC_DelayElapsedCallback
                0x0000000008001d4a       0x14 Drivers/STM32F4xx_HAL_Driver/Src/stm32f4xx_hal_tim.o
                0x0000000008001d4a                HAL_TIM_OC_DelayElapsedCallback
 .text.HAL_TIM_IC_CaptureCallback
                0x0000000008001d5e       0x14 Drivers/STM32F4xx_HAL_Driver/Src/stm32f4xx_hal_tim.o
                0x0000000008001d5e                HAL_TIM_IC_CaptureCallback
 .text.HAL_TIM_PWM_PulseFinishedCallback
                0x0000000008001d72       0x14 Drivers/STM32F4xx_HAL_Driver/Src/stm32f4xx_hal_tim.o
                0x0000000008001d72                HAL_TIM_PWM_PulseFinishedCallback
 .text.HAL_TIM_TriggerCallback
                0x0000000008001d86       0x14 Drivers/STM32F4xx_HAL_Driver/Src/stm32f4xx_hal_tim.o
                0x0000000008001d86                HAL_TIM_TriggerCallback
 *fill*         0x0000000008001d9a        0x2 
 .text.TIM_Base_SetConfig
                0x0000000008001d9c      0x100 Drivers/STM32F4xx_HAL_Driver/Src/stm32f4xx_hal_tim.o
                0x0000000008001d9c                TIM_Base_SetConfig
 .text.HAL_TIMEx_CommutCallback
                0x0000000008001e9c       0x14 Drivers/STM32F4xx_HAL_Driver/Src/stm32f4xx_hal_tim_ex.o
                0x0000000008001e9c                HAL_TIMEx_CommutCallback
 .text.HAL_TIMEx_BreakCallback
                0x0000000008001eb0       0x14 Drivers/STM32F4xx_HAL_Driver/Src/stm32f4xx_hal_tim_ex.o
                0x0000000008001eb0                HAL_TIMEx_BreakCallback
 .text.HAL_UART_Init
                0x0000000008001ec4       0x9a Drivers/STM32F4xx_HAL_Driver/Src/stm32f4xx_hal_uart.o
                0x0000000008001ec4                HAL_UART_Init
 *fill*         0x0000000008001f5e        0x2 
 .text.UART_SetConfig
                0x0000000008001f60      0x6f8 Drivers/STM32F4xx_HAL_Driver/Src/stm32f4xx_hal_uart.o
 .text.vListInitialise
                0x0000000008002658       0x40 ThirdParty/FreeRTOS/list.o
                0x0000000008002658                vListInitialise
 .text.vListInitialiseItem
                0x0000000008002698       0x1a ThirdParty/FreeRTOS/list.o
                0x0000000008002698                vListInitialiseItem
 .text.vListInsertEnd
                0x00000000080026b2       0x48 ThirdParty/FreeRTOS/list.o
                0x00000000080026b2                vListInsertEnd
 .text.uxListRemove
                0x00000000080026fa       0x54 ThirdParty/FreeRTOS/list.o
                0x00000000080026fa                uxListRemove
 .text.xTaskCreate
                0x000000000800274e       0x82 ThirdParty/FreeRTOS/tasks.o
                0x000000000800274e                xTaskCreate
 .text.prvInitialiseNewTask
                0x00000000080027d0      0x12a ThirdParty/FreeRTOS/tasks.o
 *fill*         0x00000000080028fa        0x2 
 .text.prvAddNewTaskToReadyList
                0x00000000080028fc       0xfc ThirdParty/FreeRTOS/tasks.o
 .text.vTaskStartScheduler
                0x00000000080029f8       0xb4 ThirdParty/FreeRTOS/tasks.o
                0x00000000080029f8                vTaskStartScheduler
 .text.vTaskSuspendAll
                0x0000000008002aac       0x1c ThirdParty/FreeRTOS/tasks.o
                0x0000000008002aac                vTaskSuspendAll
 .text.xTaskResumeAll
                0x0000000008002ac8      0x124 ThirdParty/FreeRTOS/tasks.o
                0x0000000008002ac8                xTaskResumeAll
 .text.xTaskGetTickCountFromISR
                0x0000000008002bec       0x24 ThirdParty/FreeRTOS/tasks.o
                0x0000000008002bec                xTaskGetTickCountFromISR
 .text.xTaskIncrementTick
                0x0000000008002c10      0x130 ThirdParty/FreeRTOS/tasks.o
                0x0000000008002c10                xTaskIncrementTick
 .text.vTaskSwitchContext
                0x0000000008002d40       0xd0 ThirdParty/FreeRTOS/tasks.o
                0x0000000008002d40                vTaskSwitchContext
 .text.prvIdleTask
                0x0000000008002e10       0x24 ThirdParty/FreeRTOS/tasks.o
 .text.prvInitialiseTaskLists
                0x0000000008002e34       0x80 ThirdParty/FreeRTOS/tasks.o
 .text.prvCheckTasksWaitingTermination
                0x0000000008002eb4       0x58 ThirdParty/FreeRTOS/tasks.o
 .text.prvDeleteTCB
                0x0000000008002f0c       0x20 ThirdParty/FreeRTOS/tasks.o
 .text.prvResetNextTaskUnblockTime
                0x0000000008002f2c       0x38 ThirdParty/FreeRTOS/tasks.o
 .text.pxPortInitialiseStack
                0x0000000008002f64       0x68 ThirdParty/FreeRTOS/portable/GCC/ARM_CM4F/port.o
                0x0000000008002f64                pxPortInitialiseStack
 .text.prvTaskExitError
                0x0000000008002fcc       0x54 ThirdParty/FreeRTOS/portable/GCC/ARM_CM4F/port.o
 .text.SVC_Handler
                0x0000000008003020       0x28 ThirdParty/FreeRTOS/portable/GCC/ARM_CM4F/port.o
                0x0000000008003020                SVC_Handler
 .text.prvPortStartFirstTask
                0x0000000008003048       0x2c ThirdParty/FreeRTOS/portable/GCC/ARM_CM4F/port.o
 .text.xPortStartScheduler
                0x0000000008003074      0x13c ThirdParty/FreeRTOS/portable/GCC/ARM_CM4F/port.o
                0x0000000008003074                xPortStartScheduler
 .text.vInitPrioGroupValue
                0x00000000080031b0       0xf4 ThirdParty/FreeRTOS/portable/GCC/ARM_CM4F/port.o
                0x00000000080031b0                vInitPrioGroupValue
 .text.vPortEnterCritical
                0x00000000080032a4       0x5c ThirdParty/FreeRTOS/portable/GCC/ARM_CM4F/port.o
                0x00000000080032a4                vPortEnterCritical
 .text.vPortExitCritical
                0x0000000008003300       0x50 ThirdParty/FreeRTOS/portable/GCC/ARM_CM4F/port.o
                0x0000000008003300                vPortExitCritical
 .text.PendSV_Handler
                0x0000000008003350       0x68 ThirdParty/FreeRTOS/portable/GCC/ARM_CM4F/port.o
                0x0000000008003350                PendSV_Handler
 .text.SysTick_Handler
                0x00000000080033b8       0x50 ThirdParty/FreeRTOS/portable/GCC/ARM_CM4F/port.o
                0x00000000080033b8                SysTick_Handler
 .text.vPortSetupTimerInterrupt
                0x0000000008003408       0x48 ThirdParty/FreeRTOS/portable/GCC/ARM_CM4F/port.o
                0x0000000008003408                vPortSetupTimerInterrupt
 .text.vPortEnableVFP
                0x0000000008003450       0x18 ThirdParty/FreeRTOS/portable/GCC/ARM_CM4F/port.o
 .text.vPortValidateInterruptPriority
                0x0000000008003468       0x7c ThirdParty/FreeRTOS/portable/GCC/ARM_CM4F/port.o
                0x0000000008003468                vPortValidateInterruptPriority
 .text.pvPortMalloc
                0x00000000080034e4      0x1b8 ThirdParty/FreeRTOS/portable/MemMang/heap_4.o
                0x00000000080034e4                pvPortMalloc
 .text.vPortFree
                0x000000000800369c       0xc0 ThirdParty/FreeRTOS/portable/MemMang/heap_4.o
                0x000000000800369c                vPortFree
 .text.prvHeapInit
                0x000000000800375c       0xc4 ThirdParty/FreeRTOS/portable/MemMang/heap_4.o
 .text.prvInsertBlockIntoFreeList
                0x0000000008003820       0xb4 ThirdParty/FreeRTOS/portable/MemMang/heap_4.o
 .text._cbSendSystemDesc
                0x00000000080038d4       0x1c ThirdParty/SEGGER/Config/SEGGER_SYSVIEW_Config_FreeRTOS.o
 .text.SEGGER_SYSVIEW_Conf
                0x00000000080038f0       0x2c ThirdParty/SEGGER/Config/SEGGER_SYSVIEW_Config_FreeRTOS.o
                0x00000000080038f0                SEGGER_SYSVIEW_Conf
 .text._cbSendTaskList
                0x000000000800391c       0x90 ThirdParty/SEGGER/OS/SEGGER_SYSVIEW_FreeRTOS.o
 .text._cbGetTime
                0x00000000080039ac       0x76 ThirdParty/SEGGER/OS/SEGGER_SYSVIEW_FreeRTOS.o
 *fill*         0x0000000008003a22        0x2 
 .text.SYSVIEW_AddTask
                0x0000000008003a24       0xd0 ThirdParty/SEGGER/OS/SEGGER_SYSVIEW_FreeRTOS.o
                0x0000000008003a24                SYSVIEW_AddTask
 .text.SYSVIEW_SendTaskInfo
                0x0000000008003af4       0x42 ThirdParty/SEGGER/OS/SEGGER_SYSVIEW_FreeRTOS.o
                0x0000000008003af4                SYSVIEW_SendTaskInfo
 *fill*         0x0000000008003b36        0x2 
 .text.__NVIC_EnableIRQ
                0x0000000008003b38       0x3c ThirdParty/SEGGER/Rec/segger_uart.o
 .text.__NVIC_SetPriority
                0x0000000008003b74       0x54 ThirdParty/SEGGER/Rec/segger_uart.o
 .text._StartSysView
                0x0000000008003bc8       0x1e ThirdParty/SEGGER/Rec/segger_uart.o
 *fill*         0x0000000008003be6        0x2 
 .text._cbOnUARTRx
                0x0000000008003be8       0x40 ThirdParty/SEGGER/Rec/segger_uart.o
 .text._cbOnUARTTx
                0x0000000008003c28       0x64 ThirdParty/SEGGER/Rec/segger_uart.o
 .text.SEGGER_UART_init
                0x0000000008003c8c       0x24 ThirdParty/SEGGER/Rec/segger_uart.o
                0x0000000008003c8c                SEGGER_UART_init
 .text.USART2_IRQHandler
                0x0000000008003cb0       0x94 ThirdParty/SEGGER/Rec/segger_uart.o
                0x0000000008003cb0                USART2_IRQHandler
 .text.HIF_UART_EnableTXEInterrupt
                0x0000000008003d44       0x20 ThirdParty/SEGGER/Rec/segger_uart.o
                0x0000000008003d44                HIF_UART_EnableTXEInterrupt
 .text.HIF_UART_Init
                0x0000000008003d64       0xf4 ThirdParty/SEGGER/Rec/segger_uart.o
                0x0000000008003d64                HIF_UART_Init
 .text._DoInit  0x0000000008003e58       0xb4 ThirdParty/SEGGER/SEGGER/SEGGER_RTT.o
 .text._WriteBlocking
                0x0000000008003f0c       0xba ThirdParty/SEGGER/SEGGER/SEGGER_RTT.o
 .text._WriteNoCheck
                0x0000000008003fc6       0x90 ThirdParty/SEGGER/SEGGER/SEGGER_RTT.o
 .text._GetAvailWriteSpace
                0x0000000008004056       0x46 ThirdParty/SEGGER/SEGGER/SEGGER_RTT.o
 .text.SEGGER_RTT_ReadUpBufferNoLock
                0x000000000800409c      0x10c ThirdParty/SEGGER/SEGGER/SEGGER_RTT.o
                0x000000000800409c                SEGGER_RTT_ReadUpBufferNoLock
 .text.SEGGER_RTT_ReadNoLock
                0x00000000080041a8      0x10c ThirdParty/SEGGER/SEGGER/SEGGER_RTT.o
                0x00000000080041a8                SEGGER_RTT_ReadNoLock
 .text.SEGGER_RTT_WriteDownBufferNoLock
                0x00000000080042b4       0x9c ThirdParty/SEGGER/SEGGER/SEGGER_RTT.o
                0x00000000080042b4                SEGGER_RTT_WriteDownBufferNoLock
 .text.SEGGER_RTT_WriteDownBuffer
                0x0000000008004350       0x4c ThirdParty/SEGGER/SEGGER/SEGGER_RTT.o
                0x0000000008004350                SEGGER_RTT_WriteDownBuffer
 .text.SEGGER_RTT_AllocUpBuffer
                0x000000000800439c      0x108 ThirdParty/SEGGER/SEGGER/SEGGER_RTT.o
                0x000000000800439c                SEGGER_RTT_AllocUpBuffer
 .text.SEGGER_RTT_ConfigDownBuffer
                0x00000000080044a4       0x98 ThirdParty/SEGGER/SEGGER/SEGGER_RTT.o
                0x00000000080044a4                SEGGER_RTT_ConfigDownBuffer
 .text._EncodeStr
                0x000000000800453c       0xa0 ThirdParty/SEGGER/SEGGER/SEGGER_SYSVIEW.o
 .text._PreparePacket
                0x00000000080045dc       0x18 ThirdParty/SEGGER/SEGGER/SEGGER_SYSVIEW.o
 .text._HandleIncomingPacket
                0x00000000080045f4       0xd4 ThirdParty/SEGGER/SEGGER/SEGGER_SYSVIEW.o
 .text._TrySendOverflowPacket
                0x00000000080046c8       0xe8 ThirdParty/SEGGER/SEGGER/SEGGER_SYSVIEW.o
 .text._SendPacket
                0x00000000080047b0      0x2e0 ThirdParty/SEGGER/SEGGER/SEGGER_SYSVIEW.o
 .text._StoreChar
                0x0000000008004a90       0xf6 ThirdParty/SEGGER/SEGGER/SEGGER_SYSVIEW.o
 *fill*         0x0000000008004b86        0x2 
 .text._PrintUnsigned
                0x0000000008004b88      0x12c ThirdParty/SEGGER/SEGGER/SEGGER_SYSVIEW.o
 .text._PrintInt
                0x0000000008004cb4      0x11e ThirdParty/SEGGER/SEGGER/SEGGER_SYSVIEW.o
 *fill*         0x0000000008004dd2        0x2 
 .text._VPrintTarget
                0x0000000008004dd4      0x36c ThirdParty/SEGGER/SEGGER/SEGGER_SYSVIEW.o
 .text.SEGGER_SYSVIEW_Init
                0x0000000008005140       0x88 ThirdParty/SEGGER/SEGGER/SEGGER_SYSVIEW.o
                0x0000000008005140                SEGGER_SYSVIEW_Init
 .text.SEGGER_SYSVIEW_SetRAMBase
                0x00000000080051c8       0x20 ThirdParty/SEGGER/SEGGER/SEGGER_SYSVIEW.o
                0x00000000080051c8                SEGGER_SYSVIEW_SetRAMBase
 .text.SEGGER_SYSVIEW_RecordVoid
                0x00000000080051e8       0x3c ThirdParty/SEGGER/SEGGER/SEGGER_SYSVIEW.o
                0x00000000080051e8                SEGGER_SYSVIEW_RecordVoid
 .text.SEGGER_SYSVIEW_RecordU32
                0x0000000008005224       0x78 ThirdParty/SEGGER/SEGGER/SEGGER_SYSVIEW.o
                0x0000000008005224                SEGGER_SYSVIEW_RecordU32
 .text.SEGGER_SYSVIEW_RecordU32x2
                0x000000000800529c       0xb4 ThirdParty/SEGGER/SEGGER/SEGGER_SYSVIEW.o
                0x000000000800529c                SEGGER_SYSVIEW_RecordU32x2
 .text.SEGGER_SYSVIEW_Start
                0x0000000008005350      0x178 ThirdParty/SEGGER/SEGGER/SEGGER_SYSVIEW.o
                0x0000000008005350                SEGGER_SYSVIEW_Start
 .text.SEGGER_SYSVIEW_Stop
                0x00000000080054c8       0x4c ThirdParty/SEGGER/SEGGER/SEGGER_SYSVIEW.o
                0x00000000080054c8                SEGGER_SYSVIEW_Stop
 .text.SEGGER_SYSVIEW_GetSysDesc
                0x0000000008005514      0x134 ThirdParty/SEGGER/SEGGER/SEGGER_SYSVIEW.o
                0x0000000008005514                SEGGER_SYSVIEW_GetSysDesc
 .text.SEGGER_SYSVIEW_SendTaskInfo
                0x0000000008005648      0x1c8 ThirdParty/SEGGER/SEGGER/SEGGER_SYSVIEW.o
                0x0000000008005648                SEGGER_SYSVIEW_SendTaskInfo
 .text.SEGGER_SYSVIEW_SendTaskList
                0x0000000008005810       0x28 ThirdParty/SEGGER/SEGGER/SEGGER_SYSVIEW.o
                0x0000000008005810                SEGGER_SYSVIEW_SendTaskList
 .text.SEGGER_SYSVIEW_SendSysDesc
                0x0000000008005838       0x48 ThirdParty/SEGGER/SEGGER/SEGGER_SYSVIEW.o
                0x0000000008005838                SEGGER_SYSVIEW_SendSysDesc
 .text.SEGGER_SYSVIEW_RecordSystime
                0x0000000008005880       0x60 ThirdParty/SEGGER/SEGGER/SEGGER_SYSVIEW.o
                0x0000000008005880                SEGGER_SYSVIEW_RecordSystime
 .text.SEGGER_SYSVIEW_RecordEnterISR
                0x00000000080058e0       0x84 ThirdParty/SEGGER/SEGGER/SEGGER_SYSVIEW.o
                0x00000000080058e0                SEGGER_SYSVIEW_RecordEnterISR
 .text.SEGGER_SYSVIEW_RecordExitISR
                0x0000000008005964       0x38 ThirdParty/SEGGER/SEGGER/SEGGER_SYSVIEW.o
                0x0000000008005964                SEGGER_SYSVIEW_RecordExitISR
 .text.SEGGER_SYSVIEW_RecordExitISRToScheduler
                0x000000000800599c       0x38 ThirdParty/SEGGER/SEGGER/SEGGER_SYSVIEW.o
                0x000000000800599c                SEGGER_SYSVIEW_RecordExitISRToScheduler
 .text.SEGGER_SYSVIEW_OnIdle
                0x00000000080059d4       0x38 ThirdParty/SEGGER/SEGGER/SEGGER_SYSVIEW.o
                0x00000000080059d4                SEGGER_SYSVIEW_OnIdle
 .text.SEGGER_SYSVIEW_OnTaskCreate
                0x0000000008005a0c       0x84 ThirdParty/SEGGER/SEGGER/SEGGER_SYSVIEW.o
                0x0000000008005a0c                SEGGER_SYSVIEW_OnTaskCreate
 .text.SEGGER_SYSVIEW_OnTaskStartExec
                0x0000000008005a90       0x84 ThirdParty/SEGGER/SEGGER/SEGGER_SYSVIEW.o
                0x0000000008005a90                SEGGER_SYSVIEW_OnTaskStartExec
 .text.SEGGER_SYSVIEW_OnTaskStartReady
                0x0000000008005b14       0x84 ThirdParty/SEGGER/SEGGER/SEGGER_SYSVIEW.o
                0x0000000008005b14                SEGGER_SYSVIEW_OnTaskStartReady
 .text.SEGGER_SYSVIEW_SendModule
                0x0000000008005b98      0x100 ThirdParty/SEGGER/SEGGER/SEGGER_SYSVIEW.o
                0x0000000008005b98                SEGGER_SYSVIEW_SendModule
 .text.SEGGER_SYSVIEW_SendModuleDescription
                0x0000000008005c98       0x3c ThirdParty/SEGGER/SEGGER/SEGGER_SYSVIEW.o
                0x0000000008005c98                SEGGER_SYSVIEW_SendModuleDescription
 .text.SEGGER_SYSVIEW_SendNumModules
                0x0000000008005cd4       0x7c ThirdParty/SEGGER/SEGGER/SEGGER_SYSVIEW.o
                0x0000000008005cd4                SEGGER_SYSVIEW_SendNumModules
 .text.SEGGER_SYSVIEW_PrintfTarget
                0x0000000008005d50       0x28 ThirdParty/SEGGER/SEGGER/SEGGER_SYSVIEW.o
                0x0000000008005d50                SEGGER_SYSVIEW_PrintfTarget
 .text.SEGGER_SYSVIEW_Warn
                0x0000000008005d78       0xb8 ThirdParty/SEGGER/SEGGER/SEGGER_SYSVIEW.o
                0x0000000008005d78                SEGGER_SYSVIEW_Warn
 .text.SEGGER_SYSVIEW_IsStarted
                0x0000000008005e30       0x5c ThirdParty/SEGGER/SEGGER/SEGGER_SYSVIEW.o
                0x0000000008005e30                SEGGER_SYSVIEW_IsStarted
 .text.__libc_init_array
                0x0000000008005e8c       0x48 /opt/st/stm32cubeide_1.4.0/plugins/com.st.stm32cube.ide.mcu.externaltools.gnu-tools-for-stm32.7-2018-q2-update.linux64_1.4.0.202007081208/tools/bin/../lib/gcc/arm-none-eabi/7.3.1/../../../../arm-none-eabi/lib/thumb/v7e-m/fpv4-sp/hard/libc_nano.a(lib_a-init.o)
                0x0000000008005e8c                __libc_init_array
 .text.memcmp   0x0000000008005ed4       0x1e /opt/st/stm32cubeide_1.4.0/plugins/com.st.stm32cube.ide.mcu.externaltools.gnu-tools-for-stm32.7-2018-q2-update.linux64_1.4.0.202007081208/tools/bin/../lib/gcc/arm-none-eabi/7.3.1/../../../../arm-none-eabi/lib/thumb/v7e-m/fpv4-sp/hard/libc_nano.a(lib_a-memcmp.o)
                0x0000000008005ed4                memcmp
 .text.memcpy   0x0000000008005ef2       0x16 /opt/st/stm32cubeide_1.4.0/plugins/com.st.stm32cube.ide.mcu.externaltools.gnu-tools-for-stm32.7-2018-q2-update.linux64_1.4.0.202007081208/tools/bin/../lib/gcc/arm-none-eabi/7.3.1/../../../../arm-none-eabi/lib/thumb/v7e-m/fpv4-sp/hard/libc_nano.a(lib_a-memcpy-stub.o)
                0x0000000008005ef2                memcpy
 .text.memset   0x0000000008005f08       0x10 /opt/st/stm32cubeide_1.4.0/plugins/com.st.stm32cube.ide.mcu.externaltools.gnu-tools-for-stm32.7-2018-q2-update.linux64_1.4.0.202007081208/tools/bin/../lib/gcc/arm-none-eabi/7.3.1/../../../../arm-none-eabi/lib/thumb/v7e-m/fpv4-sp/hard/libc_nano.a(lib_a-memset.o)
                0x0000000008005f08                memset
 .text.snprintf
                0x0000000008005f18       0x68 /opt/st/stm32cubeide_1.4.0/plugins/com.st.stm32cube.ide.mcu.externaltools.gnu-tools-for-stm32.7-2018-q2-update.linux64_1.4.0.202007081208/tools/bin/../lib/gcc/arm-none-eabi/7.3.1/../../../../arm-none-eabi/lib/thumb/v7e-m/fpv4-sp/hard/libc_nano.a(lib_a-snprintf.o)
                0x0000000008005f18                snprintf
                0x0000000008005f18                sniprintf
 .text.__ssputs_r
                0x0000000008005f80       0xb4 /opt/st/stm32cubeide_1.4.0/plugins/com.st.stm32cube.ide.mcu.externaltools.gnu-tools-for-stm32.7-2018-q2-update.linux64_1.4.0.202007081208/tools/bin/../lib/gcc/arm-none-eabi/7.3.1/../../../../arm-none-eabi/lib/thumb/v7e-m/fpv4-sp/hard/libc_nano.a(lib_a-nano-svfprintf.o)
                0x0000000008005f80                __ssputs_r
 .text._svfprintf_r
                0x0000000008006034      0x1f0 /opt/st/stm32cubeide_1.4.0/plugins/com.st.stm32cube.ide.mcu.externaltools.gnu-tools-for-stm32.7-2018-q2-update.linux64_1.4.0.202007081208/tools/bin/../lib/gcc/arm-none-eabi/7.3.1/../../../../arm-none-eabi/lib/thumb/v7e-m/fpv4-sp/hard/libc_nano.a(lib_a-nano-svfprintf.o)
                0x0000000008006034                _svfprintf_r
                0x0000000008006034                _svfiprintf_r
 .text._printf_common
                0x0000000008006224       0xea /opt/st/stm32cubeide_1.4.0/plugins/com.st.stm32cube.ide.mcu.externaltools.gnu-tools-for-stm32.7-2018-q2-update.linux64_1.4.0.202007081208/tools/bin/../lib/gcc/arm-none-eabi/7.3.1/../../../../arm-none-eabi/lib/thumb/v7e-m/fpv4-sp/hard/libc_nano.a(lib_a-nano-vfprintf_i.o)
                0x0000000008006224                _printf_common
 *fill*         0x000000000800630e        0x2 
 .text._printf_i
                0x0000000008006310      0x224 /opt/st/stm32cubeide_1.4.0/plugins/com.st.stm32cube.ide.mcu.externaltools.gnu-tools-for-stm32.7-2018-q2-update.linux64_1.4.0.202007081208/tools/bin/../lib/gcc/arm-none-eabi/7.3.1/../../../../arm-none-eabi/lib/thumb/v7e-m/fpv4-sp/hard/libc_nano.a(lib_a-nano-vfprintf_i.o)
                0x0000000008006310                _printf_i
 .text.memmove  0x0000000008006534       0x32 /opt/st/stm32cubeide_1.4.0/plugins/com.st.stm32cube.ide.mcu.externaltools.gnu-tools-for-stm32.7-2018-q2-update.linux64_1.4.0.202007081208/tools/bin/../lib/gcc/arm-none-eabi/7.3.1/../../../../arm-none-eabi/lib/thumb/v7e-m/fpv4-sp/hard/libc_nano.a(lib_a-memmove.o)
                0x0000000008006534                memmove
 *fill*         0x0000000008006566        0x2 
 .text._free_r  0x0000000008006568       0x9c /opt/st/stm32cubeide_1.4.0/plugins/com.st.stm32cube.ide.mcu.externaltools.gnu-tools-for-stm32.7-2018-q2-update.linux64_1.4.0.202007081208/tools/bin/../lib/gcc/arm-none-eabi/7.3.1/../../../../arm-none-eabi/lib/thumb/v7e-m/fpv4-sp/hard/libc_nano.a(lib_a-nano-freer.o)
                0x0000000008006568                _free_r
 .text._malloc_r
                0x0000000008006604       0xb4 /opt/st/stm32cubeide_1.4.0/plugins/com.st.stm32cube.ide.mcu.externaltools.gnu-tools-for-stm32.7-2018-q2-update.linux64_1.4.0.202007081208/tools/bin/../lib/gcc/arm-none-eabi/7.3.1/../../../../arm-none-eabi/lib/thumb/v7e-m/fpv4-sp/hard/libc_nano.a(lib_a-nano-mallocr.o)
                0x0000000008006604                _malloc_r
 .text._realloc_r
                0x00000000080066b8       0x4c /opt/st/stm32cubeide_1.4.0/plugins/com.st.stm32cube.ide.mcu.externaltools.gnu-tools-for-stm32.7-2018-q2-update.linux64_1.4.0.202007081208/tools/bin/../lib/gcc/arm-none-eabi/7.3.1/../../../../arm-none-eabi/lib/thumb/v7e-m/fpv4-sp/hard/libc_nano.a(lib_a-nano-reallocr.o)
                0x00000000080066b8                _realloc_r
 .text._sbrk_r  0x0000000008006704       0x20 /opt/st/stm32cubeide_1.4.0/plugins/com.st.stm32cube.ide.mcu.externaltools.gnu-tools-for-stm32.7-2018-q2-update.linux64_1.4.0.202007081208/tools/bin/../lib/gcc/arm-none-eabi/7.3.1/../../../../arm-none-eabi/lib/thumb/v7e-m/fpv4-sp/hard/libc_nano.a(lib_a-sbrkr.o)
                0x0000000008006704                _sbrk_r
 .text.__malloc_lock
                0x0000000008006724        0x2 /opt/st/stm32cubeide_1.4.0/plugins/com.st.stm32cube.ide.mcu.externaltools.gnu-tools-for-stm32.7-2018-q2-update.linux64_1.4.0.202007081208/tools/bin/../lib/gcc/arm-none-eabi/7.3.1/../../../../arm-none-eabi/lib/thumb/v7e-m/fpv4-sp/hard/libc_nano.a(lib_a-mlock.o)
                0x0000000008006724                __malloc_lock
 .text.__malloc_unlock
                0x0000000008006726        0x2 /opt/st/stm32cubeide_1.4.0/plugins/com.st.stm32cube.ide.mcu.externaltools.gnu-tools-for-stm32.7-2018-q2-update.linux64_1.4.0.202007081208/tools/bin/../lib/gcc/arm-none-eabi/7.3.1/../../../../arm-none-eabi/lib/thumb/v7e-m/fpv4-sp/hard/libc_nano.a(lib_a-mlock.o)
                0x0000000008006726                __malloc_unlock
 .text._malloc_usable_size_r
                0x0000000008006728       0x10 /opt/st/stm32cubeide_1.4.0/plugins/com.st.stm32cube.ide.mcu.externaltools.gnu-tools-for-stm32.7-2018-q2-update.linux64_1.4.0.202007081208/tools/bin/../lib/gcc/arm-none-eabi/7.3.1/../../../../arm-none-eabi/lib/thumb/v7e-m/fpv4-sp/hard/libc_nano.a(lib_a-nano-msizer.o)
                0x0000000008006728                _malloc_usable_size_r
 .text._sbrk    0x0000000008006738       0x1c /opt/st/stm32cubeide_1.4.0/plugins/com.st.stm32cube.ide.mcu.externaltools.gnu-tools-for-stm32.7-2018-q2-update.linux64_1.4.0.202007081208/tools/bin/../lib/gcc/arm-none-eabi/7.3.1/../../../../arm-none-eabi/lib/thumb/v7e-m/fpv4-sp/hard/libnosys.a(sbrk.o)
                0x0000000008006738                _sbrk
 *(.glue_7)
 .glue_7        0x0000000008006754        0x0 linker stubs
 *(.glue_7t)
 .glue_7t       0x0000000008006754        0x0 linker stubs
 *(.eh_frame)
 .eh_frame      0x0000000008006754        0x0 /opt/st/stm32cubeide_1.4.0/plugins/com.st.stm32cube.ide.mcu.externaltools.gnu-tools-for-stm32.7-2018-q2-update.linux64_1.4.0.202007081208/tools/bin/../lib/gcc/arm-none-eabi/7.3.1/thumb/v7e-m/fpv4-sp/hard/crtbegin.o
 *(.init)
 .init          0x0000000008006754        0x4 /opt/st/stm32cubeide_1.4.0/plugins/com.st.stm32cube.ide.mcu.externaltools.gnu-tools-for-stm32.7-2018-q2-update.linux64_1.4.0.202007081208/tools/bin/../lib/gcc/arm-none-eabi/7.3.1/thumb/v7e-m/fpv4-sp/hard/crti.o
                0x0000000008006754                _init
 .init          0x0000000008006758        0x8 /opt/st/stm32cubeide_1.4.0/plugins/com.st.stm32cube.ide.mcu.externaltools.gnu-tools-for-stm32.7-2018-q2-update.linux64_1.4.0.202007081208/tools/bin/../lib/gcc/arm-none-eabi/7.3.1/thumb/v7e-m/fpv4-sp/hard/crtn.o
 *(.fini)
 .fini          0x0000000008006760        0x4 /opt/st/stm32cubeide_1.4.0/plugins/com.st.stm32cube.ide.mcu.externaltools.gnu-tools-for-stm32.7-2018-q2-update.linux64_1.4.0.202007081208/tools/bin/../lib/gcc/arm-none-eabi/7.3.1/thumb/v7e-m/fpv4-sp/hard/crti.o
                0x0000000008006760                _fini
 .fini          0x0000000008006764        0x8 /opt/st/stm32cubeide_1.4.0/plugins/com.st.stm32cube.ide.mcu.externaltools.gnu-tools-for-stm32.7-2018-q2-update.linux64_1.4.0.202007081208/tools/bin/../lib/gcc/arm-none-eabi/7.3.1/thumb/v7e-m/fpv4-sp/hard/crtn.o
                0x000000000800676c                . = ALIGN (0x4)
                0x000000000800676c                _etext = .

.vfp11_veneer   0x000000000800676c        0x0
 .vfp11_veneer  0x000000000800676c        0x0 linker stubs

.v4_bx          0x000000000800676c        0x0
 .v4_bx         0x000000000800676c        0x0 linker stubs

.iplt           0x000000000800676c        0x0
 .iplt          0x000000000800676c        0x0 /opt/st/stm32cubeide_1.4.0/plugins/com.st.stm32cube.ide.mcu.externaltools.gnu-tools-for-stm32.7-2018-q2-update.linux64_1.4.0.202007081208/tools/bin/../lib/gcc/arm-none-eabi/7.3.1/thumb/v7e-m/fpv4-sp/hard/crtbegin.o

.rodata         0x000000000800676c      0x190
                0x000000000800676c                . = ALIGN (0x4)
 *(.rodata)
 .rodata        0x000000000800676c       0x44 Core/Src/main.o
 .rodata        0x00000000080067b0        0x5 ThirdParty/FreeRTOS/tasks.o
 *fill*         0x00000000080067b5        0x3 
 .rodata        0x00000000080067b8       0x4d ThirdParty/SEGGER/Config/SEGGER_SYSVIEW_Config_FreeRTOS.o
 *fill*         0x0000000008006805        0x3 
 .rodata        0x0000000008006808       0x58 ThirdParty/SEGGER/OS/SEGGER_SYSVIEW_FreeRTOS.o
 .rodata        0x0000000008006860        0x9 ThirdParty/SEGGER/SEGGER/SEGGER_RTT.o
 *fill*         0x0000000008006869        0x3 
 .rodata        0x000000000800686c        0x8 ThirdParty/SEGGER/SEGGER/SEGGER_SYSVIEW.o
 *(.rodata*)
 .rodata.AHBPrescTable
                0x0000000008006874       0x10 Core/Src/system_stm32f4xx.o
                0x0000000008006874                AHBPrescTable
 .rodata.APBPrescTable
                0x0000000008006884        0x8 Core/Src/system_stm32f4xx.o
                0x0000000008006884                APBPrescTable
 .rodata.SYSVIEW_X_OS_TraceAPI
                0x000000000800688c        0x8 ThirdParty/SEGGER/OS/SEGGER_SYSVIEW_FreeRTOS.o
                0x000000000800688c                SYSVIEW_X_OS_TraceAPI
 .rodata._abHelloMsg
                0x0000000008006894        0x4 ThirdParty/SEGGER/Rec/segger_uart.o
 .rodata._aInitStr.6355
                0x0000000008006898       0x11 ThirdParty/SEGGER/SEGGER/SEGGER_RTT.o
 *fill*         0x00000000080068a9        0x3 
 .rodata._abSync
                0x00000000080068ac        0xa ThirdParty/SEGGER/SEGGER/SEGGER_SYSVIEW.o
 *fill*         0x00000000080068b6        0x2 
 .rodata._aV2C.6913
                0x00000000080068b8       0x10 ThirdParty/SEGGER/SEGGER/SEGGER_SYSVIEW.o
 .rodata._svfprintf_r.str1.1
                0x00000000080068c8       0x11 /opt/st/stm32cubeide_1.4.0/plugins/com.st.stm32cube.ide.mcu.externaltools.gnu-tools-for-stm32.7-2018-q2-update.linux64_1.4.0.202007081208/tools/bin/../lib/gcc/arm-none-eabi/7.3.1/../../../../arm-none-eabi/lib/thumb/v7e-m/fpv4-sp/hard/libc_nano.a(lib_a-nano-svfprintf.o)
 .rodata._printf_i.str1.1
                0x00000000080068d9       0x22 /opt/st/stm32cubeide_1.4.0/plugins/com.st.stm32cube.ide.mcu.externaltools.gnu-tools-for-stm32.7-2018-q2-update.linux64_1.4.0.202007081208/tools/bin/../lib/gcc/arm-none-eabi/7.3.1/../../../../arm-none-eabi/lib/thumb/v7e-m/fpv4-sp/hard/libc_nano.a(lib_a-nano-vfprintf_i.o)
                0x00000000080068fc                . = ALIGN (0x4)
 *fill*         0x00000000080068fb        0x1 

.ARM.extab      0x00000000080068fc        0x0
                0x00000000080068fc                . = ALIGN (0x4)
 *(.ARM.extab* .gnu.linkonce.armextab.*)
                0x00000000080068fc                . = ALIGN (0x4)

.ARM            0x00000000080068fc        0x8
                0x00000000080068fc                . = ALIGN (0x4)
                0x00000000080068fc                __exidx_start = .
 *(.ARM.exidx*)
 .ARM.exidx     0x00000000080068fc        0x8 /opt/st/stm32cubeide_1.4.0/plugins/com.st.stm32cube.ide.mcu.externaltools.gnu-tools-for-stm32.7-2018-q2-update.linux64_1.4.0.202007081208/tools/bin/../lib/gcc/arm-none-eabi/7.3.1/thumb/v7e-m/fpv4-sp/hard/libgcc.a(_udivmoddi4.o)
                0x0000000008006904                __exidx_end = .
                0x0000000008006904                . = ALIGN (0x4)

.rel.dyn        0x0000000008006904        0x0
 .rel.iplt      0x0000000008006904        0x0 /opt/st/stm32cubeide_1.4.0/plugins/com.st.stm32cube.ide.mcu.externaltools.gnu-tools-for-stm32.7-2018-q2-update.linux64_1.4.0.202007081208/tools/bin/../lib/gcc/arm-none-eabi/7.3.1/thumb/v7e-m/fpv4-sp/hard/crtbegin.o

.preinit_array  0x0000000008006904        0x0
                0x0000000008006904                . = ALIGN (0x4)
                0x0000000008006904                PROVIDE (__preinit_array_start = .)
 *(.preinit_array*)
                0x0000000008006904                PROVIDE (__preinit_array_end = .)
                0x0000000008006904                . = ALIGN (0x4)

.init_array     0x0000000008006904        0x4
                0x0000000008006904                . = ALIGN (0x4)
                0x0000000008006904                PROVIDE (__init_array_start = .)
 *(SORT_BY_NAME(.init_array.*))
 *(.init_array*)
 .init_array    0x0000000008006904        0x4 /opt/st/stm32cubeide_1.4.0/plugins/com.st.stm32cube.ide.mcu.externaltools.gnu-tools-for-stm32.7-2018-q2-update.linux64_1.4.0.202007081208/tools/bin/../lib/gcc/arm-none-eabi/7.3.1/thumb/v7e-m/fpv4-sp/hard/crtbegin.o
                0x0000000008006908                PROVIDE (__init_array_end = .)
                0x0000000008006908                . = ALIGN (0x4)

.fini_array     0x0000000008006908        0x4
                0x0000000008006908                . = ALIGN (0x4)
                [!provide]                        PROVIDE (__fini_array_start = .)
 *(SORT_BY_NAME(.fini_array.*))
 *(.fini_array*)
 .fini_array    0x0000000008006908        0x4 /opt/st/stm32cubeide_1.4.0/plugins/com.st.stm32cube.ide.mcu.externaltools.gnu-tools-for-stm32.7-2018-q2-update.linux64_1.4.0.202007081208/tools/bin/../lib/gcc/arm-none-eabi/7.3.1/thumb/v7e-m/fpv4-sp/hard/crtbegin.o
                [!provide]                        PROVIDE (__fini_array_end = .)
                0x000000000800690c                . = ALIGN (0x4)
                0x000000000800690c                _sidata = LOADADDR (.data)

.data           0x0000000020000000       0x80 load address 0x000000000800690c
                0x0000000020000000                . = ALIGN (0x4)
                0x0000000020000000                _sdata = .
 *(.data)
 *(.data*)
 .data.SystemCoreClock
                0x0000000020000000        0x4 Core/Src/system_stm32f4xx.o
                0x0000000020000000                SystemCoreClock
 .data.uwTickPrio
                0x0000000020000004        0x4 Drivers/STM32F4xx_HAL_Driver/Src/stm32f4xx_hal.o
                0x0000000020000004                uwTickPrio
 .data.uwTickFreq
                0x0000000020000008        0x1 Drivers/STM32F4xx_HAL_Driver/Src/stm32f4xx_hal.o
                0x0000000020000008                uwTickFreq
 *fill*         0x0000000020000009        0x3 
 .data.uxTopUsedPriority
                0x000000002000000c        0x4 ThirdParty/FreeRTOS/tasks.o
                0x000000002000000c                uxTopUsedPriority
 .data.uxCriticalNesting
                0x0000000020000010        0x4 ThirdParty/FreeRTOS/portable/GCC/ARM_CM4F/port.o
 .data._SVInfo  0x0000000020000014        0x8 ThirdParty/SEGGER/Rec/segger_uart.o
 .data._impure_ptr
                0x000000002000001c        0x4 /opt/st/stm32cubeide_1.4.0/plugins/com.st.stm32cube.ide.mcu.externaltools.gnu-tools-for-stm32.7-2018-q2-update.linux64_1.4.0.202007081208/tools/bin/../lib/gcc/arm-none-eabi/7.3.1/../../../../arm-none-eabi/lib/thumb/v7e-m/fpv4-sp/hard/libc_nano.a(lib_a-impure.o)
                0x000000002000001c                _impure_ptr
 .data.impure_data
                0x0000000020000020       0x60 /opt/st/stm32cubeide_1.4.0/plugins/com.st.stm32cube.ide.mcu.externaltools.gnu-tools-for-stm32.7-2018-q2-update.linux64_1.4.0.202007081208/tools/bin/../lib/gcc/arm-none-eabi/7.3.1/../../../../arm-none-eabi/lib/thumb/v7e-m/fpv4-sp/hard/libc_nano.a(lib_a-impure.o)
                0x0000000020000080                . = ALIGN (0x4)
                0x0000000020000080                _edata = .

.igot.plt       0x0000000020000080        0x0 load address 0x000000000800698c
 .igot.plt      0x0000000020000080        0x0 /opt/st/stm32cubeide_1.4.0/plugins/com.st.stm32cube.ide.mcu.externaltools.gnu-tools-for-stm32.7-2018-q2-update.linux64_1.4.0.202007081208/tools/bin/../lib/gcc/arm-none-eabi/7.3.1/thumb/v7e-m/fpv4-sp/hard/crtbegin.o
                0x0000000020000080                . = ALIGN (0x4)

.bss            0x0000000020000080    0x1a85c load address 0x000000000800698c
                0x0000000020000080                _sbss = .
                0x0000000020000080                __bss_start__ = _sbss
 *(.bss)
 .bss           0x0000000020000080       0x1c /opt/st/stm32cubeide_1.4.0/plugins/com.st.stm32cube.ide.mcu.externaltools.gnu-tools-for-stm32.7-2018-q2-update.linux64_1.4.0.202007081208/tools/bin/../lib/gcc/arm-none-eabi/7.3.1/thumb/v7e-m/fpv4-sp/hard/crtbegin.o
 *(.bss*)
 .bss.pxCurrentTCB
                0x000000002000009c        0x4 ThirdParty/FreeRTOS/tasks.o
                0x000000002000009c                pxCurrentTCB
 .bss.pxReadyTasksLists
                0x00000000200000a0       0x64 ThirdParty/FreeRTOS/tasks.o
 .bss.xDelayedTaskList1
                0x0000000020000104       0x14 ThirdParty/FreeRTOS/tasks.o
 .bss.xDelayedTaskList2
                0x0000000020000118       0x14 ThirdParty/FreeRTOS/tasks.o
 .bss.pxDelayedTaskList
                0x000000002000012c        0x4 ThirdParty/FreeRTOS/tasks.o
 .bss.pxOverflowDelayedTaskList
                0x0000000020000130        0x4 ThirdParty/FreeRTOS/tasks.o
 .bss.xPendingReadyList
                0x0000000020000134       0x14 ThirdParty/FreeRTOS/tasks.o
 .bss.xTasksWaitingTermination
                0x0000000020000148       0x14 ThirdParty/FreeRTOS/tasks.o
 .bss.uxDeletedTasksWaitingCleanUp
                0x000000002000015c        0x4 ThirdParty/FreeRTOS/tasks.o
 .bss.xSuspendedTaskList
                0x0000000020000160       0x14 ThirdParty/FreeRTOS/tasks.o
 .bss.uxCurrentNumberOfTasks
                0x0000000020000174        0x4 ThirdParty/FreeRTOS/tasks.o
 .bss.xTickCount
                0x0000000020000178        0x4 ThirdParty/FreeRTOS/tasks.o
 .bss.uxTopReadyPriority
                0x000000002000017c        0x4 ThirdParty/FreeRTOS/tasks.o
 .bss.xSchedulerRunning
                0x0000000020000180        0x4 ThirdParty/FreeRTOS/tasks.o
 .bss.xPendedTicks
                0x0000000020000184        0x4 ThirdParty/FreeRTOS/tasks.o
 .bss.xYieldPending
                0x0000000020000188        0x4 ThirdParty/FreeRTOS/tasks.o
 .bss.xNumOfOverflows
                0x000000002000018c        0x4 ThirdParty/FreeRTOS/tasks.o
 .bss.uxTaskNumber
                0x0000000020000190        0x4 ThirdParty/FreeRTOS/tasks.o
 .bss.xNextTaskUnblockTime
                0x0000000020000194        0x4 ThirdParty/FreeRTOS/tasks.o
 .bss.xIdleTaskHandle
                0x0000000020000198        0x4 ThirdParty/FreeRTOS/tasks.o
 .bss.uxSchedulerSuspended
                0x000000002000019c        0x4 ThirdParty/FreeRTOS/tasks.o
 .bss.ucMaxSysCallPriority
                0x00000000200001a0        0x1 ThirdParty/FreeRTOS/portable/GCC/ARM_CM4F/port.o
 *fill*         0x00000000200001a1        0x3 
 .bss.ulMaxPRIGROUPValue
                0x00000000200001a4        0x4 ThirdParty/FreeRTOS/portable/GCC/ARM_CM4F/port.o
 .bss.ucHeap    0x00000000200001a8    0x19000 ThirdParty/FreeRTOS/portable/MemMang/heap_4.o
 .bss.xStart    0x00000000200191a8        0x8 ThirdParty/FreeRTOS/portable/MemMang/heap_4.o
 .bss.pxEnd     0x00000000200191b0        0x4 ThirdParty/FreeRTOS/portable/MemMang/heap_4.o
 .bss.xFreeBytesRemaining
                0x00000000200191b4        0x4 ThirdParty/FreeRTOS/portable/MemMang/heap_4.o
 .bss.xMinimumEverFreeBytesRemaining
                0x00000000200191b8        0x4 ThirdParty/FreeRTOS/portable/MemMang/heap_4.o
 .bss.xNumberOfSuccessfulAllocations
                0x00000000200191bc        0x4 ThirdParty/FreeRTOS/portable/MemMang/heap_4.o
 .bss.xNumberOfSuccessfulFrees
                0x00000000200191c0        0x4 ThirdParty/FreeRTOS/portable/MemMang/heap_4.o
 .bss.xBlockAllocatedBit
                0x00000000200191c4        0x4 ThirdParty/FreeRTOS/portable/MemMang/heap_4.o
 .bss._aTasks   0x00000000200191c8       0xa0 ThirdParty/SEGGER/OS/SEGGER_SYSVIEW_FreeRTOS.o
 .bss._NumTasks
                0x0000000020019268        0x4 ThirdParty/SEGGER/OS/SEGGER_SYSVIEW_FreeRTOS.o
 .bss._cbOnRx   0x000000002001926c        0x4 ThirdParty/SEGGER/Rec/segger_uart.o
 .bss._cbOnTx   0x0000000020019270        0x4 ThirdParty/SEGGER/Rec/segger_uart.o
 .bss._acUpBuffer
                0x0000000020019274      0x400 ThirdParty/SEGGER/SEGGER/SEGGER_RTT.o
 .bss._acDownBuffer
                0x0000000020019674       0x10 ThirdParty/SEGGER/SEGGER/SEGGER_RTT.o
 .bss._UpBuffer
                0x0000000020019684     0x1000 ThirdParty/SEGGER/SEGGER/SEGGER_SYSVIEW.o
 .bss._DownBuffer
                0x000000002001a684        0x8 ThirdParty/SEGGER/SEGGER/SEGGER_SYSVIEW.o
 .bss._SYSVIEW_Globals
                0x000000002001a68c       0x28 ThirdParty/SEGGER/SEGGER/SEGGER_SYSVIEW.o
 .bss._pFirstModule
                0x000000002001a6b4        0x4 ThirdParty/SEGGER/SEGGER/SEGGER_SYSVIEW.o
 .bss._NumModules
                0x000000002001a6b8        0x1 ThirdParty/SEGGER/SEGGER/SEGGER_SYSVIEW.o
 *fill*         0x000000002001a6b9        0x3 
 .bss._aPacket  0x000000002001a6bc       0xe3 ThirdParty/SEGGER/SEGGER/SEGGER_SYSVIEW.o
 *fill*         0x000000002001a79f        0x1 
 .bss.__malloc_free_list
                0x000000002001a7a0        0x4 /opt/st/stm32cubeide_1.4.0/plugins/com.st.stm32cube.ide.mcu.externaltools.gnu-tools-for-stm32.7-2018-q2-update.linux64_1.4.0.202007081208/tools/bin/../lib/gcc/arm-none-eabi/7.3.1/../../../../arm-none-eabi/lib/thumb/v7e-m/fpv4-sp/hard/libc_nano.a(lib_a-nano-mallocr.o)
                0x000000002001a7a0                __malloc_free_list
 .bss.__malloc_sbrk_start
                0x000000002001a7a4        0x4 /opt/st/stm32cubeide_1.4.0/plugins/com.st.stm32cube.ide.mcu.externaltools.gnu-tools-for-stm32.7-2018-q2-update.linux64_1.4.0.202007081208/tools/bin/../lib/gcc/arm-none-eabi/7.3.1/../../../../arm-none-eabi/lib/thumb/v7e-m/fpv4-sp/hard/libc_nano.a(lib_a-nano-mallocr.o)
                0x000000002001a7a4                __malloc_sbrk_start
 .bss.heap_end.5377
                0x000000002001a7a8        0x4 /opt/st/stm32cubeide_1.4.0/plugins/com.st.stm32cube.ide.mcu.externaltools.gnu-tools-for-stm32.7-2018-q2-update.linux64_1.4.0.202007081208/tools/bin/../lib/gcc/arm-none-eabi/7.3.1/../../../../arm-none-eabi/lib/thumb/v7e-m/fpv4-sp/hard/libnosys.a(sbrk.o)
 *(COMMON)
 COMMON         0x000000002001a7ac       0x40 Core/Src/main.o
                0x000000002001a7ac                huart2
 COMMON         0x000000002001a7ec       0x40 Core/Src/stm32f4xx_hal_timebase_tim.o
                0x000000002001a7ec                htim5
 COMMON         0x000000002001a82c        0x4 Drivers/STM32F4xx_HAL_Driver/Src/stm32f4xx_hal.o
                0x000000002001a82c                uwTick
 COMMON         0x000000002001a830       0xa8 ThirdParty/SEGGER/SEGGER/SEGGER_RTT.o
                0x000000002001a830                _SEGGER_RTT
 COMMON         0x000000002001a8d8        0x4 /opt/st/stm32cubeide_1.4.0/plugins/com.st.stm32cube.ide.mcu.externaltools.gnu-tools-for-stm32.7-2018-q2-update.linux64_1.4.0.202007081208/tools/bin/../lib/gcc/arm-none-eabi/7.3.1/../../../../arm-none-eabi/lib/thumb/v7e-m/fpv4-sp/hard/libc_nano.a(lib_a-reent.o)
                0x000000002001a8d8                errno
                0x000000002001a8dc                . = ALIGN (0x4)
                0x000000002001a8dc                _ebss = .
                0x000000002001a8dc                __bss_end__ = _ebss

._user_heap_stack
                0x000000002001a8dc      0x604 load address 0x000000000800698c
                0x000000002001a8e0                . = ALIGN (0x8)
 *fill*         0x000000002001a8dc        0x4 
                0x000000002001a8e0                PROVIDE (end = .)
                [!provide]                        PROVIDE (_end = .)
                0x000000002001aae0                . = (. + _Min_Heap_Size)
 *fill*         0x000000002001a8e0      0x200 
                0x000000002001aee0                . = (. + _Min_Stack_Size)
 *fill*         0x000000002001aae0      0x400 
                0x000000002001aee0                . = ALIGN (0x8)

/DISCARD/
 libc.a(*)
 libm.a(*)
 libgcc.a(*)

.ARM.attributes
                0x0000000000000000       0x30
 *(.ARM.attributes)
 .ARM.attributes
                0x0000000000000000       0x22 /opt/st/stm32cubeide_1.4.0/plugins/com.st.stm32cube.ide.mcu.externaltools.gnu-tools-for-stm32.7-2018-q2-update.linux64_1.4.0.202007081208/tools/bin/../lib/gcc/arm-none-eabi/7.3.1/thumb/v7e-m/fpv4-sp/hard/crti.o
 .ARM.attributes
                0x0000000000000022       0x34 /opt/st/stm32cubeide_1.4.0/plugins/com.st.stm32cube.ide.mcu.externaltools.gnu-tools-for-stm32.7-2018-q2-update.linux64_1.4.0.202007081208/tools/bin/../lib/gcc/arm-none-eabi/7.3.1/thumb/v7e-m/fpv4-sp/hard/crtbegin.o
 .ARM.attributes
                0x0000000000000056       0x39 Core/Src/main.o
 .ARM.attributes
                0x000000000000008f       0x39 Core/Src/stm32f4xx_hal_msp.o
 .ARM.attributes
                0x00000000000000c8       0x39 Core/Src/stm32f4xx_hal_timebase_tim.o
 .ARM.attributes
                0x0000000000000101       0x39 Core/Src/stm32f4xx_it.o
 .ARM.attributes
                0x000000000000013a       0x39 Core/Src/system_stm32f4xx.o
 .ARM.attributes
                0x0000000000000173       0x21 Core/Startup/startup_stm32f411retx.o
 .ARM.attributes
                0x0000000000000194       0x39 Drivers/STM32F4xx_HAL_Driver/Src/stm32f4xx_hal.o
 .ARM.attributes
                0x00000000000001cd       0x39 Drivers/STM32F4xx_HAL_Driver/Src/stm32f4xx_hal_cortex.o
 .ARM.attributes
                0x0000000000000206       0x39 Drivers/STM32F4xx_HAL_Driver/Src/stm32f4xx_hal_gpio.o
 .ARM.attributes
                0x000000000000023f       0x39 Drivers/STM32F4xx_HAL_Driver/Src/stm32f4xx_hal_rcc.o
 .ARM.attributes
                0x0000000000000278       0x39 Drivers/STM32F4xx_HAL_Driver/Src/stm32f4xx_hal_tim.o
 .ARM.attributes
                0x00000000000002b1       0x39 Drivers/STM32F4xx_HAL_Driver/Src/stm32f4xx_hal_tim_ex.o
 .ARM.attributes
                0x00000000000002ea       0x39 Drivers/STM32F4xx_HAL_Driver/Src/stm32f4xx_hal_uart.o
 .ARM.attributes
                0x0000000000000323       0x39 ThirdParty/FreeRTOS/list.o
 .ARM.attributes
                0x000000000000035c       0x39 ThirdParty/FreeRTOS/tasks.o
 .ARM.attributes
                0x0000000000000395       0x39 ThirdParty/FreeRTOS/portable/GCC/ARM_CM4F/port.o
 .ARM.attributes
                0x00000000000003ce       0x39 ThirdParty/FreeRTOS/portable/MemMang/heap_4.o
 .ARM.attributes
                0x0000000000000407       0x39 ThirdParty/SEGGER/Config/SEGGER_SYSVIEW_Config_FreeRTOS.o
 .ARM.attributes
                0x0000000000000440       0x39 ThirdParty/SEGGER/OS/SEGGER_SYSVIEW_FreeRTOS.o
 .ARM.attributes
                0x0000000000000479       0x39 ThirdParty/SEGGER/Rec/segger_uart.o
 .ARM.attributes
                0x00000000000004b2       0x39 ThirdParty/SEGGER/SEGGER/SEGGER_RTT.o
 .ARM.attributes
                0x00000000000004eb       0x25 ThirdParty/SEGGER/SEGGER/SEGGER_RTT_ASM_ARMv7M.o
 .ARM.attributes
                0x0000000000000510       0x39 ThirdParty/SEGGER/SEGGER/SEGGER_SYSVIEW.o
 .ARM.attributes
                0x0000000000000549       0x34 /opt/st/stm32cubeide_1.4.0/plugins/com.st.stm32cube.ide.mcu.externaltools.gnu-tools-for-stm32.7-2018-q2-update.linux64_1.4.0.202007081208/tools/bin/../lib/gcc/arm-none-eabi/7.3.1/../../../../arm-none-eabi/lib/thumb/v7e-m/fpv4-sp/hard/libc_nano.a(lib_a-impure.o)
 .ARM.attributes
                0x000000000000057d       0x34 /opt/st/stm32cubeide_1.4.0/plugins/com.st.stm32cube.ide.mcu.externaltools.gnu-tools-for-stm32.7-2018-q2-update.linux64_1.4.0.202007081208/tools/bin/../lib/gcc/arm-none-eabi/7.3.1/../../../../arm-none-eabi/lib/thumb/v7e-m/fpv4-sp/hard/libc_nano.a(lib_a-init.o)
 .ARM.attributes
                0x00000000000005b1       0x34 /opt/st/stm32cubeide_1.4.0/plugins/com.st.stm32cube.ide.mcu.externaltools.gnu-tools-for-stm32.7-2018-q2-update.linux64_1.4.0.202007081208/tools/bin/../lib/gcc/arm-none-eabi/7.3.1/../../../../arm-none-eabi/lib/thumb/v7e-m/fpv4-sp/hard/libc_nano.a(lib_a-memcmp.o)
 .ARM.attributes
                0x00000000000005e5       0x34 /opt/st/stm32cubeide_1.4.0/plugins/com.st.stm32cube.ide.mcu.externaltools.gnu-tools-for-stm32.7-2018-q2-update.linux64_1.4.0.202007081208/tools/bin/../lib/gcc/arm-none-eabi/7.3.1/../../../../arm-none-eabi/lib/thumb/v7e-m/fpv4-sp/hard/libc_nano.a(lib_a-memcpy-stub.o)
 .ARM.attributes
                0x0000000000000619       0x34 /opt/st/stm32cubeide_1.4.0/plugins/com.st.stm32cube.ide.mcu.externaltools.gnu-tools-for-stm32.7-2018-q2-update.linux64_1.4.0.202007081208/tools/bin/../lib/gcc/arm-none-eabi/7.3.1/../../../../arm-none-eabi/lib/thumb/v7e-m/fpv4-sp/hard/libc_nano.a(lib_a-memset.o)
 .ARM.attributes
                0x000000000000064d       0x34 /opt/st/stm32cubeide_1.4.0/plugins/com.st.stm32cube.ide.mcu.externaltools.gnu-tools-for-stm32.7-2018-q2-update.linux64_1.4.0.202007081208/tools/bin/../lib/gcc/arm-none-eabi/7.3.1/../../../../arm-none-eabi/lib/thumb/v7e-m/fpv4-sp/hard/libc_nano.a(lib_a-snprintf.o)
 .ARM.attributes
                0x0000000000000681       0x34 /opt/st/stm32cubeide_1.4.0/plugins/com.st.stm32cube.ide.mcu.externaltools.gnu-tools-for-stm32.7-2018-q2-update.linux64_1.4.0.202007081208/tools/bin/../lib/gcc/arm-none-eabi/7.3.1/../../../../arm-none-eabi/lib/thumb/v7e-m/fpv4-sp/hard/libc_nano.a(lib_a-nano-svfprintf.o)
 .ARM.attributes
                0x00000000000006b5       0x34 /opt/st/stm32cubeide_1.4.0/plugins/com.st.stm32cube.ide.mcu.externaltools.gnu-tools-for-stm32.7-2018-q2-update.linux64_1.4.0.202007081208/tools/bin/../lib/gcc/arm-none-eabi/7.3.1/../../../../arm-none-eabi/lib/thumb/v7e-m/fpv4-sp/hard/libc_nano.a(lib_a-nano-vfprintf_i.o)
 .ARM.attributes
                0x00000000000006e9       0x20 /opt/st/stm32cubeide_1.4.0/plugins/com.st.stm32cube.ide.mcu.externaltools.gnu-tools-for-stm32.7-2018-q2-update.linux64_1.4.0.202007081208/tools/bin/../lib/gcc/arm-none-eabi/7.3.1/../../../../arm-none-eabi/lib/thumb/v7e-m/fpv4-sp/hard/libc_nano.a(lib_a-memchr.o)
 .ARM.attributes
                0x0000000000000709       0x34 /opt/st/stm32cubeide_1.4.0/plugins/com.st.stm32cube.ide.mcu.externaltools.gnu-tools-for-stm32.7-2018-q2-update.linux64_1.4.0.202007081208/tools/bin/../lib/gcc/arm-none-eabi/7.3.1/../../../../arm-none-eabi/lib/thumb/v7e-m/fpv4-sp/hard/libc_nano.a(lib_a-memmove.o)
 .ARM.attributes
                0x000000000000073d       0x34 /opt/st/stm32cubeide_1.4.0/plugins/com.st.stm32cube.ide.mcu.externaltools.gnu-tools-for-stm32.7-2018-q2-update.linux64_1.4.0.202007081208/tools/bin/../lib/gcc/arm-none-eabi/7.3.1/../../../../arm-none-eabi/lib/thumb/v7e-m/fpv4-sp/hard/libc_nano.a(lib_a-nano-freer.o)
 .ARM.attributes
                0x0000000000000771       0x34 /opt/st/stm32cubeide_1.4.0/plugins/com.st.stm32cube.ide.mcu.externaltools.gnu-tools-for-stm32.7-2018-q2-update.linux64_1.4.0.202007081208/tools/bin/../lib/gcc/arm-none-eabi/7.3.1/../../../../arm-none-eabi/lib/thumb/v7e-m/fpv4-sp/hard/libc_nano.a(lib_a-nano-mallocr.o)
 .ARM.attributes
                0x00000000000007a5       0x34 /opt/st/stm32cubeide_1.4.0/plugins/com.st.stm32cube.ide.mcu.externaltools.gnu-tools-for-stm32.7-2018-q2-update.linux64_1.4.0.202007081208/tools/bin/../lib/gcc/arm-none-eabi/7.3.1/../../../../arm-none-eabi/lib/thumb/v7e-m/fpv4-sp/hard/libc_nano.a(lib_a-nano-reallocr.o)
 .ARM.attributes
                0x00000000000007d9       0x34 /opt/st/stm32cubeide_1.4.0/plugins/com.st.stm32cube.ide.mcu.externaltools.gnu-tools-for-stm32.7-2018-q2-update.linux64_1.4.0.202007081208/tools/bin/../lib/gcc/arm-none-eabi/7.3.1/../../../../arm-none-eabi/lib/thumb/v7e-m/fpv4-sp/hard/libc_nano.a(lib_a-sbrkr.o)
 .ARM.attributes
                0x000000000000080d       0x34 /opt/st/stm32cubeide_1.4.0/plugins/com.st.stm32cube.ide.mcu.externaltools.gnu-tools-for-stm32.7-2018-q2-update.linux64_1.4.0.202007081208/tools/bin/../lib/gcc/arm-none-eabi/7.3.1/../../../../arm-none-eabi/lib/thumb/v7e-m/fpv4-sp/hard/libc_nano.a(lib_a-mlock.o)
 .ARM.attributes
                0x0000000000000841       0x34 /opt/st/stm32cubeide_1.4.0/plugins/com.st.stm32cube.ide.mcu.externaltools.gnu-tools-for-stm32.7-2018-q2-update.linux64_1.4.0.202007081208/tools/bin/../lib/gcc/arm-none-eabi/7.3.1/../../../../arm-none-eabi/lib/thumb/v7e-m/fpv4-sp/hard/libc_nano.a(lib_a-nano-msizer.o)
 .ARM.attributes
                0x0000000000000875       0x34 /opt/st/stm32cubeide_1.4.0/plugins/com.st.stm32cube.ide.mcu.externaltools.gnu-tools-for-stm32.7-2018-q2-update.linux64_1.4.0.202007081208/tools/bin/../lib/gcc/arm-none-eabi/7.3.1/../../../../arm-none-eabi/lib/thumb/v7e-m/fpv4-sp/hard/libc_nano.a(lib_a-reent.o)
 .ARM.attributes
                0x00000000000008a9       0x22 /opt/st/stm32cubeide_1.4.0/plugins/com.st.stm32cube.ide.mcu.externaltools.gnu-tools-for-stm32.7-2018-q2-update.linux64_1.4.0.202007081208/tools/bin/../lib/gcc/arm-none-eabi/7.3.1/thumb/v7e-m/fpv4-sp/hard/libgcc.a(_aeabi_uldivmod.o)
 .ARM.attributes
                0x00000000000008cb       0x34 /opt/st/stm32cubeide_1.4.0/plugins/com.st.stm32cube.ide.mcu.externaltools.gnu-tools-for-stm32.7-2018-q2-update.linux64_1.4.0.202007081208/tools/bin/../lib/gcc/arm-none-eabi/7.3.1/thumb/v7e-m/fpv4-sp/hard/libgcc.a(_udivmoddi4.o)
 .ARM.attributes
                0x00000000000008ff       0x22 /opt/st/stm32cubeide_1.4.0/plugins/com.st.stm32cube.ide.mcu.externaltools.gnu-tools-for-stm32.7-2018-q2-update.linux64_1.4.0.202007081208/tools/bin/../lib/gcc/arm-none-eabi/7.3.1/thumb/v7e-m/fpv4-sp/hard/libgcc.a(_dvmd_tls.o)
 .ARM.attributes
                0x0000000000000921       0x34 /opt/st/stm32cubeide_1.4.0/plugins/com.st.stm32cube.ide.mcu.externaltools.gnu-tools-for-stm32.7-2018-q2-update.linux64_1.4.0.202007081208/tools/bin/../lib/gcc/arm-none-eabi/7.3.1/../../../../arm-none-eabi/lib/thumb/v7e-m/fpv4-sp/hard/libnosys.a(sbrk.o)
 .ARM.attributes
                0x0000000000000955       0x22 /opt/st/stm32cubeide_1.4.0/plugins/com.st.stm32cube.ide.mcu.externaltools.gnu-tools-for-stm32.7-2018-q2-update.linux64_1.4.0.202007081208/tools/bin/../lib/gcc/arm-none-eabi/7.3.1/thumb/v7e-m/fpv4-sp/hard/crtn.o
OUTPUT(001Tasks.elf elf32-littlearm)

.debug_info     0x0000000000000000    0x166e8
 .debug_info    0x0000000000000000     0x174e Core/Src/main.o
 .debug_info    0x000000000000174e      0x980 Core/Src/stm32f4xx_hal_msp.o
 .debug_info    0x00000000000020ce      0xabf Core/Src/stm32f4xx_hal_timebase_tim.o
 .debug_info    0x0000000000002b8d      0x6b0 Core/Src/stm32f4xx_it.o
 .debug_info    0x000000000000323d      0x57e Core/Src/system_stm32f4xx.o
 .debug_info    0x00000000000037bb       0x22 Core/Startup/startup_stm32f411retx.o
 .debug_info    0x00000000000037dd      0x8d5 Drivers/STM32F4xx_HAL_Driver/Src/stm32f4xx_hal.o
 .debug_info    0x00000000000040b2      0xd98 Drivers/STM32F4xx_HAL_Driver/Src/stm32f4xx_hal_cortex.o
 .debug_info    0x0000000000004e4a      0x7d7 Drivers/STM32F4xx_HAL_Driver/Src/stm32f4xx_hal_gpio.o
 .debug_info    0x0000000000005621      0x92a Drivers/STM32F4xx_HAL_Driver/Src/stm32f4xx_hal_rcc.o
 .debug_info    0x0000000000005f4b     0x24a1 Drivers/STM32F4xx_HAL_Driver/Src/stm32f4xx_hal_tim.o
 .debug_info    0x00000000000083ec     0x114f Drivers/STM32F4xx_HAL_Driver/Src/stm32f4xx_hal_tim_ex.o
 .debug_info    0x000000000000953b     0x1244 Drivers/STM32F4xx_HAL_Driver/Src/stm32f4xx_hal_uart.o
 .debug_info    0x000000000000a77f      0xae1 ThirdParty/FreeRTOS/list.o
 .debug_info    0x000000000000b260     0x2975 ThirdParty/FreeRTOS/tasks.o
 .debug_info    0x000000000000dbd5      0x608 ThirdParty/FreeRTOS/portable/GCC/ARM_CM4F/port.o
 .debug_info    0x000000000000e1dd      0xd03 ThirdParty/FreeRTOS/portable/MemMang/heap_4.o
 .debug_info    0x000000000000eee0      0x125 ThirdParty/SEGGER/Config/SEGGER_SYSVIEW_Config_FreeRTOS.o
 .debug_info    0x000000000000f005      0xb92 ThirdParty/SEGGER/OS/SEGGER_SYSVIEW_FreeRTOS.o
 .debug_info    0x000000000000fb97     0x1210 ThirdParty/SEGGER/Rec/segger_uart.o
 .debug_info    0x0000000000010da7     0x1c63 ThirdParty/SEGGER/SEGGER/SEGGER_RTT.o
 .debug_info    0x0000000000012a0a       0x26 ThirdParty/SEGGER/SEGGER/SEGGER_RTT_ASM_ARMv7M.o
 .debug_info    0x0000000000012a30     0x3cb8 ThirdParty/SEGGER/SEGGER/SEGGER_SYSVIEW.o

.debug_abbrev   0x0000000000000000     0x2d8e
 .debug_abbrev  0x0000000000000000      0x316 Core/Src/main.o
 .debug_abbrev  0x0000000000000316      0x18c Core/Src/stm32f4xx_hal_msp.o
 .debug_abbrev  0x00000000000004a2      0x1ac Core/Src/stm32f4xx_hal_timebase_tim.o
 .debug_abbrev  0x000000000000064e      0x169 Core/Src/stm32f4xx_it.o
 .debug_abbrev  0x00000000000007b7      0x12b Core/Src/system_stm32f4xx.o
 .debug_abbrev  0x00000000000008e2       0x12 Core/Startup/startup_stm32f411retx.o
 .debug_abbrev  0x00000000000008f4      0x1f2 Drivers/STM32F4xx_HAL_Driver/Src/stm32f4xx_hal.o
 .debug_abbrev  0x0000000000000ae6      0x2fa Drivers/STM32F4xx_HAL_Driver/Src/stm32f4xx_hal_cortex.o
 .debug_abbrev  0x0000000000000de0      0x1c9 Drivers/STM32F4xx_HAL_Driver/Src/stm32f4xx_hal_gpio.o
 .debug_abbrev  0x0000000000000fa9      0x245 Drivers/STM32F4xx_HAL_Driver/Src/stm32f4xx_hal_rcc.o
 .debug_abbrev  0x00000000000011ee      0x23f Drivers/STM32F4xx_HAL_Driver/Src/stm32f4xx_hal_tim.o
 .debug_abbrev  0x000000000000142d      0x22d Drivers/STM32F4xx_HAL_Driver/Src/stm32f4xx_hal_tim_ex.o
 .debug_abbrev  0x000000000000165a      0x251 Drivers/STM32F4xx_HAL_Driver/Src/stm32f4xx_hal_uart.o
 .debug_abbrev  0x00000000000018ab      0x1cf ThirdParty/FreeRTOS/list.o
 .debug_abbrev  0x0000000000001a7a      0x35d ThirdParty/FreeRTOS/tasks.o
 .debug_abbrev  0x0000000000001dd7      0x210 ThirdParty/FreeRTOS/portable/GCC/ARM_CM4F/port.o
 .debug_abbrev  0x0000000000001fe7      0x29e ThirdParty/FreeRTOS/portable/MemMang/heap_4.o
 .debug_abbrev  0x0000000000002285       0xb5 ThirdParty/SEGGER/Config/SEGGER_SYSVIEW_Config_FreeRTOS.o
 .debug_abbrev  0x000000000000233a      0x1ed ThirdParty/SEGGER/OS/SEGGER_SYSVIEW_FreeRTOS.o
 .debug_abbrev  0x0000000000002527      0x2a2 ThirdParty/SEGGER/Rec/segger_uart.o
 .debug_abbrev  0x00000000000027c9      0x291 ThirdParty/SEGGER/SEGGER/SEGGER_RTT.o
 .debug_abbrev  0x0000000000002a5a       0x14 ThirdParty/SEGGER/SEGGER/SEGGER_RTT_ASM_ARMv7M.o
 .debug_abbrev  0x0000000000002a6e      0x320 ThirdParty/SEGGER/SEGGER/SEGGER_SYSVIEW.o

.debug_aranges  0x0000000000000000     0x12d0
 .debug_aranges
                0x0000000000000000       0x58 Core/Src/main.o
 .debug_aranges
                0x0000000000000058       0x30 Core/Src/stm32f4xx_hal_msp.o
 .debug_aranges
                0x0000000000000088       0x30 Core/Src/stm32f4xx_hal_timebase_tim.o
 .debug_aranges
                0x00000000000000b8       0x50 Core/Src/stm32f4xx_it.o
 .debug_aranges
                0x0000000000000108       0x28 Core/Src/system_stm32f4xx.o
 .debug_aranges
                0x0000000000000130       0x28 Core/Startup/startup_stm32f411retx.o
 .debug_aranges
                0x0000000000000158       0xf0 Drivers/STM32F4xx_HAL_Driver/Src/stm32f4xx_hal.o
 .debug_aranges
                0x0000000000000248      0x118 Drivers/STM32F4xx_HAL_Driver/Src/stm32f4xx_hal_cortex.o
 .debug_aranges
                0x0000000000000360       0x58 Drivers/STM32F4xx_HAL_Driver/Src/stm32f4xx_hal_gpio.o
 .debug_aranges
                0x00000000000003b8       0x88 Drivers/STM32F4xx_HAL_Driver/Src/stm32f4xx_hal_rcc.o
 .debug_aranges
                0x0000000000000440      0x3a8 Drivers/STM32F4xx_HAL_Driver/Src/stm32f4xx_hal_tim.o
 .debug_aranges
                0x00000000000007e8      0x150 Drivers/STM32F4xx_HAL_Driver/Src/stm32f4xx_hal_tim_ex.o
 .debug_aranges
                0x0000000000000938      0x1d0 Drivers/STM32F4xx_HAL_Driver/Src/stm32f4xx_hal_uart.o
 .debug_aranges
                0x0000000000000b08       0x40 ThirdParty/FreeRTOS/list.o
 .debug_aranges
                0x0000000000000b48      0x1f8 ThirdParty/FreeRTOS/tasks.o
 .debug_aranges
                0x0000000000000d40       0x88 ThirdParty/FreeRTOS/portable/GCC/ARM_CM4F/port.o
 .debug_aranges
                0x0000000000000dc8       0x58 ThirdParty/FreeRTOS/portable/MemMang/heap_4.o
 .debug_aranges
                0x0000000000000e20       0x28 ThirdParty/SEGGER/Config/SEGGER_SYSVIEW_Config_FreeRTOS.o
 .debug_aranges
                0x0000000000000e48       0x48 ThirdParty/SEGGER/OS/SEGGER_SYSVIEW_FreeRTOS.o
 .debug_aranges
                0x0000000000000e90       0x68 ThirdParty/SEGGER/Rec/segger_uart.o
 .debug_aranges
                0x0000000000000ef8      0x138 ThirdParty/SEGGER/SEGGER/SEGGER_RTT.o
 .debug_aranges
                0x0000000000001030       0x20 ThirdParty/SEGGER/SEGGER/SEGGER_RTT_ASM_ARMv7M.o
 .debug_aranges
                0x0000000000001050      0x280 ThirdParty/SEGGER/SEGGER/SEGGER_SYSVIEW.o

.debug_ranges   0x0000000000000000     0x1158
 .debug_ranges  0x0000000000000000       0x48 Core/Src/main.o
 .debug_ranges  0x0000000000000048       0x20 Core/Src/stm32f4xx_hal_msp.o
 .debug_ranges  0x0000000000000068       0x20 Core/Src/stm32f4xx_hal_timebase_tim.o
 .debug_ranges  0x0000000000000088       0x40 Core/Src/stm32f4xx_it.o
 .debug_ranges  0x00000000000000c8       0x18 Core/Src/system_stm32f4xx.o
 .debug_ranges  0x00000000000000e0       0x20 Core/Startup/startup_stm32f411retx.o
 .debug_ranges  0x0000000000000100       0xe0 Drivers/STM32F4xx_HAL_Driver/Src/stm32f4xx_hal.o
 .debug_ranges  0x00000000000001e0      0x108 Drivers/STM32F4xx_HAL_Driver/Src/stm32f4xx_hal_cortex.o
 .debug_ranges  0x00000000000002e8       0x48 Drivers/STM32F4xx_HAL_Driver/Src/stm32f4xx_hal_gpio.o
 .debug_ranges  0x0000000000000330       0x78 Drivers/STM32F4xx_HAL_Driver/Src/stm32f4xx_hal_rcc.o
 .debug_ranges  0x00000000000003a8      0x398 Drivers/STM32F4xx_HAL_Driver/Src/stm32f4xx_hal_tim.o
 .debug_ranges  0x0000000000000740      0x140 Drivers/STM32F4xx_HAL_Driver/Src/stm32f4xx_hal_tim_ex.o
 .debug_ranges  0x0000000000000880      0x1c0 Drivers/STM32F4xx_HAL_Driver/Src/stm32f4xx_hal_uart.o
 .debug_ranges  0x0000000000000a40       0x30 ThirdParty/FreeRTOS/list.o
 .debug_ranges  0x0000000000000a70      0x1e8 ThirdParty/FreeRTOS/tasks.o
 .debug_ranges  0x0000000000000c58       0x78 ThirdParty/FreeRTOS/portable/GCC/ARM_CM4F/port.o
 .debug_ranges  0x0000000000000cd0       0x48 ThirdParty/FreeRTOS/portable/MemMang/heap_4.o
 .debug_ranges  0x0000000000000d18       0x18 ThirdParty/SEGGER/Config/SEGGER_SYSVIEW_Config_FreeRTOS.o
 .debug_ranges  0x0000000000000d30       0x38 ThirdParty/SEGGER/OS/SEGGER_SYSVIEW_FreeRTOS.o
 .debug_ranges  0x0000000000000d68       0x58 ThirdParty/SEGGER/Rec/segger_uart.o
 .debug_ranges  0x0000000000000dc0      0x128 ThirdParty/SEGGER/SEGGER/SEGGER_RTT.o
 .debug_ranges  0x0000000000000ee8      0x270 ThirdParty/SEGGER/SEGGER/SEGGER_SYSVIEW.o

.debug_macro    0x0000000000000000    0x18f37
 .debug_macro   0x0000000000000000      0x402 Core/Src/main.o
 .debug_macro   0x0000000000000402      0xa5a Core/Src/main.o
 .debug_macro   0x0000000000000e5c      0x294 Core/Src/main.o
 .debug_macro   0x00000000000010f0       0x2e Core/Src/main.o
 .debug_macro   0x000000000000111e       0x28 Core/Src/main.o
 .debug_macro   0x0000000000001146       0x22 Core/Src/main.o
 .debug_macro   0x0000000000001168       0x8e Core/Src/main.o
 .debug_macro   0x00000000000011f6       0x51 Core/Src/main.o
 .debug_macro   0x0000000000001247       0xef Core/Src/main.o
 .debug_macro   0x0000000000001336       0x6a Core/Src/main.o
 .debug_macro   0x00000000000013a0      0x1df Core/Src/main.o
 .debug_macro   0x000000000000157f       0x1c Core/Src/main.o
 .debug_macro   0x000000000000159b       0x22 Core/Src/main.o
 .debug_macro   0x00000000000015bd       0xdf Core/Src/main.o
 .debug_macro   0x000000000000169c     0x102d Core/Src/main.o
 .debug_macro   0x00000000000026c9      0x11f Core/Src/main.o
 .debug_macro   0x00000000000027e8     0xb937 Core/Src/main.o
 .debug_macro   0x000000000000e11f       0x43 Core/Src/main.o
 .debug_macro   0x000000000000e162     0x3659 Core/Src/main.o
 .debug_macro   0x00000000000117bb      0x174 Core/Src/main.o
 .debug_macro   0x000000000001192f       0x5a Core/Src/main.o
 .debug_macro   0x0000000000011989      0x447 Core/Src/main.o
 .debug_macro   0x0000000000011dd0      0x9fe Core/Src/main.o
 .debug_macro   0x00000000000127ce      0x117 Core/Src/main.o
 .debug_macro   0x00000000000128e5      0x11b Core/Src/main.o
 .debug_macro   0x0000000000012a00       0x27 Core/Src/main.o
 .debug_macro   0x0000000000012a27      0x15f Core/Src/main.o
 .debug_macro   0x0000000000012b86      0x287 Core/Src/main.o
 .debug_macro   0x0000000000012e0d       0x5f Core/Src/main.o
 .debug_macro   0x0000000000012e6c      0x236 Core/Src/main.o
 .debug_macro   0x00000000000130a2      0x132 Core/Src/main.o
 .debug_macro   0x00000000000131d4      0x264 Core/Src/main.o
 .debug_macro   0x0000000000013438       0x2e Core/Src/main.o
 .debug_macro   0x0000000000013466      0x11a Core/Src/main.o
 .debug_macro   0x0000000000013580       0x85 Core/Src/main.o
 .debug_macro   0x0000000000013605       0x89 Core/Src/main.o
 .debug_macro   0x000000000001368e      0x8a0 Core/Src/main.o
 .debug_macro   0x0000000000013f2e       0x47 Core/Src/main.o
 .debug_macro   0x0000000000013f75      0x287 Core/Src/main.o
 .debug_macro   0x00000000000141fc      0x126 Core/Src/main.o
 .debug_macro   0x0000000000014322       0x4c Core/Src/main.o
 .debug_macro   0x000000000001436e       0x46 Core/Src/main.o
 .debug_macro   0x00000000000143b4       0x18 Core/Src/main.o
 .debug_macro   0x00000000000143cc       0x3c Core/Src/main.o
 .debug_macro   0x0000000000014408       0x34 Core/Src/main.o
 .debug_macro   0x000000000001443c       0x16 Core/Src/main.o
 .debug_macro   0x0000000000014452       0x35 Core/Src/main.o
 .debug_macro   0x0000000000014487      0x32a Core/Src/main.o
 .debug_macro   0x00000000000147b1       0x10 Core/Src/main.o
 .debug_macro   0x00000000000147c1       0x52 Core/Src/main.o
 .debug_macro   0x0000000000014813       0x1f Core/Src/main.o
 .debug_macro   0x0000000000014832       0x43 Core/Src/main.o
 .debug_macro   0x0000000000014875       0x20 Core/Src/main.o
 .debug_macro   0x0000000000014895      0x1a3 Core/Src/main.o
 .debug_macro   0x0000000000014a38       0x10 Core/Src/main.o
 .debug_macro   0x0000000000014a48       0x1c Core/Src/main.o
 .debug_macro   0x0000000000014a64       0x52 Core/Src/main.o
 .debug_macro   0x0000000000014ab6       0x40 Core/Src/main.o
 .debug_macro   0x0000000000014af6       0x10 Core/Src/main.o
 .debug_macro   0x0000000000014b06       0x40 Core/Src/main.o
 .debug_macro   0x0000000000014b46       0xd7 Core/Src/main.o
 .debug_macro   0x0000000000014c1d       0x1c Core/Src/main.o
 .debug_macro   0x0000000000014c39       0x3d Core/Src/main.o
 .debug_macro   0x0000000000014c76       0x16 Core/Src/main.o
 .debug_macro   0x0000000000014c8c      0x145 Core/Src/main.o
 .debug_macro   0x0000000000014dd1      0x112 Core/Src/main.o
 .debug_macro   0x0000000000014ee3       0x4c Core/Src/main.o
 .debug_macro   0x0000000000014f2f       0x46 Core/Src/main.o
 .debug_macro   0x0000000000014f75       0x64 Core/Src/main.o
 .debug_macro   0x0000000000014fd9       0x16 Core/Src/main.o
 .debug_macro   0x0000000000014fef       0x49 Core/Src/main.o
 .debug_macro   0x0000000000015038       0xca Core/Src/main.o
 .debug_macro   0x0000000000015102      0x204 Core/Src/main.o
 .debug_macro   0x0000000000015306      0x458 Core/Src/main.o
 .debug_macro   0x000000000001575e      0x15a Core/Src/main.o
 .debug_macro   0x00000000000158b8       0xea Core/Src/main.o
 .debug_macro   0x00000000000159a2       0x1c Core/Src/main.o
 .debug_macro   0x00000000000159be       0x26 Core/Src/main.o
 .debug_macro   0x00000000000159e4      0x3c9 Core/Src/main.o
 .debug_macro   0x0000000000015dad       0xb5 Core/Src/main.o
 .debug_macro   0x0000000000015e62      0x120 Core/Src/main.o
 .debug_macro   0x0000000000015f82      0x28e Core/Src/stm32f4xx_hal_msp.o
 .debug_macro   0x0000000000016210       0x58 Core/Src/stm32f4xx_hal_msp.o
 .debug_macro   0x0000000000016268      0x1ce Core/Src/stm32f4xx_hal_timebase_tim.o
 .debug_macro   0x0000000000016436      0x1e7 Core/Src/stm32f4xx_it.o
 .debug_macro   0x000000000001661d      0x1d4 Core/Src/system_stm32f4xx.o
 .debug_macro   0x00000000000167f1      0x22e Drivers/STM32F4xx_HAL_Driver/Src/stm32f4xx_hal.o
 .debug_macro   0x0000000000016a1f      0x1ce Drivers/STM32F4xx_HAL_Driver/Src/stm32f4xx_hal_cortex.o
 .debug_macro   0x0000000000016bed      0x204 Drivers/STM32F4xx_HAL_Driver/Src/stm32f4xx_hal_gpio.o
 .debug_macro   0x0000000000016df1      0x1f2 Drivers/STM32F4xx_HAL_Driver/Src/stm32f4xx_hal_rcc.o
 .debug_macro   0x0000000000016fe3      0x1cf Drivers/STM32F4xx_HAL_Driver/Src/stm32f4xx_hal_tim.o
 .debug_macro   0x00000000000171b2      0x1ce Drivers/STM32F4xx_HAL_Driver/Src/stm32f4xx_hal_tim_ex.o
 .debug_macro   0x0000000000017380      0x1cf Drivers/STM32F4xx_HAL_Driver/Src/stm32f4xx_hal_uart.o
 .debug_macro   0x000000000001754f      0x1e7 ThirdParty/FreeRTOS/list.o
 .debug_macro   0x0000000000017736      0x2d4 ThirdParty/FreeRTOS/tasks.o
 .debug_macro   0x0000000000017a0a       0x10 ThirdParty/FreeRTOS/tasks.o
 .debug_macro   0x0000000000017a1a      0x1f7 ThirdParty/FreeRTOS/portable/GCC/ARM_CM4F/port.o
 .debug_macro   0x0000000000017c11      0x202 ThirdParty/FreeRTOS/portable/MemMang/heap_4.o
 .debug_macro   0x0000000000017e13      0x137 ThirdParty/SEGGER/Config/SEGGER_SYSVIEW_Config_FreeRTOS.o
 .debug_macro   0x0000000000017f4a      0x1f6 ThirdParty/SEGGER/OS/SEGGER_SYSVIEW_FreeRTOS.o
 .debug_macro   0x0000000000018140      0x423 ThirdParty/SEGGER/Rec/segger_uart.o
 .debug_macro   0x0000000000018563       0x35 ThirdParty/SEGGER/Rec/segger_uart.o
 .debug_macro   0x0000000000018598      0x138 ThirdParty/SEGGER/Rec/segger_uart.o
 .debug_macro   0x00000000000186d0       0xd9 ThirdParty/SEGGER/Rec/segger_uart.o
 .debug_macro   0x00000000000187a9       0x54 ThirdParty/SEGGER/Rec/segger_uart.o
 .debug_macro   0x00000000000187fd      0x1b0 ThirdParty/SEGGER/SEGGER/SEGGER_RTT.o
 .debug_macro   0x00000000000189ad      0x21d ThirdParty/SEGGER/SEGGER/SEGGER_SYSVIEW.o
 .debug_macro   0x0000000000018bca      0x204 ThirdParty/SEGGER/SEGGER/SEGGER_SYSVIEW.o
 .debug_macro   0x0000000000018dce      0x169 ThirdParty/SEGGER/SEGGER/SEGGER_SYSVIEW.o

.debug_line     0x0000000000000000     0xef1f
 .debug_line    0x0000000000000000      0xc45 Core/Src/main.o
 .debug_line    0x0000000000000c45      0x9a7 Core/Src/stm32f4xx_hal_msp.o
 .debug_line    0x00000000000015ec      0x6d1 Core/Src/stm32f4xx_hal_timebase_tim.o
 .debug_line    0x0000000000001cbd      0x71f Core/Src/stm32f4xx_it.o
 .debug_line    0x00000000000023dc      0x6b8 Core/Src/system_stm32f4xx.o
 .debug_line    0x0000000000002a94       0x85 Core/Startup/startup_stm32f411retx.o
 .debug_line    0x0000000000002b19      0x8a2 Drivers/STM32F4xx_HAL_Driver/Src/stm32f4xx_hal.o
 .debug_line    0x00000000000033bb      0x9c6 Drivers/STM32F4xx_HAL_Driver/Src/stm32f4xx_hal_cortex.o
 .debug_line    0x0000000000003d81      0x845 Drivers/STM32F4xx_HAL_Driver/Src/stm32f4xx_hal_gpio.o
 .debug_line    0x00000000000045c6      0x8fa Drivers/STM32F4xx_HAL_Driver/Src/stm32f4xx_hal_rcc.o
 .debug_line    0x0000000000004ec0     0x175f Drivers/STM32F4xx_HAL_Driver/Src/stm32f4xx_hal_tim.o
 .debug_line    0x000000000000661f      0xcad Drivers/STM32F4xx_HAL_Driver/Src/stm32f4xx_hal_tim_ex.o
 .debug_line    0x00000000000072cc      0xfb0 Drivers/STM32F4xx_HAL_Driver/Src/stm32f4xx_hal_uart.o
 .debug_line    0x000000000000827c      0x80b ThirdParty/FreeRTOS/list.o
 .debug_line    0x0000000000008a87     0x1592 ThirdParty/FreeRTOS/tasks.o
 .debug_line    0x000000000000a019      0x8ef ThirdParty/FreeRTOS/portable/GCC/ARM_CM4F/port.o
 .debug_line    0x000000000000a908      0x930 ThirdParty/FreeRTOS/portable/MemMang/heap_4.o
 .debug_line    0x000000000000b238      0x684 ThirdParty/SEGGER/Config/SEGGER_SYSVIEW_Config_FreeRTOS.o
 .debug_line    0x000000000000b8bc      0x8a6 ThirdParty/SEGGER/OS/SEGGER_SYSVIEW_FreeRTOS.o
 .debug_line    0x000000000000c162      0xa63 ThirdParty/SEGGER/Rec/segger_uart.o
 .debug_line    0x000000000000cbc5      0x9d6 ThirdParty/SEGGER/SEGGER/SEGGER_RTT.o
 .debug_line    0x000000000000d59b       0xa0 ThirdParty/SEGGER/SEGGER/SEGGER_RTT_ASM_ARMv7M.o
 .debug_line    0x000000000000d63b     0x18e4 ThirdParty/SEGGER/SEGGER/SEGGER_SYSVIEW.o

.debug_str      0x0000000000000000    0x9a89f
 .debug_str     0x0000000000000000    0x92907 Core/Src/main.o
                                      0x92ce8 (size before relaxing)
 .debug_str     0x0000000000092907       0x56 Core/Src/stm32f4xx_hal_msp.o
                                      0x8ce3f (size before relaxing)
 .debug_str     0x000000000009295d      0x42a Core/Src/stm32f4xx_hal_timebase_tim.o
                                      0x85f78 (size before relaxing)
 .debug_str     0x0000000000092d87       0xa2 Core/Src/stm32f4xx_it.o
                                      0x85b4e (size before relaxing)
 .debug_str     0x0000000000092e29       0xc4 Core/Src/system_stm32f4xx.o
                                      0x8575a (size before relaxing)
 .debug_str     0x0000000000092eed       0x36 Core/Startup/startup_stm32f411retx.o
                                         0x6b (size before relaxing)
 .debug_str     0x0000000000092f23      0x542 Drivers/STM32F4xx_HAL_Driver/Src/stm32f4xx_hal.o
                                      0x860cf (size before relaxing)
 .debug_str     0x0000000000093465      0x392 Drivers/STM32F4xx_HAL_Driver/Src/stm32f4xx_hal_cortex.o
                                      0x85eac (size before relaxing)
 .debug_str     0x00000000000937f7      0x20c Drivers/STM32F4xx_HAL_Driver/Src/stm32f4xx_hal_gpio.o
                                      0x85999 (size before relaxing)
 .debug_str     0x0000000000093a03      0x24f Drivers/STM32F4xx_HAL_Driver/Src/stm32f4xx_hal_rcc.o
                                      0x85b47 (size before relaxing)
 .debug_str     0x0000000000093c52      0xd6f Drivers/STM32F4xx_HAL_Driver/Src/stm32f4xx_hal_tim.o
                                      0x86854 (size before relaxing)
 .debug_str     0x00000000000949c1      0x4ec Drivers/STM32F4xx_HAL_Driver/Src/stm32f4xx_hal_tim_ex.o
                                      0x86054 (size before relaxing)
 .debug_str     0x0000000000094ead      0x516 Drivers/STM32F4xx_HAL_Driver/Src/stm32f4xx_hal_uart.o
                                      0x85f94 (size before relaxing)
 .debug_str     0x00000000000953c3      0x28e ThirdParty/FreeRTOS/list.o
                                       0xea40 (size before relaxing)
 .debug_str     0x0000000000095651     0x1de6 ThirdParty/FreeRTOS/tasks.o
                                      0x11af5 (size before relaxing)
 .debug_str     0x0000000000097437      0x7fb ThirdParty/FreeRTOS/portable/GCC/ARM_CM4F/port.o
                                       0xd39c (size before relaxing)
 .debug_str     0x0000000000097c32      0x330 ThirdParty/FreeRTOS/portable/MemMang/heap_4.o
                                       0xfeba (size before relaxing)
 .debug_str     0x0000000000097f62      0x16e ThirdParty/SEGGER/Config/SEGGER_SYSVIEW_Config_FreeRTOS.o
                                       0xb247 (size before relaxing)
 .debug_str     0x00000000000980d0       0xf5 ThirdParty/SEGGER/OS/SEGGER_SYSVIEW_FreeRTOS.o
                                       0xfc15 (size before relaxing)
 .debug_str     0x00000000000981c5     0x1045 ThirdParty/SEGGER/Rec/segger_uart.o
                                      0x8b503 (size before relaxing)
 .debug_str     0x000000000009920a      0x6e4 ThirdParty/SEGGER/SEGGER/SEGGER_RTT.o
                                       0x78ff (size before relaxing)
 .debug_str     0x00000000000998ee       0x34 ThirdParty/SEGGER/SEGGER/SEGGER_RTT_ASM_ARMv7M.o
                                         0x77 (size before relaxing)
 .debug_str     0x0000000000099922      0xf7d ThirdParty/SEGGER/SEGGER/SEGGER_SYSVIEW.o
                                       0x993a (size before relaxing)

.comment        0x0000000000000000       0x7b
 .comment       0x0000000000000000       0x7b Core/Src/main.o
                                         0x7c (size before relaxing)
 .comment       0x000000000000007b       0x7c Core/Src/stm32f4xx_hal_msp.o
 .comment       0x000000000000007b       0x7c Core/Src/stm32f4xx_hal_timebase_tim.o
 .comment       0x000000000000007b       0x7c Core/Src/stm32f4xx_it.o
 .comment       0x000000000000007b       0x7c Core/Src/system_stm32f4xx.o
 .comment       0x000000000000007b       0x7c Drivers/STM32F4xx_HAL_Driver/Src/stm32f4xx_hal.o